Component: Arm Compiler for Embedded 6.24 Tool: armlink [5f371500]

==============================================================================

Section Cross References

    stm32f4xx_nucleo_144.o(.ARM.exidx.text.BSP_GetVersion) refers to stm32f4xx_nucleo_144.o(.text.BSP_GetVersion) for [Anonymous Symbol]
    stm32f4xx_nucleo_144.o(.text.BSP_LED_Init) refers to stm32f4xx_nucleo_144.o(.rodata.GPIO_PIN) for GPIO_PIN
    stm32f4xx_nucleo_144.o(.text.BSP_LED_Init) refers to stm32f4xx_nucleo_144.o(.data.GPIO_PORT) for GPIO_PORT
    stm32f4xx_nucleo_144.o(.text.BSP_LED_Init) refers to stm32f4xx_hal_gpio.o(.text.HAL_GPIO_Init) for HAL_GPIO_Init
    stm32f4xx_nucleo_144.o(.text.BSP_LED_Init) refers to stm32f4xx_hal_gpio.o(.text.HAL_GPIO_WritePin) for HAL_GPIO_WritePin
    stm32f4xx_nucleo_144.o(.ARM.exidx.text.BSP_LED_Init) refers to stm32f4xx_nucleo_144.o(.text.BSP_LED_Init) for [Anonymous Symbol]
    stm32f4xx_nucleo_144.o(.text.BSP_LED_DeInit) refers to stm32f4xx_nucleo_144.o(.data.GPIO_PORT) for GPIO_PORT
    stm32f4xx_nucleo_144.o(.text.BSP_LED_DeInit) refers to stm32f4xx_nucleo_144.o(.rodata.GPIO_PIN) for GPIO_PIN
    stm32f4xx_nucleo_144.o(.text.BSP_LED_DeInit) refers to stm32f4xx_hal_gpio.o(.text.HAL_GPIO_WritePin) for HAL_GPIO_WritePin
    stm32f4xx_nucleo_144.o(.text.BSP_LED_DeInit) refers to stm32f4xx_hal_gpio.o(.text.HAL_GPIO_DeInit) for HAL_GPIO_DeInit
    stm32f4xx_nucleo_144.o(.ARM.exidx.text.BSP_LED_DeInit) refers to stm32f4xx_nucleo_144.o(.text.BSP_LED_DeInit) for [Anonymous Symbol]
    stm32f4xx_nucleo_144.o(.text.BSP_LED_On) refers to stm32f4xx_nucleo_144.o(.data.GPIO_PORT) for GPIO_PORT
    stm32f4xx_nucleo_144.o(.text.BSP_LED_On) refers to stm32f4xx_nucleo_144.o(.rodata.GPIO_PIN) for GPIO_PIN
    stm32f4xx_nucleo_144.o(.text.BSP_LED_On) refers to stm32f4xx_hal_gpio.o(.text.HAL_GPIO_WritePin) for HAL_GPIO_WritePin
    stm32f4xx_nucleo_144.o(.ARM.exidx.text.BSP_LED_On) refers to stm32f4xx_nucleo_144.o(.text.BSP_LED_On) for [Anonymous Symbol]
    stm32f4xx_nucleo_144.o(.text.BSP_LED_Off) refers to stm32f4xx_nucleo_144.o(.data.GPIO_PORT) for GPIO_PORT
    stm32f4xx_nucleo_144.o(.text.BSP_LED_Off) refers to stm32f4xx_nucleo_144.o(.rodata.GPIO_PIN) for GPIO_PIN
    stm32f4xx_nucleo_144.o(.text.BSP_LED_Off) refers to stm32f4xx_hal_gpio.o(.text.HAL_GPIO_WritePin) for HAL_GPIO_WritePin
    stm32f4xx_nucleo_144.o(.ARM.exidx.text.BSP_LED_Off) refers to stm32f4xx_nucleo_144.o(.text.BSP_LED_Off) for [Anonymous Symbol]
    stm32f4xx_nucleo_144.o(.text.BSP_LED_Toggle) refers to stm32f4xx_nucleo_144.o(.data.GPIO_PORT) for GPIO_PORT
    stm32f4xx_nucleo_144.o(.text.BSP_LED_Toggle) refers to stm32f4xx_nucleo_144.o(.rodata.GPIO_PIN) for GPIO_PIN
    stm32f4xx_nucleo_144.o(.text.BSP_LED_Toggle) refers to stm32f4xx_hal_gpio.o(.text.HAL_GPIO_TogglePin) for HAL_GPIO_TogglePin
    stm32f4xx_nucleo_144.o(.ARM.exidx.text.BSP_LED_Toggle) refers to stm32f4xx_nucleo_144.o(.text.BSP_LED_Toggle) for [Anonymous Symbol]
    stm32f4xx_nucleo_144.o(.text.BSP_PB_Init) refers to stm32f4xx_nucleo_144.o(.rodata.BUTTON_PIN) for BUTTON_PIN
    stm32f4xx_nucleo_144.o(.text.BSP_PB_Init) refers to stm32f4xx_nucleo_144.o(.data.BUTTON_PORT) for BUTTON_PORT
    stm32f4xx_nucleo_144.o(.text.BSP_PB_Init) refers to stm32f4xx_hal_gpio.o(.text.HAL_GPIO_Init) for HAL_GPIO_Init
    stm32f4xx_nucleo_144.o(.text.BSP_PB_Init) refers to stm32f4xx_nucleo_144.o(.rodata.BUTTON_IRQn) for BUTTON_IRQn
    stm32f4xx_nucleo_144.o(.text.BSP_PB_Init) refers to stm32f4xx_hal_cortex.o(.text.HAL_NVIC_SetPriority) for HAL_NVIC_SetPriority
    stm32f4xx_nucleo_144.o(.text.BSP_PB_Init) refers to stm32f4xx_hal_cortex.o(.text.HAL_NVIC_EnableIRQ) for HAL_NVIC_EnableIRQ
    stm32f4xx_nucleo_144.o(.ARM.exidx.text.BSP_PB_Init) refers to stm32f4xx_nucleo_144.o(.text.BSP_PB_Init) for [Anonymous Symbol]
    stm32f4xx_nucleo_144.o(.text.BSP_PB_DeInit) refers to stm32f4xx_nucleo_144.o(.rodata.BUTTON_PIN) for BUTTON_PIN
    stm32f4xx_nucleo_144.o(.text.BSP_PB_DeInit) refers to stm32f4xx_nucleo_144.o(.rodata.BUTTON_IRQn) for BUTTON_IRQn
    stm32f4xx_nucleo_144.o(.text.BSP_PB_DeInit) refers to stm32f4xx_hal_cortex.o(.text.HAL_NVIC_DisableIRQ) for HAL_NVIC_DisableIRQ
    stm32f4xx_nucleo_144.o(.text.BSP_PB_DeInit) refers to stm32f4xx_nucleo_144.o(.data.BUTTON_PORT) for BUTTON_PORT
    stm32f4xx_nucleo_144.o(.text.BSP_PB_DeInit) refers to stm32f4xx_hal_gpio.o(.text.HAL_GPIO_DeInit) for HAL_GPIO_DeInit
    stm32f4xx_nucleo_144.o(.ARM.exidx.text.BSP_PB_DeInit) refers to stm32f4xx_nucleo_144.o(.text.BSP_PB_DeInit) for [Anonymous Symbol]
    stm32f4xx_nucleo_144.o(.text.BSP_PB_GetState) refers to stm32f4xx_nucleo_144.o(.data.BUTTON_PORT) for BUTTON_PORT
    stm32f4xx_nucleo_144.o(.text.BSP_PB_GetState) refers to stm32f4xx_nucleo_144.o(.rodata.BUTTON_PIN) for BUTTON_PIN
    stm32f4xx_nucleo_144.o(.text.BSP_PB_GetState) refers to stm32f4xx_hal_gpio.o(.text.HAL_GPIO_ReadPin) for HAL_GPIO_ReadPin
[...]
    [Anonymous Symbol]                       0x08003e54   Section        0  USART_STM32F4xx.o(.text.USART3_PowerControl)
    USART3_Receive                           0x08003e71   Thumb Code    28  USART_STM32F4xx.o(.text.USART3_Receive)
    [Anonymous Symbol]                       0x08003e70   Section        0  USART_STM32F4xx.o(.text.USART3_Receive)
    USART3_Send                              0x08003e8d   Thumb Code    28  USART_STM32F4xx.o(.text.USART3_Send)
    [Anonymous Symbol]                       0x08003e8c   Section        0  USART_STM32F4xx.o(.text.USART3_Send)
    USART3_SetModemControl                   0x08003ea9   Thumb Code    28  USART_STM32F4xx.o(.text.USART3_SetModemControl)
    [Anonymous Symbol]                       0x08003ea8   Section        0  USART_STM32F4xx.o(.text.USART3_SetModemControl)
    USART3_Transfer                          0x08003ec5   Thumb Code    32  USART_STM32F4xx.o(.text.USART3_Transfer)
    [Anonymous Symbol]                       0x08003ec4   Section        0  USART_STM32F4xx.o(.text.USART3_Transfer)
    USART3_Uninitialize                      0x08003ee5   Thumb Code    16  USART_STM32F4xx.o(.text.USART3_Uninitialize)
    [Anonymous Symbol]                       0x08003ee4   Section        0  USART_STM32F4xx.o(.text.USART3_Uninitialize)
    USART_Control                            0x08003ef5   Thumb Code  3462  USART_STM32F4xx.o(.text.USART_Control)
    [Anonymous Symbol]                       0x08003ef4   Section        0  USART_STM32F4xx.o(.text.USART_Control)
    USART_GetCapabilities                    0x08004c7d   Thumb Code    16  USART_STM32F4xx.o(.text.USART_GetCapabilities)
    [Anonymous Symbol]                       0x08004c7c   Section        0  USART_STM32F4xx.o(.text.USART_GetCapabilities)
    USART_GetModemStatus                     0x08004c8d   Thumb Code   106  USART_STM32F4xx.o(.text.USART_GetModemStatus)
    [Anonymous Symbol]                       0x08004c8c   Section        0  USART_STM32F4xx.o(.text.USART_GetModemStatus)
    USART_GetRxCount                         0x08004cf9   Thumb Code    14  USART_STM32F4xx.o(.text.USART_GetRxCount)
    [Anonymous Symbol]                       0x08004cf8   Section        0  USART_STM32F4xx.o(.text.USART_GetRxCount)
    USART_GetStatus                          0x08004d09   Thumb Code   212  USART_STM32F4xx.o(.text.USART_GetStatus)
    [Anonymous Symbol]                       0x08004d08   Section        0  USART_STM32F4xx.o(.text.USART_GetStatus)
    USART_GetTxCount                         0x08004ddd   Thumb Code    14  USART_STM32F4xx.o(.text.USART_GetTxCount)
    [Anonymous Symbol]                       0x08004ddc   Section        0  USART_STM32F4xx.o(.text.USART_GetTxCount)
    [Anonymous Symbol]                       0x08004dec   Section        0  USART_STM32F4xx.o(.text.USART_IRQHandler)
    USART_Initialize                         0x080051f1   Thumb Code   224  USART_STM32F4xx.o(.text.USART_Initialize)
    [Anonymous Symbol]                       0x080051f0   Section        0  USART_STM32F4xx.o(.text.USART_Initialize)
    USART_PeripheralReset                    0x080052d1   Thumb Code   588  USART_STM32F4xx.o(.text.USART_PeripheralReset)
    [Anonymous Symbol]                       0x080052d0   Section        0  USART_STM32F4xx.o(.text.USART_PeripheralReset)
    USART_PowerControl                       0x0800551d   Thumb Code  1118  USART_STM32F4xx.o(.text.USART_PowerControl)
    [Anonymous Symbol]                       0x0800551c   Section        0  USART_STM32F4xx.o(.text.USART_PowerControl)
    USART_Receive                            0x0800597d   Thumb Code   228  USART_STM32F4xx.o(.text.USART_Receive)
    [Anonymous Symbol]                       0x0800597c   Section        0  USART_STM32F4xx.o(.text.USART_Receive)
    USART_Send                               0x08005a61   Thumb Code   182  USART_STM32F4xx.o(.text.USART_Send)
    [Anonymous Symbol]                       0x08005a60   Section        0  USART_STM32F4xx.o(.text.USART_Send)
    USART_SetModemControl                    0x08005b19   Thumb Code   226  USART_STM32F4xx.o(.text.USART_SetModemControl)
    [Anonymous Symbol]                       0x08005b18   Section        0  USART_STM32F4xx.o(.text.USART_SetModemControl)
    USART_Transfer                           0x08005bfd   Thumb Code   150  USART_STM32F4xx.o(.text.USART_Transfer)
    [Anonymous Symbol]                       0x08005bfc   Section        0  USART_STM32F4xx.o(.text.USART_Transfer)
    USART_Uninitialize                       0x08005c95   Thumb Code   192  USART_STM32F4xx.o(.text.USART_Uninitialize)
    [Anonymous Symbol]                       0x08005c94   Section        0  USART_STM32F4xx.o(.text.USART_Uninitialize)
    USARTx_GetVersion                        0x08005d55   Thumb Code    18  USART_STM32F4xx.o(.text.USARTx_GetVersion)
    [Anonymous Symbol]                       0x08005d54   Section        0  USART_STM32F4xx.o(.text.USARTx_GetVersion)
    [Anonymous Symbol]                       0x08005d68   Section        0  stm32f4xx_it.o(.text.UsageFault_Handler)
    __NVIC_ClearPendingIRQ                   0x08005d6d   Thumb Code    48  USART_STM32F4xx.o(.text.__NVIC_ClearPendingIRQ)
    [Anonymous Symbol]                       0x08005d6c   Section        0  USART_STM32F4xx.o(.text.__NVIC_ClearPendingIRQ)
    __NVIC_DisableIRQ                        0x08005d9d   Thumb Code    56  stm32f4xx_hal_cortex.o(.text.__NVIC_DisableIRQ)
    [Anonymous Symbol]                       0x08005d9c   Section        0  stm32f4xx_hal_cortex.o(.text.__NVIC_DisableIRQ)
    __NVIC_EnableIRQ                         0x08005dd5   Thumb Code    48  USART_STM32F4xx.o(.text.__NVIC_EnableIRQ)
    [Anonymous Symbol]                       0x08005dd4   Section        0  USART_STM32F4xx.o(.text.__NVIC_EnableIRQ)
    __NVIC_GetPriorityGrouping               0x08005e05   Thumb Code    16  stm32f4xx_hal_cortex.o(.text.__NVIC_GetPriorityGrouping)
    [Anonymous Symbol]                       0x08005e04   Section        0  stm32f4xx_hal_cortex.o(.text.__NVIC_GetPriorityGrouping)
    __NVIC_SetPriority                       0x08005e15   Thumb Code    66  stm32f4xx_hal_cortex.o(.text.__NVIC_SetPriority)
    [Anonymous Symbol]                       0x08005e14   Section        0  stm32f4xx_hal_cortex.o(.text.__NVIC_SetPriority)
    __NVIC_SetPriorityGrouping               0x08005e59   Thumb Code    60  stm32f4xx_hal_cortex.o(.text.__NVIC_SetPriorityGrouping)
    [Anonymous Symbol]                       0x08005e58   Section        0  stm32f4xx_hal_cortex.o(.text.__NVIC_SetPriorityGrouping)
    [Anonymous Symbol]                       0x08005e94   Section        0  main.o(.text.activateAbsolut)
    basicChecks                              0x08005ee5   Thumb Code   728  headers.o(.text.basicChecks)
    [Anonymous Symbol]                       0x08005ee4   Section        0  headers.o(.text.basicChecks)
    [Anonymous Symbol]                       0x080061bc   Section        0  buttons.o(.text.buttonHandler)
    [Anonymous Symbol]                       0x080061e0   Section        0  display.o(.text.checkBounds)
    [Anonymous Symbol]                       0x0800621c   Section        0  display.o(.text.checkXBounds)
    [Anonymous Symbol]                       0x08006240   Section        0  display.o(.text.checkYBounds)
    check_SPI_SR                             0x08006265   Thumb Code    72  LCD_SPI.o(.text.check_SPI_SR)
    [Anonymous Symbol]                       0x08006264   Section        0  LCD_SPI.o(.text.check_SPI_SR)
    [Anonymous Symbol]                       0x080062ac   Section        0  сonverter.o(.text.convertColor)
    [Anonymous Symbol]                       0x080062f0   Section        0  display.o(.text.displayDrawAbsolut)
    [Anonymous Symbol]                       0x0800633c   Section        0  display.o(.text.displayDrawRLE)
    [Anonymous Symbol]                       0x080063a4   Section        0  display.o(.text.endline)
    [Anonymous Symbol]                       0x080063fc   Section        0  main.o(.text.errorHandler)
    [Anonymous Symbol]                       0x08006484   Section        0  headers.o(.text.getFileHeader)
    [Anonymous Symbol]                       0x080064d4   Section        0  headers.o(.text.getInfoHeader)
    [Anonymous Symbol]                       0x08006518   Section        0  display.o(.text.initCoords)
    initGPIOs                                0x08006565   Thumb Code   320  init.o(.text.initGPIOs)
    [Anonymous Symbol]                       0x08006564   Section        0  init.o(.text.initGPIOs)
    [Anonymous Symbol]                       0x080066a4   Section        0  init.o(.text.initITSboard)
    [Anonymous Symbol]                       0x080066b8   Section        0  input.o(.text.initInput)
    [Anonymous Symbol]                       0x08006710   Section        0  statusHandler.o(.text.inputRecognizer)
    [Anonymous Symbol]                       0x0800675c   Section        0  LCD_Tools.o(.text.itoa)
    [Anonymous Symbol]                       0x08006810   Section        0  lcd.o(.text.lcdGotoXY)
    [Anonymous Symbol]                       0x0800684c   Section        0  lcd.o(.text.lcdPrintS)
    [Anonymous Symbol]                       0x08006a20   Section        0  main.o(.text.main)
    [Anonymous Symbol]                       0x08006c48   Section        0  input.o(.text.nextChar)
    [Anonymous Symbol]                       0x08006cd0   Section        0  input.o(.text.openNextFile)
    [Anonymous Symbol]                       0x08006cf0   Section        0  LCD_Debug.o(.text.printDebugMsg)
    [Anonymous Symbol]                       0x08006da4   Section        0  errorhandler.o(.text.printError)
    readChar                                 0x08006e1d   Thumb Code    30  input.o(.text.readChar)
    [Anonymous Symbol]                       0x08006e1c   Section        0  input.o(.text.readChar)
    [Anonymous Symbol]                       0x08006e3c   Section        0  headers.o(.text.readHeaders)
    [Anonymous Symbol]                       0x08006f04   Section        0  handshake.o(.text.readPalette)
    save_restore_AltFn_SPI1_MOSI_Pin         0x08006f5d   Thumb Code    48  LCD_SPI.o(.text.save_restore_AltFn_SPI1_MOSI_Pin)
    [Anonymous Symbol]                       0x08006f5c   Section        0  LCD_SPI.o(.text.save_restore_AltFn_SPI1_MOSI_Pin)
    [Anonymous Symbol]                       0x08006f8c   Section        0  handshake.o(.text.skipTrash)
    startNextByteBurst                       0x08006ff1   Thumb Code   142  input.o(.text.startNextByteBurst)
    [Anonymous Symbol]                       0x08006ff0   Section        0  input.o(.text.startNextByteBurst)
    [Anonymous Symbol]                       0x08007080   Section        0  main.o(.text.statusCheck)
    [Anonymous Symbol]                       0x080070fc   Section        0  stdinout_USART.o(.text.stdinout_init)
    stringCopy                               0x080071ad   Thumb Code    70  lcd.o(.text.stringCopy)
    [Anonymous Symbol]                       0x080071ac   Section        0  lcd.o(.text.stringCopy)
    [Anonymous Symbol]                       0x080071f4   Section        0  display.o(.text.updateCoords)
    [Anonymous Symbol]                       0x08007254   Section        0  display.o(.text.updateDelta)
    usbUartDMAInt                            0x080072b9   Thumb Code   188  input.o(.text.usbUartDMAInt)
    [Anonymous Symbol]                       0x080072b8   Section        0  input.o(.text.usbUartDMAInt)
    usbUartRead                              0x08007375   Thumb Code   148  input.o(.text.usbUartRead)
    [Anonymous Symbol]                       0x08007374   Section        0  input.o(.text.usbUartRead)
    usbUartWrite                             0x08007409   Thumb Code    96  input.o(.text.usbUartWrite)
    [Anonymous Symbol]                       0x08007408   Section        0  input.o(.text.usbUartWrite)
    writeChar                                0x08007469   Thumb Code    26  input.o(.text.writeChar)
    [Anonymous Symbol]                       0x08007468   Section        0  input.o(.text.writeChar)
    i.__0snprintf                            0x08007484   Section        0  printfa.o(i.__0snprintf)
    i.__scatterload_copy                     0x080074b8   Section       14  handlers.o(i.__scatterload_copy)
    i.__scatterload_null                     0x080074c6   Section        2  handlers.o(i.__scatterload_null)
    i.__scatterload_zeroinit                 0x080074c8   Section       14  handlers.o(i.__scatterload_zeroinit)
    _fp_digits                               0x080074d9   Thumb Code   366  printfa.o(i._fp_digits)
    i._fp_digits                             0x080074d8   Section        0  printfa.o(i._fp_digits)
    _printf_core                             0x0800765d   Thumb Code  1744  printfa.o(i._printf_core)
    i._printf_core                           0x0800765c   Section        0  printfa.o(i._printf_core)
    _printf_post_padding                     0x08007d39   Thumb Code    36  printfa.o(i._printf_post_padding)
    i._printf_post_padding                   0x08007d38   Section        0  printfa.o(i._printf_post_padding)
    _printf_pre_padding                      0x08007d5d   Thumb Code    46  printfa.o(i._printf_pre_padding)
    i._printf_pre_padding                    0x08007d5c   Section        0  printfa.o(i._printf_pre_padding)
    _snputc                                  0x08007d8b   Thumb Code    22  printfa.o(i._snputc)
    i._snputc                                0x08007d8a   Section        0  printfa.o(i._snputc)
    STREAM_OFFSET_TAB                        0x08007df0   Data           8  input.o(.rodata.STREAM_OFFSET_TAB)
    [Anonymous Symbol]                       0x08007df0   Section        0  input.o(.rodata.STREAM_OFFSET_TAB)
    USART3_Resources                         0x08007df8   Data          52  USART_STM32F4xx.o(.rodata.USART3_Resources)
    [Anonymous Symbol]                       0x08007df8   Section        0  USART_STM32F4xx.o(.rodata.USART3_Resources)
    USART3_rx                                0x08007e2c   Data          12  USART_STM32F4xx.o(.rodata.USART3_rx)
    [Anonymous Symbol]                       0x08007e2c   Section        0  USART_STM32F4xx.o(.rodata.USART3_rx)
    USART3_tx                                0x08007e38   Data          12  USART_STM32F4xx.o(.rodata.USART3_tx)
    [Anonymous Symbol]                       0x08007e38   Section        0  USART_STM32F4xx.o(.rodata.USART3_tx)
    .L.str                                   0x08007eab   Data          82  LCD_GUI.o(.rodata.str1.1)
    [Anonymous Symbol]                       0x08007eab   Section        0  LCD_GUI.o(.rodata.str1.1)
    .L.str                                   0x08007efd   Data          82  LCD_SPI.o(.rodata.str1.1)
    [Anonymous Symbol]                       0x08007efd   Section        0  LCD_SPI.o(.rodata.str1.1)
    .L.str                                   0x08007f4f   Data          82  LCD_TIM.o(.rodata.str1.1)
    [Anonymous Symbol]                       0x08007f4f   Section        0  LCD_TIM.o(.rodata.str1.1)
    .L.str.1                                 0x08007fa1   Data           6  LCD_Debug.o(.rodata.str1.1)
    [Anonymous Symbol]                       0x08007fa1   Section        0  LCD_Debug.o(.rodata.str1.1)
    .L.str                                   0x08007fa7   Data          22  LCD_Debug.o(.rodata.str1.1)
    .L.str                                   0x08007fbd   Data          30  errorhandler.o(.rodata.str1.1)
    [Anonymous Symbol]                       0x08007fbd   Section        0  errorhandler.o(.rodata.str1.1)
    .L.str.13                                0x08007fdb   Data          38  headers.o(.rodata.str1.1)
    [Anonymous Symbol]                       0x08007fdb   Section        0  headers.o(.rodata.str1.1)
    .L.str.7                                 0x08008001   Data          41  headers.o(.rodata.str1.1)
    .L.str.10                                0x0800802a   Data          50  headers.o(.rodata.str1.1)
    .L.str.1                                 0x0800805c   Data          32  headers.o(.rodata.str1.1)
    .L.str.11                                0x0800807c   Data          49  headers.o(.rodata.str1.1)
    .L.str.5                                 0x080080ad   Data          47  headers.o(.rodata.str1.1)
    .L.str.4                                 0x080080dc   Data          30  headers.o(.rodata.str1.1)
    .L.str.9                                 0x080080fa   Data          39  headers.o(.rodata.str1.1)
    .L.str.8                                 0x08008121   Data          40  headers.o(.rodata.str1.1)
    .L.str.6                                 0x08008149   Data          27  headers.o(.rodata.str1.1)
    .L.str.2                                 0x08008164   Data          31  headers.o(.rodata.str1.1)
    .L.str.3                                 0x08008183   Data          31  headers.o(.rodata.str1.1)
    .L.str.14                                0x080081a2   Data          58  headers.o(.rodata.str1.1)
    .L.str.12                                0x080081dc   Data          44  headers.o(.rodata.str1.1)
    .L.str                                   0x08008208   Data          86  headers.o(.rodata.str1.1)
    .L.str.2                                 0x0800825e   Data          40  input.o(.rodata.str1.1)
    [Anonymous Symbol]                       0x0800825e   Section        0  input.o(.rodata.str1.1)
    .L.str                                   0x08008286   Data          31  input.o(.rodata.str1.1)
    .L.str.1                                 0x080082a5   Data          84  input.o(.rodata.str1.1)
    .L.str                                   0x080082f9   Data          41  main.o(.rodata.str1.1)
    [Anonymous Symbol]                       0x080082f9   Section        0  main.o(.rodata.str1.1)
    .L.str.1                                 0x08008322   Data          54  main.o(.rodata.str1.1)
    .L.str.6                                 0x08008358   Data          83  main.o(.rodata.str1.1)
    .L.str.2                                 0x080083ab   Data          36  main.o(.rodata.str1.1)
    .L.str.4                                 0x080083cf   Data          22  main.o(.rodata.str1.1)
    .L.str.3                                 0x080083e5   Data          43  main.o(.rodata.str1.1)
    .L.str.5                                 0x08008410   Data          18  main.o(.rodata.str1.1)
    crd                                      0x2000000c   Data           4  lcd.o(.data.crd)
    [Anonymous Symbol]                       0x2000000c   Section        0  lcd.o(.data.crd)
    fontHeight                               0x20000010   Data           4  lcd.o(.data.fontHeight)
    [Anonymous Symbol]                       0x20000010   Section        0  lcd.o(.data.fontHeight)
    fontWidth                                0x20000014   Data           4  lcd.o(.data.fontWidth)
    [Anonymous Symbol]                       0x20000014   Section        0  lcd.o(.data.fontWidth)
    lcdFont                                  0x20000018   Data           4  lcd.o(.data.lcdFont)
    [Anonymous Symbol]                       0x20000018   Section        0  lcd.o(.data.lcdFont)
    lcdmaxx                                  0x2000001c   Data           4  lcd.o(.data.lcdmaxx)
    [Anonymous Symbol]                       0x2000001c   Section        0  lcd.o(.data.lcdmaxx)
    lcdmaxy                                  0x20000020   Data           4  lcd.o(.data.lcdmaxy)
    [Anonymous Symbol]                       0x20000020   Section        0  lcd.o(.data.lcdmaxy)
    nextCharPos                              0x20000024   Data           4  input.o(.data.nextCharPos)
    [Anonymous Symbol]                       0x20000024   Section        0  input.o(.data.nextCharPos)
    save_restore_AltFn_SPI1_MOSI_Pin.saved_AF 0x2000002c   Data           4  LCD_SPI.o(.data.save_restore_AltFn_SPI1_MOSI_Pin.saved_AF)
    [Anonymous Symbol]                       0x2000002c   Section        0  LCD_SPI.o(.data.save_restore_AltFn_SPI1_MOSI_Pin.saved_AF)
    USART3_Info                              0x20000080   Data          20  USART_STM32F4xx.o(.bss.USART3_Info)
    [Anonymous Symbol]                       0x20000080   Section        0  USART_STM32F4xx.o(.bss.USART3_Info)
    USART3_TransferInfo                      0x20000094   Data          36  USART_STM32F4xx.o(.bss.USART3_TransferInfo)
    [Anonymous Symbol]                       0x20000094   Section        0  USART_STM32F4xx.o(.bss.USART3_TransferInfo)
    buf                                      0x200000c4   Data         256  errorhandler.o(.bss.buf)
    [Anonymous Symbol]                       0x200000c4   Section        0  errorhandler.o(.bss.buf)
    fileHeader                               0x200001ca   Data          14  headers.o(.bss.fileHeader)
    [Anonymous Symbol]                       0x200001ca   Section        0  headers.o(.bss.fileHeader)
    htim4                                    0x200001e8   Data          64  LCD_TIM.o(.bss.htim4)
    [Anonymous Symbol]                       0x200001e8   Section        0  LCD_TIM.o(.bss.htim4)
    infoHeader                               0x20000228   Data          40  headers.o(.bss.infoHeader)
    [Anonymous Symbol]                       0x20000228   Section        0  headers.o(.bss.infoHeader)
    lcdColor                                 0x20000254   Data           2  lcd.o(.bss.lcdColor)
    [Anonymous Symbol]                       0x20000254   Section        0  lcd.o(.bss.lcdColor)
    noElemsInBuf                             0x2000025c   Data           4  input.o(.bss.noElemsInBuf)
    [Anonymous Symbol]                       0x2000025c   Section        0  input.o(.bss.noElemsInBuf)
    ringBuffer                               0x20000688   Data        1536  input.o(.bss.ringBuffer)
    [Anonymous Symbol]                       0x20000688   Section        0  input.o(.bss.ringBuffer)
    sTP_DEV                                  0x20000c88   Data          24  LCD_Touch.o(.bss.sTP_DEV)
    [Anonymous Symbol]                       0x20000c88   Section        0  LCD_Touch.o(.bss.sTP_DEV)
    usbUartRead.nextReadPos                  0x20000ca8   Data           4  input.o(.bss.usbUartRead.nextReadPos)
    [Anonymous Symbol]                       0x20000ca8   Section        0  input.o(.bss.usbUartRead.nextReadPos)
    validHeaders                             0x20000cb0   Data           1  headers.o(.bss.validHeaders)
    [Anonymous Symbol]                       0x20000cb0   Section        0  headers.o(.bss.validHeaders)
    STACK                                    0x20000cc0   Section     1024  startup_stm32f429xx.o(STACK)

    Global Symbols

    Symbol Name                              Value     Ov Type        Size  Object(Section)

    BuildAttributes$$THM_ISAv4$E$P$D$K$B$S$7EM$VFPi3$EXTD16$VFPS$VFMA$PE$A:L22UL41UL21$X:L11$S22US41US21$IEEE1$IW$~IW$USESV6$~STKCKD$USESV7$~SHL$OTIME$ROPI$IEEEJ$EBA8$MICROLIB$REQ8$PRES8$EABIv2 0x00000000   Number         0  anon$$obj.o ABSOLUTE
    __cpp_initialize__aeabi_                  - Undefined Weak Reference
    __cxa_finalize                            - Undefined Weak Reference
    __decompress                              - Undefined Weak Reference
    _clock_init                               - Undefined Weak Reference
    _microlib_exit                            - Undefined Weak Reference
    __Vectors_Size                           0x000001ac   Number         0  startup_stm32f429xx.o ABSOLUTE
    __Vectors                                0x08000000   Data           4  startup_stm32f429xx.o(RESET)
    __Vectors_End                            0x080001ac   Data           0  startup_stm32f429xx.o(RESET)
    __main                                   0x080001ad   Thumb Code     0  entry.o(.ARM.Collect$$$$00000000)
    _main_stk                                0x080001ad   Thumb Code     0  entry2.o(.ARM.Collect$$$$00000001)
    _main_scatterload                        0x080001b1   Thumb Code     0  entry5.o(.ARM.Collect$$$$00000004)
    __main_after_scatterload                 0x080001b5   Thumb Code     0  entry5.o(.ARM.Collect$$$$00000004)
    _main_clock                              0x080001b5   Thumb Code     0  entry7b.o(.ARM.Collect$$$$00000008)
    _main_cpp_init                           0x080001b5   Thumb Code     0  entry8b.o(.ARM.Collect$$$$0000000A)
    _main_init                               0x080001b5   Thumb Code     0  entry9a.o(.ARM.Collect$$$$0000000B)
    __rt_final_cpp                           0x080001bd   Thumb Code     0  entry10a.o(.ARM.Collect$$$$0000000D)
    __rt_final_exit                          0x080001bd   Thumb Code     0  entry11a.o(.ARM.Collect$$$$0000000F)
    Reset_Handler                            0x080001c1   Thumb Code     8  startup_stm32f429xx.o(.text)
    ADC_IRQHandler                           0x080001db   Thumb Code     0  startup_stm32f429xx.o(.text)
    CAN1_RX0_IRQHandler                      0x080001db   Thumb Code     0  startup_stm32f429xx.o(.text)
    CAN1_RX1_IRQHandler                      0x080001db   Thumb Code     0  startup_stm32f429xx.o(.text)
    CAN1_SCE_IRQHandler                      0x080001db   Thumb Code     0  startup_stm32f429xx.o(.text)
    CAN1_TX_IRQHandler                       0x080001db   Thumb Code     0  startup_stm32f429xx.o(.text)
    CAN2_RX0_IRQHandler                      0x080001db   Thumb Code     0  startup_stm32f429xx.o(.text)
    CAN2_RX1_IRQHandler                      0x080001db   Thumb Code     0  startup_stm32f429xx.o(.text)
    CAN2_SCE_IRQHandler                      0x080001db   Thumb Code     0  startup_stm32f429xx.o(.text)
    CAN2_TX_IRQHandler                       0x080001db   Thumb Code     0  startup_stm32f429xx.o(.text)
    DCMI_IRQHandler                          0x080001db   Thumb Code     0  startup_stm32f429xx.o(.text)
    DMA1_Stream0_IRQHandler                  0x080001db   Thumb Code     0  startup_stm32f429xx.o(.text)
    DMA1_Stream1_IRQHandler                  0x080001db   Thumb Code     0  startup_stm32f429xx.o(.text)
    DMA1_Stream2_IRQHandler                  0x080001db   Thumb Code     0  startup_stm32f429xx.o(.text)
    DMA1_Stream3_IRQHandler                  0x080001db   Thumb Code     0  startup_stm32f429xx.o(.text)
    DMA1_Stream4_IRQHandler                  0x080001db   Thumb Code     0  startup_stm32f429xx.o(.text)
    DMA1_Stream5_IRQHandler                  0x080001db   Thumb Code     0  startup_stm32f429xx.o(.text)
    DMA1_Stream6_IRQHandler                  0x080001db   Thumb Code     0  startup_stm32f429xx.o(.text)
    DMA1_Stream7_IRQHandler                  0x080001db   Thumb Code     0  startup_stm32f429xx.o(.text)
    DMA2D_IRQHandler                         0x080001db   Thumb Code     0  startup_stm32f429xx.o(.text)
    DMA2_Stream0_IRQHandler                  0x080001db   Thumb Code     0  startup_stm32f429xx.o(.text)
    DMA2_Stream1_IRQHandler                  0x080001db   Thumb Code     0  startup_stm32f429xx.o(.text)
    DMA2_Stream2_IRQHandler                  0x080001db   Thumb Code     0  startup_stm32f429xx.o(.text)
    DMA2_Stream3_IRQHandler                  0x080001db   Thumb Code     0  startup_stm32f429xx.o(.text)
    DMA2_Stream4_IRQHandler                  0x080001db   Thumb Code     0  startup_stm32f429xx.o(.text)
    DMA2_Stream5_IRQHandler                  0x080001db   Thumb Code     0  startup_stm32f429xx.o(.text)
    DMA2_Stream6_IRQHandler                  0x080001db   Thumb Code     0  startup_stm32f429xx.o(.text)
    DMA2_Stream7_IRQHandler                  0x080001db   Thumb Code     0  startup_stm32f429xx.o(.text)
    ETH_WKUP_IRQHandler                      0x080001db   Thumb Code     0  startup_stm32f429xx.o(.text)
    EXTI0_IRQHandler                         0x080001db   Thumb Code     0  startup_stm32f429xx.o(.text)
    EXTI15_10_IRQHandler                     0x080001db   Thumb Code     0  startup_stm32f429xx.o(.text)
    EXTI1_IRQHandler                         0x080001db   Thumb Code     0  startup_stm32f429xx.o(.text)
    EXTI2_IRQHandler                         0x080001db   Thumb Code     0  startup_stm32f429xx.o(.text)
    EXTI3_IRQHandler                         0x080001db   Thumb Code     0  startup_stm32f429xx.o(.text)
    EXTI4_IRQHandler                         0x080001db   Thumb Code     0  startup_stm32f429xx.o(.text)
    EXTI9_5_IRQHandler                       0x080001db   Thumb Code     0  startup_stm32f429xx.o(.text)
    FLASH_IRQHandler                         0x080001db   Thumb Code     0  startup_stm32f429xx.o(.text)
    FMC_IRQHandler                           0x080001db   Thumb Code     0  startup_stm32f429xx.o(.text)
    FPU_IRQHandler                           0x080001db   Thumb Code     0  startup_stm32f429xx.o(.text)
    HASH_RNG_IRQHandler                      0x080001db   Thumb Code     0  startup_stm32f429xx.o(.text)
    I2C1_ER_IRQHandler                       0x080001db   Thumb Code     0  startup_stm32f429xx.o(.text)
    I2C1_EV_IRQHandler                       0x080001db   Thumb Code     0  startup_stm32f429xx.o(.text)
    I2C2_ER_IRQHandler                       0x080001db   Thumb Code     0  startup_stm32f429xx.o(.text)
    I2C2_EV_IRQHandler                       0x080001db   Thumb Code     0  startup_stm32f429xx.o(.text)
    I2C3_ER_IRQHandler                       0x080001db   Thumb Code     0  startup_stm32f429xx.o(.text)
    I2C3_EV_IRQHandler                       0x080001db   Thumb Code     0  startup_stm32f429xx.o(.text)
    LTDC_ER_IRQHandler                       0x080001db   Thumb Code     0  startup_stm32f429xx.o(.text)
    LTDC_IRQHandler                          0x080001db   Thumb Code     0  startup_stm32f429xx.o(.text)
    OTG_FS_IRQHandler                        0x080001db   Thumb Code     0  startup_stm32f429xx.o(.text)
    OTG_FS_WKUP_IRQHandler                   0x080001db   Thumb Code     0  startup_stm32f429xx.o(.text)
    OTG_HS_EP1_IN_IRQHandler                 0x080001db   Thumb Code     0  startup_stm32f429xx.o(.text)
    OTG_HS_EP1_OUT_IRQHandler                0x080001db   Thumb Code     0  startup_stm32f429xx.o(.text)
    OTG_HS_IRQHandler                        0x080001db   Thumb Code     0  startup_stm32f429xx.o(.text)
    OTG_HS_WKUP_IRQHandler                   0x080001db   Thumb Code     0  startup_stm32f429xx.o(.text)
    PVD_IRQHandler                           0x080001db   Thumb Code     0  startup_stm32f429xx.o(.text)
    RCC_IRQHandler                           0x080001db   Thumb Code     0  startup_stm32f429xx.o(.text)
    RTC_Alarm_IRQHandler                     0x080001db   Thumb Code     0  startup_stm32f429xx.o(.text)
    RTC_WKUP_IRQHandler                      0x080001db   Thumb Code     0  startup_stm32f429xx.o(.text)
    SAI1_IRQHandler                          0x080001db   Thumb Code     0  startup_stm32f429xx.o(.text)
    SDIO_IRQHandler                          0x080001db   Thumb Code     0  startup_stm32f429xx.o(.text)
    SPI1_IRQHandler                          0x080001db   Thumb Code     0  startup_stm32f429xx.o(.text)
    SPI2_IRQHandler                          0x080001db   Thumb Code     0  startup_stm32f429xx.o(.text)
    SPI3_IRQHandler                          0x080001db   Thumb Code     0  startup_stm32f429xx.o(.text)
    SPI4_IRQHandler                          0x080001db   Thumb Code     0  startup_stm32f429xx.o(.text)
    SPI5_IRQHandler                          0x080001db   Thumb Code     0  startup_stm32f429xx.o(.text)
    SPI6_IRQHandler                          0x080001db   Thumb Code     0  startup_stm32f429xx.o(.text)
    TAMP_STAMP_IRQHandler                    0x080001db   Thumb Code     0  startup_stm32f429xx.o(.text)
    TIM1_BRK_TIM9_IRQHandler                 0x080001db   Thumb Code     0  startup_stm32f429xx.o(.text)
    TIM1_CC_IRQHandler                       0x080001db   Thumb Code     0  startup_stm32f429xx.o(.text)
    TIM1_TRG_COM_TIM11_IRQHandler            0x080001db   Thumb Code     0  startup_stm32f429xx.o(.text)
    TIM1_UP_TIM10_IRQHandler                 0x080001db   Thumb Code     0  startup_stm32f429xx.o(.text)
    TIM2_IRQHandler                          0x080001db   Thumb Code     0  startup_stm32f429xx.o(.text)
    TIM3_IRQHandler                          0x080001db   Thumb Code     0  startup_stm32f429xx.o(.text)
    TIM4_IRQHandler                          0x080001db   Thumb Code     0  startup_stm32f429xx.o(.text)
    TIM5_IRQHandler                          0x080001db   Thumb Code     0  startup_stm32f429xx.o(.text)
    TIM6_DAC_IRQHandler                      0x080001db   Thumb Code     0  startup_stm32f429xx.o(.text)
    TIM7_IRQHandler                          0x080001db   Thumb Code     0  startup_stm32f429xx.o(.text)
    TIM8_BRK_TIM12_IRQHandler                0x080001db   Thumb Code     0  startup_stm32f429xx.o(.text)
    TIM8_CC_IRQHandler                       0x080001db   Thumb Code     0  startup_stm32f429xx.o(.text)
    TIM8_TRG_COM_TIM14_IRQHandler            0x080001db   Thumb Code     0  startup_stm32f429xx.o(.text)
    TIM8_UP_TIM13_IRQHandler                 0x080001db   Thumb Code     0  startup_stm32f429xx.o(.text)
    UART4_IRQHandler                         0x080001db   Thumb Code     0  startup_stm32f429xx.o(.text)
    UART5_IRQHandler                         0x080001db   Thumb Code     0  startup_stm32f429xx.o(.text)
    UART7_IRQHandler                         0x080001db   Thumb Code     0  startup_stm32f429xx.o(.text)
    UART8_IRQHandler                         0x080001db   Thumb Code     0  startup_stm32f429xx.o(.text)
    USART1_IRQHandler                        0x080001db   Thumb Code     0  startup_stm32f429xx.o(.text)
    USART2_IRQHandler                        0x080001db   Thumb Code     0  startup_stm32f429xx.o(.text)
    USART6_IRQHandler                        0x080001db   Thumb Code     0  startup_stm32f429xx.o(.text)
    WWDG_IRQHandler                          0x080001db   Thumb Code     0  startup_stm32f429xx.o(.text)
    __aeabi_uldivmod                         0x080001e5   Thumb Code    98  uldiv.o(.text)
    __aeabi_ldivmod                          0x08000247   Thumb Code    98  ldiv.o(.text)
    __aeabi_memcpy                           0x080002a9   Thumb Code    36  memcpya.o(.text)
    __aeabi_memcpy4                          0x080002a9   Thumb Code     0  memcpya.o(.text)
    __aeabi_memcpy8                          0x080002a9   Thumb Code     0  memcpya.o(.text)
    __aeabi_memset                           0x080002cd   Thumb Code    14  memseta.o(.text)
    __aeabi_memset4                          0x080002cd   Thumb Code     0  memseta.o(.text)
    __aeabi_memset8                          0x080002cd   Thumb Code     0  memseta.o(.text)
    __aeabi_memclr                           0x080002db   Thumb Code     4  memseta.o(.text)
    __aeabi_memclr4                          0x080002db   Thumb Code     0  memseta.o(.text)
    __aeabi_memclr8                          0x080002db   Thumb Code     0  memseta.o(.text)
    _memset$wrapper                          0x080002df   Thumb Code    18  memseta.o(.text)
    strlen                                   0x080002f1   Thumb Code    14  strlen.o(.text)
    __aeabi_uidiv                            0x080002ff   Thumb Code     0  uidiv.o(.text)
    __aeabi_uidivmod                         0x080002ff   Thumb Code    44  uidiv.o(.text)
    __aeabi_llsl                             0x0800032b   Thumb Code    30  llshl.o(.text)
    _ll_shift_l                              0x0800032b   Thumb Code     0  llshl.o(.text)
    __aeabi_llsr                             0x08000349   Thumb Code    32  llushr.o(.text)
    _ll_ushift_r                             0x08000349   Thumb Code     0  llushr.o(.text)
    __I$use$fp                               0x08000369   Thumb Code     0  iusefp.o(.text)
    _double_round                            0x08000369   Thumb Code    30  depilogue.o(.text)
    _double_epilogue                         0x08000387   Thumb Code   156  depilogue.o(.text)
    __aeabi_dadd                             0x08000423   Thumb Code   322  dadd.o(.text)
    __aeabi_dsub                             0x08000565   Thumb Code     6  dadd.o(.text)
    __aeabi_drsub                            0x0800056b   Thumb Code     6  dadd.o(.text)
    __aeabi_dmul                             0x08000571   Thumb Code   228  dmul.o(.text)
    __aeabi_ddiv                             0x08000655   Thumb Code   222  ddiv.o(.text)
    __aeabi_d2ulz                            0x08000733   Thumb Code    48  dfixul.o(.text)
    __aeabi_cdrcmple                         0x08000765   Thumb Code    48  cdrcmple.o(.text)
    __scatterload                            0x08000795   Thumb Code    38  init.o(.text)
    __scatterload_rt2                        0x08000795   Thumb Code     0  init.o(.text)
    __aeabi_lasr                             0x080007c5   Thumb Code    36  llsshr.o(.text)
    _ll_sshift_r                             0x080007c5   Thumb Code     0  llsshr.o(.text)
    BusFault_Handler                         0x080007e9   Thumb Code     4  stm32f4xx_it.o(.text.BusFault_Handler)
    COMread                                  0x080007ed   Thumb Code    82  input.o(.text.COMread)
    DebugMon_Handler                         0x08000841   Thumb Code     2  stm32f4xx_it.o(.text.DebugMon_Handler)
    Driver_Delay_ms                          0x08000845   Thumb Code    16  LCD_Tools.o(.text.Driver_Delay_ms)
    Driver_Delay_us                          0x08000855   Thumb Code    32  LCD_Tools.o(.text.Driver_Delay_us)
    ETH_IRQHandler                           0x08000875   Thumb Code    16  stm32f4xx_it.o(.text.ETH_IRQHandler)
    Error_Handler                            0x08000a61   Thumb Code   232  error.o(.text.Error_Handler)
    GPIO_Init                                0x08000b49   Thumb Code     8  LCD_GPIO.o(.text.GPIO_Init)
    GUI_clear                                0x08000b51   Thumb Code    20  LCD_GUI.o(.text.GUI_clear)
    GUI_disChar                              0x08000b65   Thumb Code   188  LCD_GUI.o(.text.GUI_disChar)
    GUI_disNum                               0x08000c21   Thumb Code   104  LCD_GUI.o(.text.GUI_disNum)
    GUI_disStr                               0x08000c89   Thumb Code   276  LCD_GUI.o(.text.GUI_disStr)
    GUI_drawPoint                            0x08000d9d   Thumb Code   242  LCD_GUI.o(.text.GUI_drawPoint)
    GUI_drawRectangle                        0x08000e91   Thumb Code   426  LCD_GUI.o(.text.GUI_drawRectangle)
    GUI_init                                 0x0800103d   Thumb Code    28  LCD_GUI.o(.text.GUI_init)
    HAL_DMA_Abort                            0x08001059   Thumb Code   234  stm32f4xx_hal_dma.o(.text.HAL_DMA_Abort)
    HAL_Delay                                0x08001145   Thumb Code    66  stm32f4xx_hal.o(.text.HAL_Delay)
    HAL_ETH_ErrorCallback                    0x08001189   Thumb Code     8  stm32f4xx_hal_eth.o(.text.HAL_ETH_ErrorCallback)
    HAL_ETH_IRQHandler                       0x08001191   Thumb Code   194  stm32f4xx_hal_eth.o(.text.HAL_ETH_IRQHandler)
    HAL_ETH_RxCpltCallback                   0x08001255   Thumb Code     8  stm32f4xx_hal_eth.o(.text.HAL_ETH_RxCpltCallback)
    HAL_ETH_TxCpltCallback                   0x0800125d   Thumb Code     8  stm32f4xx_hal_eth.o(.text.HAL_ETH_TxCpltCallback)
    HAL_GPIO_DeInit                          0x08001265   Thumb Code   604  stm32f4xx_hal_gpio.o(.text.HAL_GPIO_DeInit)
    HAL_GPIO_Init                            0x080014c1   Thumb Code  1008  stm32f4xx_hal_gpio.o(.text.HAL_GPIO_Init)
    HAL_GPIO_ReadPin                         0x080018b1   Thumb Code    46  stm32f4xx_hal_gpio.o(.text.HAL_GPIO_ReadPin)
    HAL_GPIO_TogglePin                       0x080018e1   Thumb Code    50  stm32f4xx_hal_gpio.o(.text.HAL_GPIO_TogglePin)
    HAL_GPIO_WritePin                        0x08001915   Thumb Code    46  stm32f4xx_hal_gpio.o(.text.HAL_GPIO_WritePin)
    HAL_GetTick                              0x08001945   Thumb Code    12  stm32f4xx_hal.o(.text.HAL_GetTick)
    HAL_IncTick                              0x08001951   Thumb Code    26  stm32f4xx_hal.o(.text.HAL_IncTick)
    HAL_Init                                 0x0800196d   Thumb Code    46  stm32f4xx_hal.o(.text.HAL_Init)
    HAL_InitTick                             0x0800199d   Thumb Code   112  stm32f4xx_hal.o(.text.HAL_InitTick)
    HAL_MspInit                              0x08001a0d   Thumb Code     2  stm32f4xx_hal.o(.text.HAL_MspInit)
    HAL_NVIC_DisableIRQ                      0x08001a11   Thumb Code    20  stm32f4xx_hal_cortex.o(.text.HAL_NVIC_DisableIRQ)
    HAL_NVIC_SetPriority                     0x08001a25   Thumb Code    50  stm32f4xx_hal_cortex.o(.text.HAL_NVIC_SetPriority)
    HAL_NVIC_SetPriorityGrouping             0x08001a59   Thumb Code    16  stm32f4xx_hal_cortex.o(.text.HAL_NVIC_SetPriorityGrouping)
    HAL_PWREx_EnableOverDrive                0x08001a69   Thumb Code   190  stm32f4xx_hal_pwr_ex.o(.text.HAL_PWREx_EnableOverDrive)
    HAL_RCC_ClockConfig                      0x08001b29   Thumb Code   610  stm32f4xx_hal_rcc.o(.text.HAL_RCC_ClockConfig)
    HAL_RCC_GetHCLKFreq                      0x08001d8d   Thumb Code    12  stm32f4xx_hal_rcc.o(.text.HAL_RCC_GetHCLKFreq)
    HAL_RCC_GetPCLK1Freq                     0x08001d99   Thumb Code    34  stm32f4xx_hal_rcc.o(.text.HAL_RCC_GetPCLK1Freq)
    HAL_RCC_GetSysClockFreq                  0x08001dbd   Thumb Code   230  stm32f4xx_hal_rcc.o(.text.HAL_RCC_GetSysClockFreq)
    HAL_RCC_OscConfig                        0x08001ea5   Thumb Code  1700  stm32f4xx_hal_rcc.o(.text.HAL_RCC_OscConfig)
    HAL_SYSTICK_Config                       0x08002549   Thumb Code    16  stm32f4xx_hal_cortex.o(.text.HAL_SYSTICK_Config)
    HAL_TIMEx_MasterConfigSynchronization    0x08002559   Thumb Code   290  stm32f4xx_hal_tim_ex.o(.text.HAL_TIMEx_MasterConfigSynchronization)
    HAL_TIM_PWM_ConfigChannel                0x080026c5   Thumb Code   324  stm32f4xx_hal_tim.o(.text.HAL_TIM_PWM_ConfigChannel)
    HAL_TIM_PWM_Init                         0x08002809   Thumb Code    88  stm32f4xx_hal_tim.o(.text.HAL_TIM_PWM_Init)
    HAL_TIM_PWM_MspInit                      0x08002861   Thumb Code    62  LCD_TIM.o(.text.HAL_TIM_PWM_MspInit)
    HAL_TIM_PWM_Start                        0x080028a1   Thumb Code   128  stm32f4xx_hal_tim.o(.text.HAL_TIM_PWM_Start)
    HardFault_Handler                        0x08002921   Thumb Code     4  stm32f4xx_it.o(.text.HardFault_Handler)
    LCDErrHandler                            0x08002925   Thumb Code   182  LCD_Tools.o(.text.LCDErrHandler)
    LCD_clear                                0x08002b89   Thumb Code    34  LCD_Driver.o(.text.LCD_clear)
    LCD_fillRectangleBW                      0x08002bad   Thumb Code   398  LCD_Driver.o(.text.LCD_fillRectangleBW)
    LCD_fillRectangleMC                      0x08002d3d   Thumb Code   202  LCD_Driver.o(.text.LCD_fillRectangleMC)
    LCD_init                                 0x08002e09   Thumb Code   112  LCD_Driver.o(.text.LCD_init)
    MemManage_Handler                        0x080033cd   Thumb Code     4  stm32f4xx_it.o(.text.MemManage_Handler)
    NMI_Handler                              0x080033d1   Thumb Code     2  stm32f4xx_it.o(.text.NMI_Handler)
    PWM_SetValue                             0x08003441   Thumb Code    56  LCD_TIM.o(.text.PWM_SetValue)
    PendSV_Handler                           0x08003479   Thumb Code     2  stm32f4xx_it.o(.text.PendSV_Handler)
    SPI4W_Write_Byte                         0x0800347d   Thumb Code   184  LCD_SPI.o(.text.SPI4W_Write_Byte)
    SPIinit                                  0x0800365d   Thumb Code    14  LCD_SPI.o(.text.SPIinit)
    SVC_Handler                              0x0800366d   Thumb Code     2  stm32f4xx_it.o(.text.SVC_Handler)
    SysTick_Handler                          0x080036c5   Thumb Code     8  stm32f4xx_it.o(.text.SysTick_Handler)
    SystemInit                               0x08003785   Thumb Code   110  system_stm32f4xx.o(.text.SystemInit)
    TIM4_Init                                0x080037f5   Thumb Code     8  LCD_TIM.o(.text.TIM4_Init)
    TIM_Base_SetConfig                       0x080037fd   Thumb Code   410  stm32f4xx_hal_tim.o(.text.TIM_Base_SetConfig)
    TIM_CCxChannelCmd                        0x08003999   Thumb Code    54  stm32f4xx_hal_tim.o(.text.TIM_CCxChannelCmd)
    TIM_OC2_SetConfig                        0x08003abd   Thumb Code   244  stm32f4xx_hal_tim.o(.text.TIM_OC2_SetConfig)
    TP_InitBasic                             0x08003d49   Thumb Code    50  LCD_Touch.o(.text.TP_InitBasic)
    USART3_IRQHandler                        0x08003e2d   Thumb Code    16  USART_STM32F4xx.o(.text.USART3_IRQHandler)
    USART_IRQHandler                         0x08004ded   Thumb Code  1026  USART_STM32F4xx.o(.text.USART_IRQHandler)
    UsageFault_Handler                       0x08005d69   Thumb Code     4  stm32f4xx_it.o(.text.UsageFault_Handler)
    activateAbsolut                          0x08005e95   Thumb Code    78  main.o(.text.activateAbsolut)
    buttonHandler                            0x080061bd   Thumb Code    36  buttons.o(.text.buttonHandler)
    checkBounds                              0x080061e1   Thumb Code    60  display.o(.text.checkBounds)
    checkXBounds                             0x0800621d   Thumb Code    34  display.o(.text.checkXBounds)
    checkYBounds                             0x08006241   Thumb Code    34  display.o(.text.checkYBounds)
    convertColor                             0x080062ad   Thumb Code    66  сonverter.o(.text.convertColor)
    displayDrawAbsolut                       0x080062f1   Thumb Code    76  display.o(.text.displayDrawAbsolut)
    displayDrawRLE                           0x0800633d   Thumb Code   104  display.o(.text.displayDrawRLE)
    endline                                  0x080063a5   Thumb Code    88  display.o(.text.endline)
    errorHandler                             0x080063fd   Thumb Code   136  main.o(.text.errorHandler)
    getFileHeader                            0x08006485   Thumb Code    78  headers.o(.text.getFileHeader)
    getInfoHeader                            0x080064d5   Thumb Code    68  headers.o(.text.getInfoHeader)
    initCoords                               0x08006519   Thumb Code    76  display.o(.text.initCoords)
    initITSboard                             0x080066a5   Thumb Code    20  init.o(.text.initITSboard)
    initInput                                0x080066b9   Thumb Code    88  input.o(.text.initInput)
    inputRecognizer                          0x08006711   Thumb Code    76  statusHandler.o(.text.inputRecognizer)
    itoa                                     0x0800675d   Thumb Code   180  LCD_Tools.o(.text.itoa)
    lcdGotoXY                                0x08006811   Thumb Code    58  lcd.o(.text.lcdGotoXY)
    lcdPrintS                                0x0800684d   Thumb Code   466  lcd.o(.text.lcdPrintS)
    main                                     0x08006a21   Thumb Code   550  main.o(.text.main)
    nextChar                                 0x08006c49   Thumb Code   136  input.o(.text.nextChar)
    openNextFile                             0x08006cd1   Thumb Code    32  input.o(.text.openNextFile)
    printDebugMsg                            0x08006cf1   Thumb Code   178  LCD_Debug.o(.text.printDebugMsg)
    printError                               0x08006da5   Thumb Code   118  errorhandler.o(.text.printError)
    readHeaders                              0x08006e3d   Thumb Code   198  headers.o(.text.readHeaders)
    readPalette                              0x08006f05   Thumb Code    86  handshake.o(.text.readPalette)
    skipTrash                                0x08006f8d   Thumb Code    98  handshake.o(.text.skipTrash)
    statusCheck                              0x08007081   Thumb Code   124  main.o(.text.statusCheck)
    stdinout_init                            0x080070fd   Thumb Code   174  stdinout_USART.o(.text.stdinout_init)
    updateCoords                             0x080071f5   Thumb Code    96  display.o(.text.updateCoords)
    updateDelta                              0x08007255   Thumb Code    98  display.o(.text.updateDelta)
    __0snprintf                              0x08007485   Thumb Code    48  printfa.o(i.__0snprintf)
    __1snprintf                              0x08007485   Thumb Code     0  printfa.o(i.__0snprintf)
    __2snprintf                              0x08007485   Thumb Code     0  printfa.o(i.__0snprintf)
    __c89snprintf                            0x08007485   Thumb Code     0  printfa.o(i.__0snprintf)
    snprintf                                 0x08007485   Thumb Code     0  printfa.o(i.__0snprintf)
    __scatterload_copy                       0x080074b9   Thumb Code    14  handlers.o(i.__scatterload_copy)
    __scatterload_null                       0x080074c7   Thumb Code     2  handlers.o(i.__scatterload_null)
    __scatterload_zeroinit                   0x080074c9   Thumb Code    14  handlers.o(i.__scatterload_zeroinit)
    AHBPrescTable                            0x08007da0   Data          16  system_stm32f4xx.o(.rodata.AHBPrescTable)
    APBPrescTable                            0x08007db0   Data           8  system_stm32f4xx.o(.rodata.APBPrescTable)
    Driver_USART3                            0x08007db8   Data          56  USART_STM32F4xx.o(.rodata.Driver_USART3)
    initCmds                                 0x08007e44   Data         103  LCD_Driver.o(.rodata.initCmds)
    Region$$Table$$Base                      0x08008424   Number         0  anon$$obj.o(Region$$Table)
    Region$$Table$$Limit                     0x08008444   Number         0  anon$$obj.o(Region$$Table)
    Font16FLASH                              0x20000000   Data           8  fontsFLASH.o(.data.Font16FLASH)
    SystemCoreClock                          0x20000008   Data           4  system_stm32f4xx.o(.data.SystemCoreClock)
    nextFileReady                            0x20000028   Data           1  main.o(.data.nextFileReady)
    uwTickFreq                               0x20000030   Data           1  stm32f4xx_hal.o(.data.uwTickFreq)
    uwTickPrio                               0x20000034   Data           4  stm32f4xx_hal.o(.data.uwTickPrio)
    EthHandle                                0x20000038   Data          72  stm32f4xx_it.o(.bss.EthHandle)
    absoluteSize                             0x200000b8   Data           4  main.o(.bss.absoluteSize)
    bildHeight                               0x200000bc   Data           4  display.o(.bss.bildHeight)
    bildWidth                                0x200000c0   Data           4  display.o(.bss.bildWidth)
    buttons                                  0x200001c4   Data           2  main.o(.bss.buttons)
    coords                                   0x200001c6   Data           4  display.o(.bss.coords)
    fileHeader                               0x200001d8   Data          14  main.o(.bss.fileHeader)
    isAbsoluteMode                           0x20000250   Data           1  main.o(.bss.isAbsoluteMode)
    isAligned                                0x20000251   Data           1  main.o(.bss.isAligned)
    isFileCompleted                          0x20000252   Data           1  main.o(.bss.isFileCompleted)
    lcdColor                                 0x20000256   Data           2  main.o(.bss.lcdColor)
    nextByte                                 0x20000258   Data           2  main.o(.bss.nextByte)
    palette                                  0x20000260   Data        1024  main.o(.bss.palette)
    passport                                 0x20000660   Data          40  main.o(.bss.passport)
    status                                   0x20000ca0   Data           4  main.o(.bss.status)
    trash                                    0x20000ca4   Data           1  main.o(.bss.trash)
    uwTick                                   0x20000cac   Data           4  stm32f4xx_hal.o(.bss.uwTick)
    xCoords                                  0x20000cb4   Data           4  display.o(.bss.xCoords)
    yCoords                                  0x20000cb8   Data           4  display.o(.bss.yCoords)
    __initial_sp                             0x200010c0   Data           0  startup_stm32f429xx.o(STACK)



==============================================================================

Memory Map of the image

  Image Entry point : 0x080001c1

  Load Region LR_IROM1 (Base: 0x08000000, Size: 0x00008480, Max: 0x00200000, ABSOLUTE)

    Execution Region ER_IROM1 (Exec base: 0x08000000, Load base: 0x08000000, Size: 0x00008444, Max: 0x00200000, ABSOLUTE)

    Exec Addr    Load Addr    Size         Type   Attr      Idx    E Section Name        Object

    0x08000000   0x08000000   0x000001ac   Data   RO           63    RESET               startup_stm32f429xx.o
    0x080001ac   0x080001ac   0x00000000   Code   RO         1803  * .ARM.Collect$$$$00000000  mc_w.l(entry.o)
    0x080001ac   0x080001ac   0x00000004   Code   RO         1878    .ARM.Collect$$$$00000001  mc_w.l(entry2.o)
    0x080001b0   0x080001b0   0x00000004   Code   RO         1881    .ARM.Collect$$$$00000004  mc_w.l(entry5.o)
    0x080001b4   0x080001b4   0x00000000   Code   RO         1883    .ARM.Collect$$$$00000008  mc_w.l(entry7b.o)
    0x080001b4   0x080001b4   0x00000000   Code   RO         1885    .ARM.Collect$$$$0000000A  mc_w.l(entry8b.o)
    0x080001b4   0x080001b4   0x00000008   Code   RO         1886    .ARM.Collect$$$$0000000B  mc_w.l(entry9a.o)
    0x080001bc   0x080001bc   0x00000000   Code   RO         1888    .ARM.Collect$$$$0000000D  mc_w.l(entry10a.o)
    0x080001bc   0x080001bc   0x00000000   Code   RO         1890    .ARM.Collect$$$$0000000F  mc_w.l(entry11a.o)
    0x080001bc   0x080001bc   0x00000004   Code   RO         1879    .ARM.Collect$$$$00002712  mc_w.l(entry2.o)
    0x080001c0   0x080001c0   0x00000024   Code   RO           64  * .text               startup_stm32f429xx.o
    0x080001e4   0x080001e4   0x00000062   Code   RO         1806    .text               mc_w.l(uldiv.o)
    0x08000246   0x08000246   0x00000062   Code   RO         1808    .text               mc_w.l(ldiv.o)
    0x080002a8   0x080002a8   0x00000024   Code   RO         1810    .text               mc_w.l(memcpya.o)
    0x080002cc   0x080002cc   0x00000024   Code   RO         1812    .text               mc_w.l(memseta.o)
    0x080002f0   0x080002f0   0x0000000e   Code   RO         1814    .text               mc_w.l(strlen.o)
    0x080002fe   0x080002fe   0x0000002c   Code   RO         1906    .text               mc_w.l(uidiv.o)
    0x0800032a   0x0800032a   0x0000001e   Code   RO         1908    .text               mc_w.l(llshl.o)
    0x08000348   0x08000348   0x00000020   Code   RO         1910    .text               mc_w.l(llushr.o)
    0x08000368   0x08000368   0x00000000   Code   RO         1921    .text               mc_w.l(iusefp.o)
    0x08000368   0x08000368   0x000000ba   Code   RO         1922    .text               mf_w.l(depilogue.o)
    0x08000422   0x08000422   0x0000014e   Code   RO         1924    .text               mf_w.l(dadd.o)
    0x08000570   0x08000570   0x000000e4   Code   RO         1926    .text               mf_w.l(dmul.o)
    0x08000654   0x08000654   0x000000de   Code   RO         1928    .text               mf_w.l(ddiv.o)
    0x08000732   0x08000732   0x00000030   Code   RO         1932    .text               mf_w.l(dfixul.o)
    0x08000762   0x08000762   0x00000002   PAD
    0x08000764   0x08000764   0x00000030   Code   RO         1934    .text               mf_w.l(cdrcmple.o)
    0x08000794   0x08000794   0x00000030   Code   RO         1936    .text               mc_w.l(init.o)
    0x080007c4   0x080007c4   0x00000024   Code   RO         1939    .text               mc_w.l(llsshr.o)
    0x080007e8   0x080007e8   0x00000004   Code   RO           91    .text.BusFault_Handler  stm32f4xx_it.o
    0x080007ec   0x080007ec   0x00000052   Code   RO         1620    .text.COMread       input.o
    0x0800083e   0x0800083e   0x00000002   PAD
    0x08000840   0x08000840   0x00000002   Code   RO           97    .text.DebugMon_Handler  stm32f4xx_it.o
    0x08000842   0x08000842   0x00000002   PAD
    0x08000844   0x08000844   0x00000010   Code   RO         1295    .text.Driver_Delay_ms  LCD_Tools.o
    0x08000854   0x08000854   0x00000020   Code   RO         1297    .text.Driver_Delay_us  LCD_Tools.o
    0x08000874   0x08000874   0x00000010   Code   RO          103    .text.ETH_IRQHandler  stm32f4xx_it.o
    0x08000884   0x08000884   0x000001da   Code   RO         1518    .text.Enable_GPIO_Clock  USART_STM32F4xx.o
    0x08000a5e   0x08000a5e   0x00000002   PAD
    0x08000a60   0x08000a60   0x000000e8   Code   RO         1359    .text.Error_Handler  error.o
    0x08000b48   0x08000b48   0x00000008   Code   RO         1263    .text.GPIO_Init     LCD_GPIO.o
    0x08000b50   0x08000b50   0x00000014   Code   RO         1168    .text.GUI_clear     LCD_GUI.o
    0x08000b64   0x08000b64   0x000000bc   Code   RO         1174    .text.GUI_disChar   LCD_GUI.o
    0x08000c20   0x08000c20   0x00000068   Code   RO         1178    .text.GUI_disNum    LCD_GUI.o
    0x08000c88   0x08000c88   0x00000114   Code   RO         1176    .text.GUI_disStr    LCD_GUI.o
    0x08000d9c   0x08000d9c   0x000000f2   Code   RO         1170    .text.GUI_drawPoint  LCD_GUI.o
    0x08000e8e   0x08000e8e   0x00000002   PAD
    0x08000e90   0x08000e90   0x000001aa   Code   RO         1172    .text.GUI_drawRectangle  LCD_GUI.o
    0x0800103a   0x0800103a   0x00000002   PAD
    0x0800103c   0x0800103c   0x0000001c   Code   RO         1166    .text.GUI_init      LCD_GUI.o
    0x08001058   0x08001058   0x000000ea   Code   RO          750    .text.HAL_DMA_Abort  stm32f4xx_hal_dma.o
    0x08001142   0x08001142   0x00000002   PAD
    0x08001144   0x08001144   0x00000042   Code   RO          293    .text.HAL_Delay     stm32f4xx_hal.o
    0x08001186   0x08001186   0x00000002   PAD
    0x08001188   0x08001188   0x00000008   Code   RO          889    .text.HAL_ETH_ErrorCallback  stm32f4xx_hal_eth.o
    0x08001190   0x08001190   0x000000c2   Code   RO          883    .text.HAL_ETH_IRQHandler  stm32f4xx_hal_eth.o
    0x08001252   0x08001252   0x00000002   PAD
    0x08001254   0x08001254   0x00000008   Code   RO          885    .text.HAL_ETH_RxCpltCallback  stm32f4xx_hal_eth.o
    0x0800125c   0x0800125c   0x00000008   Code   RO          887    .text.HAL_ETH_TxCpltCallback  stm32f4xx_hal_eth.o
    0x08001264   0x08001264   0x0000025c   Code   RO          227    .text.HAL_GPIO_DeInit  stm32f4xx_hal_gpio.o
    0x080014c0   0x080014c0   0x000003f0   Code   RO          225    .text.HAL_GPIO_Init  stm32f4xx_hal_gpio.o
    0x080018b0   0x080018b0   0x0000002e   Code   RO          229    .text.HAL_GPIO_ReadPin  stm32f4xx_hal_gpio.o
    0x080018de   0x080018de   0x00000002   PAD
    0x080018e0   0x080018e0   0x00000032   Code   RO          233    .text.HAL_GPIO_TogglePin  stm32f4xx_hal_gpio.o
    0x08001912   0x08001912   0x00000002   PAD
    0x08001914   0x08001914   0x0000002e   Code   RO          231    .text.HAL_GPIO_WritePin  stm32f4xx_hal_gpio.o
    0x08001942   0x08001942   0x00000002   PAD
    0x08001944   0x08001944   0x0000000c   Code   RO          285    .text.HAL_GetTick   stm32f4xx_hal.o
    0x08001950   0x08001950   0x0000001a   Code   RO          283    .text.HAL_IncTick   stm32f4xx_hal.o
    0x0800196a   0x0800196a   0x00000002   PAD
    0x0800196c   0x0800196c   0x0000002e   Code   RO          273    .text.HAL_Init      stm32f4xx_hal.o
    0x0800199a   0x0800199a   0x00000002   PAD
    0x0800199c   0x0800199c   0x00000070   Code   RO          275    .text.HAL_InitTick  stm32f4xx_hal.o
    0x08001a0c   0x08001a0c   0x00000002   Code   RO          277    .text.HAL_MspInit   stm32f4xx_hal.o
    0x08001a0e   0x08001a0e   0x00000002   PAD
    0x08001a10   0x08001a10   0x00000014   Code   RO          129    .text.HAL_NVIC_DisableIRQ  stm32f4xx_hal_cortex.o
    0x08001a24   0x08001a24   0x00000032   Code   RO          117    .text.HAL_NVIC_SetPriority  stm32f4xx_hal_cortex.o
    0x08001a56   0x08001a56   0x00000002   PAD
    0x08001a58   0x08001a58   0x00000010   Code   RO          113    .text.HAL_NVIC_SetPriorityGrouping  stm32f4xx_hal_cortex.o
    0x08001a68   0x08001a68   0x000000be   Code   RO          260    .text.HAL_PWREx_EnableOverDrive  stm32f4xx_hal_pwr_ex.o
    0x08001b26   0x08001b26   0x00000002   PAD
    0x08001b28   0x08001b28   0x00000262   Code   RO          345    .text.HAL_RCC_ClockConfig  stm32f4xx_hal_rcc.o
    0x08001d8a   0x08001d8a   0x00000002   PAD
    0x08001d8c   0x08001d8c   0x0000000c   Code   RO          355    .text.HAL_RCC_GetHCLKFreq  stm32f4xx_hal_rcc.o
    0x08001d98   0x08001d98   0x00000022   Code   RO          357    .text.HAL_RCC_GetPCLK1Freq  stm32f4xx_hal_rcc.o
    0x08001dba   0x08001dba   0x00000002   PAD
    0x08001dbc   0x08001dbc   0x000000e6   Code   RO          347    .text.HAL_RCC_GetSysClockFreq  stm32f4xx_hal_rcc.o
    0x08001ea2   0x08001ea2   0x00000002   PAD
    0x08001ea4   0x08001ea4   0x000006a4   Code   RO          343    .text.HAL_RCC_OscConfig  stm32f4xx_hal_rcc.o
    0x08002548   0x08002548   0x00000010   Code   RO          137    .text.HAL_SYSTICK_Config  stm32f4xx_hal_cortex.o
    0x08002558   0x08002558   0x00000122   Code   RO          838    .text.HAL_TIMEx_MasterConfigSynchronization  stm32f4xx_hal_tim_ex.o
    0x0800267a   0x0800267a   0x00000002   PAD
    0x0800267c   0x0800267c   0x00000048   Code   RO         1284    .text.HAL_TIM_MspPostInit  LCD_TIM.o
    0x080026c4   0x080026c4   0x00000144   Code   RO          542    .text.HAL_TIM_PWM_ConfigChannel  stm32f4xx_hal_tim.o
    0x08002808   0x08002808   0x00000058   Code   RO          430    .text.HAL_TIM_PWM_Init  stm32f4xx_hal_tim.o
    0x08002860   0x08002860   0x0000003e   Code   RO         1278    .text.HAL_TIM_PWM_MspInit  LCD_TIM.o
    0x0800289e   0x0800289e   0x00000002   PAD
    0x080028a0   0x080028a0   0x00000080   Code   RO          438    .text.HAL_TIM_PWM_Start  stm32f4xx_hal_tim.o
    0x08002920   0x08002920   0x00000004   Code   RO           87    .text.HardFault_Handler  stm32f4xx_it.o
    0x08002924   0x08002924   0x000000b6   Code   RO         1299    .text.LCDErrHandler  LCD_Tools.o
    0x080029da   0x080029da   0x00000002   PAD
    0x080029dc   0x080029dc   0x0000004a   Code   RO         1132    .text.LCD_Reset     LCD_Driver.o
    0x08002a26   0x08002a26   0x00000002   PAD
    0x08002a28   0x08002a28   0x00000014   Code   RO         1134    .text.LCD_SetBackLight  LCD_Driver.o
    0x08002a3c   0x08002a3c   0x00000022   Code   RO         1138    .text.LCD_SetGramScanWay  LCD_Driver.o
    0x08002a5e   0x08002a5e   0x00000002   PAD
    0x08002a60   0x08002a60   0x00000048   Code   RO         1140    .text.LCD_WriteCMD  LCD_Driver.o
    0x08002aa8   0x08002aa8   0x00000056   Code   RO         1136    .text.LCD_WriteCMDList  LCD_Driver.o
    0x08002afe   0x08002afe   0x00000002   PAD
    0x08002b00   0x08002b00   0x00000016   Code   RO         1150    .text.LCD_WriteParam  LCD_Driver.o
    0x08002b16   0x08002b16   0x00000002   PAD
    0x08002b18   0x08002b18   0x00000070   Code   RO         1146    .text.LCD_WriteParameters  LCD_Driver.o
    0x08002b88   0x08002b88   0x00000022   Code   RO         1152    .text.LCD_clear     LCD_Driver.o
    0x08002baa   0x08002baa   0x00000002   PAD
    0x08002bac   0x08002bac   0x0000018e   Code   RO         1148    .text.LCD_fillRectangleBW  LCD_Driver.o
    0x08002d3a   0x08002d3a   0x00000002   PAD
    0x08002d3c   0x08002d3c   0x000000ca   Code   RO         1142    .text.LCD_fillRectangleMC  LCD_Driver.o
    0x08002e06   0x08002e06   0x00000002   PAD
    0x08002e08   0x08002e08   0x00000070   Code   RO         1130    .text.LCD_init      LCD_Driver.o
    0x08002e78   0x08002e78   0x00000058   Code   RO         1144    .text.LCD_setWindow  LCD_Driver.o
    0x08002ed0   0x08002ed0   0x00000022   Code   RO         1622    .text.LL_AHB1_GRP1_EnableClock  input.o
    0x08002ef2   0x08002ef2   0x00000002   PAD
    0x08002ef4   0x08002ef4   0x00000022   Code   RO         1640    .text.LL_DMA_DisableFifoMode  input.o
    0x08002f16   0x08002f16   0x00000002   PAD
    0x08002f18   0x08002f18   0x00000020   Code   RO         1652    .text.LL_DMA_EnableStream  input.o
    0x08002f38   0x08002f38   0x0000001e   Code   RO         1662    .text.LL_DMA_GetDataLength  input.o
    0x08002f56   0x08002f56   0x00000002   PAD
    0x08002f58   0x08002f58   0x0000002c   Code   RO         1624    .text.LL_DMA_SetChannelSelection  input.o
    0x08002f84   0x08002f84   0x00000032   Code   RO         1648    .text.LL_DMA_SetDataLength  input.o
    0x08002fb6   0x08002fb6   0x00000002   PAD
    0x08002fb8   0x08002fb8   0x0000002c   Code   RO         1626    .text.LL_DMA_SetDataTransferDirection  input.o
    0x08002fe4   0x08002fe4   0x00000020   Code   RO         1646    .text.LL_DMA_SetMemoryAddress  input.o
    0x08003004   0x08003004   0x0000002c   Code   RO         1634    .text.LL_DMA_SetMemoryIncMode  input.o
    0x08003030   0x08003030   0x0000002c   Code   RO         1638    .text.LL_DMA_SetMemorySize  input.o
    0x0800305c   0x0800305c   0x0000002c   Code   RO         1630    .text.LL_DMA_SetMode  input.o
    0x08003088   0x08003088   0x00000020   Code   RO         1642    .text.LL_DMA_SetPeriphAddress  input.o
    0x080030a8   0x080030a8   0x0000002c   Code   RO         1632    .text.LL_DMA_SetPeriphIncMode  input.o
    0x080030d4   0x080030d4   0x0000002c   Code   RO         1636    .text.LL_DMA_SetPeriphSize  input.o
    0x08003100   0x08003100   0x0000002c   Code   RO         1628    .text.LL_DMA_SetStreamPriorityLevel  input.o
    0x0800312c   0x0800312c   0x0000000c   Code   RO         1644    .text.LL_USART_DMA_GetRegAddr  input.o
    0x08003138   0x08003138   0x00000012   Code   RO         1650    .text.LL_USART_EnableDMAReq_RX  input.o
    0x0800314a   0x0800314a   0x00000002   PAD
    0x0800314c   0x0800314c   0x00000010   Code   RO         1660    .text.LL_USART_IsActiveFlag_TC  input.o
    0x0800315c   0x0800315c   0x00000010   Code   RO         1658    .text.LL_USART_IsActiveFlag_TXE  input.o
    0x0800316c   0x0800316c   0x00000014   Code   RO         1656    .text.LL_USART_TransmitData8  input.o
    0x08003180   0x08003180   0x0000019e   Code   RO         1265    .text.MX_GPIO_Init  LCD_GPIO.o
    0x0800331e   0x0800331e   0x00000002   PAD
    0x08003320   0x08003320   0x000000aa   Code   RO         1276    .text.MX_TIM4_Init  LCD_TIM.o
    0x080033ca   0x080033ca   0x00000002   PAD
    0x080033cc   0x080033cc   0x00000004   Code   RO           89    .text.MemManage_Handler  stm32f4xx_it.o
    0x080033d0   0x080033d0   0x00000002   Code   RO           85    .text.NMI_Handler   stm32f4xx_it.o
    0x080033d2   0x080033d2   0x00000002   PAD
    0x080033d4   0x080033d4   0x0000006c   Code   RO          123    .text.NVIC_EncodePriority  stm32f4xx_hal_cortex.o
    0x08003440   0x08003440   0x00000038   Code   RO         1282    .text.PWM_SetValue  LCD_TIM.o
    0x08003478   0x08003478   0x00000002   Code   RO           99    .text.PendSV_Handler  stm32f4xx_it.o
    0x0800347a   0x0800347a   0x00000002   PAD
    0x0800347c   0x0800347c   0x000000b8   Code   RO         1246    .text.SPI4W_Write_Byte  LCD_SPI.o
    0x08003534   0x08003534   0x0000004c   Code   RO         1240    .text.SPIInitDevWithoutHAL  LCD_SPI.o
    0x08003580   0x08003580   0x000000da   Code   RO         1238    .text.SPIInitGPIOsWithoutHAL  LCD_SPI.o
    0x0800365a   0x0800365a   0x00000002   PAD
    0x0800365c   0x0800365c   0x0000000e   Code   RO         1236    .text.SPIinit       LCD_SPI.o
    0x0800366a   0x0800366a   0x00000002   PAD
    0x0800366c   0x0800366c   0x00000002   Code   RO           95    .text.SVC_Handler   stm32f4xx_it.o
    0x0800366e   0x0800366e   0x00000002   PAD
    0x08003670   0x08003670   0x00000052   Code   RO          139    .text.SysTick_Config  stm32f4xx_hal_cortex.o
    0x080036c2   0x080036c2   0x00000002   PAD
    0x080036c4   0x080036c4   0x00000008   Code   RO          101    .text.SysTick_Handler  stm32f4xx_it.o
    0x080036cc   0x080036cc   0x000000b8   Code   RO         1401    .text.SystemClock_Config  init.o
    0x08003784   0x08003784   0x0000006e   Code   RO           71    .text.SystemInit    system_stm32f4xx.o
    0x080037f2   0x080037f2   0x00000002   PAD
    0x080037f4   0x080037f4   0x00000008   Code   RO         1274    .text.TIM4_Init     LCD_TIM.o
    0x080037fc   0x080037fc   0x0000019a   Code   RO          380    .text.TIM_Base_SetConfig  stm32f4xx_hal_tim.o
    0x08003996   0x08003996   0x00000002   PAD
    0x08003998   0x08003998   0x00000036   Code   RO          414    .text.TIM_CCxChannelCmd  stm32f4xx_hal_tim.o
    0x080039ce   0x080039ce   0x00000002   PAD
    0x080039d0   0x080039d0   0x000000ea   Code   RO          524    .text.TIM_OC1_SetConfig  stm32f4xx_hal_tim.o
    0x08003aba   0x08003aba   0x00000002   PAD
    0x08003abc   0x08003abc   0x000000f4   Code   RO          526    .text.TIM_OC2_SetConfig  stm32f4xx_hal_tim.o
    0x08003bb0   0x08003bb0   0x000000f2   Code   RO          528    .text.TIM_OC3_SetConfig  stm32f4xx_hal_tim.o
    0x08003ca2   0x08003ca2   0x00000002   PAD
    0x08003ca4   0x08003ca4   0x000000a4   Code   RO          530    .text.TIM_OC4_SetConfig  stm32f4xx_hal_tim.o
    0x08003d48   0x08003d48   0x00000032   Code   RO         1208    .text.TP_InitBasic  LCD_Touch.o
    0x08003d7a   0x08003d7a   0x00000002   PAD
    0x08003d7c   0x08003d7c   0x0000002a   Code   RO         1210    .text.TP_SetDefaultCalibration  LCD_Touch.o
    0x08003da6   0x08003da6   0x00000002   PAD
    0x08003da8   0x08003da8   0x0000001c   Code   RO         1506    .text.USART3_Control  USART_STM32F4xx.o
    0x08003dc4   0x08003dc4   0x00000018   Code   RO         1488    .text.USART3_GetCapabilities  USART_STM32F4xx.o
    0x08003ddc   0x08003ddc   0x00000018   Code   RO         1512    .text.USART3_GetModemStatus  USART_STM32F4xx.o
    0x08003df4   0x08003df4   0x00000010   Code   RO         1504    .text.USART3_GetRxCount  USART_STM32F4xx.o
    0x08003e04   0x08003e04   0x00000018   Code   RO         1508    .text.USART3_GetStatus  USART_STM32F4xx.o
    0x08003e1c   0x08003e1c   0x00000010   Code   RO         1502    .text.USART3_GetTxCount  USART_STM32F4xx.o
    0x08003e2c   0x08003e2c   0x00000010   Code   RO         1484    .text.USART3_IRQHandler  USART_STM32F4xx.o
    0x08003e3c   0x08003e3c   0x00000018   Code   RO         1490    .text.USART3_Initialize  USART_STM32F4xx.o
    0x08003e54   0x08003e54   0x0000001c   Code   RO         1494    .text.USART3_PowerControl  USART_STM32F4xx.o
    0x08003e70   0x08003e70   0x0000001c   Code   RO         1498    .text.USART3_Receive  USART_STM32F4xx.o
    0x08003e8c   0x08003e8c   0x0000001c   Code   RO         1496    .text.USART3_Send   USART_STM32F4xx.o
    0x08003ea8   0x08003ea8   0x0000001c   Code   RO         1510    .text.USART3_SetModemControl  USART_STM32F4xx.o
    0x08003ec4   0x08003ec4   0x00000020   Code   RO         1500    .text.USART3_Transfer  USART_STM32F4xx.o
    0x08003ee4   0x08003ee4   0x00000010   Code   RO         1492    .text.USART3_Uninitialize  USART_STM32F4xx.o
    0x08003ef4   0x08003ef4   0x00000d86   Code   RO         1540    .text.USART_Control  USART_STM32F4xx.o
    0x08004c7a   0x08004c7a   0x00000002   PAD
    0x08004c7c   0x08004c7c   0x00000010   Code   RO         1514    .text.USART_GetCapabilities  USART_STM32F4xx.o
    0x08004c8c   0x08004c8c   0x0000006a   Code   RO         1546    .text.USART_GetModemStatus  USART_STM32F4xx.o
    0x08004cf6   0x08004cf6   0x00000002   PAD
    0x08004cf8   0x08004cf8   0x0000000e   Code   RO         1538    .text.USART_GetRxCount  USART_STM32F4xx.o
    0x08004d06   0x08004d06   0x00000002   PAD
    0x08004d08   0x08004d08   0x000000d4   Code   RO         1542    .text.USART_GetStatus  USART_STM32F4xx.o
    0x08004ddc   0x08004ddc   0x0000000e   Code   RO         1536    .text.USART_GetTxCount  USART_STM32F4xx.o
    0x08004dea   0x08004dea   0x00000002   PAD
    0x08004dec   0x08004dec   0x00000402   Code   RO         1482    .text.USART_IRQHandler  USART_STM32F4xx.o
    0x080051ee   0x080051ee   0x00000002   PAD
    0x080051f0   0x080051f0   0x000000e0   Code   RO         1516    .text.USART_Initialize  USART_STM32F4xx.o
    0x080052d0   0x080052d0   0x0000024c   Code   RO         1528    .text.USART_PeripheralReset  USART_STM32F4xx.o
    0x0800551c   0x0800551c   0x0000045e   Code   RO         1522    .text.USART_PowerControl  USART_STM32F4xx.o
    0x0800597a   0x0800597a   0x00000002   PAD
    0x0800597c   0x0800597c   0x000000e4   Code   RO         1532    .text.USART_Receive  USART_STM32F4xx.o
    0x08005a60   0x08005a60   0x000000b6   Code   RO         1530    .text.USART_Send    USART_STM32F4xx.o
    0x08005b16   0x08005b16   0x00000002   PAD
    0x08005b18   0x08005b18   0x000000e2   Code   RO         1544    .text.USART_SetModemControl  USART_STM32F4xx.o
    0x08005bfa   0x08005bfa   0x00000002   PAD
    0x08005bfc   0x08005bfc   0x00000096   Code   RO         1534    .text.USART_Transfer  USART_STM32F4xx.o
    0x08005c92   0x08005c92   0x00000002   PAD
    0x08005c94   0x08005c94   0x000000c0   Code   RO         1520    .text.USART_Uninitialize  USART_STM32F4xx.o
    0x08005d54   0x08005d54   0x00000012   Code   RO         1486    .text.USARTx_GetVersion  USART_STM32F4xx.o
    0x08005d66   0x08005d66   0x00000002   PAD
    0x08005d68   0x08005d68   0x00000004   Code   RO           93    .text.UsageFault_Handler  stm32f4xx_it.o
    0x08005d6c   0x08005d6c   0x00000030   Code   RO         1524    .text.__NVIC_ClearPendingIRQ  USART_STM32F4xx.o
    0x08005d9c   0x08005d9c   0x00000038   Code   RO          131    .text.__NVIC_DisableIRQ  stm32f4xx_hal_cortex.o
    0x08005dd4   0x08005dd4   0x00000030   Code   RO         1526    .text.__NVIC_EnableIRQ  USART_STM32F4xx.o
    0x08005e04   0x08005e04   0x00000010   Code   RO          119    .text.__NVIC_GetPriorityGrouping  stm32f4xx_hal_cortex.o
    0x08005e14   0x08005e14   0x00000042   Code   RO          121    .text.__NVIC_SetPriority  stm32f4xx_hal_cortex.o
    0x08005e56   0x08005e56   0x00000002   PAD
    0x08005e58   0x08005e58   0x0000003c   Code   RO          115    .text.__NVIC_SetPriorityGrouping  stm32f4xx_hal_cortex.o
    0x08005e94   0x08005e94   0x0000004e   Code   RO         1696    .text.activateAbsolut  main.o
    0x08005ee2   0x08005ee2   0x00000002   PAD
    0x08005ee4   0x08005ee4   0x000002d8   Code   RO         1587    .text.basicChecks   headers.o
    0x080061bc   0x080061bc   0x00000024   Code   RO         1743    .text.buttonHandler  buttons.o
    0x080061e0   0x080061e0   0x0000003c   Code   RO         1765    .text.checkBounds   display.o
    0x0800621c   0x0800621c   0x00000022   Code   RO         1763    .text.checkXBounds  display.o
    0x0800623e   0x0800623e   0x00000002   PAD
    0x08006240   0x08006240   0x00000022   Code   RO         1761    .text.checkYBounds  display.o
    0x08006262   0x08006262   0x00000002   PAD
    0x08006264   0x08006264   0x00000048   Code   RO         1250    .text.check_SPI_SR  LCD_SPI.o
    0x080062ac   0x080062ac   0x00000042   Code   RO         1751    .text.convertColor  сonverter.o
    0x080062ee   0x080062ee   0x00000002   PAD
    0x080062f0   0x080062f0   0x0000004c   Code   RO         1771    .text.displayDrawAbsolut  display.o
    0x0800633c   0x0800633c   0x00000068   Code   RO         1769    .text.displayDrawRLE  display.o
    0x080063a4   0x080063a4   0x00000058   Code   RO         1775    .text.endline       display.o
    0x080063fc   0x080063fc   0x00000088   Code   RO         1698    .text.errorHandler  main.o
    0x08006484   0x08006484   0x0000004e   Code   RO         1589    .text.getFileHeader  headers.o
    0x080064d2   0x080064d2   0x00000002   PAD
    0x080064d4   0x080064d4   0x00000044   Code   RO         1591    .text.getInfoHeader  headers.o
    0x08006518   0x08006518   0x0000004c   Code   RO         1759    .text.initCoords    display.o
    0x08006564   0x08006564   0x00000140   Code   RO         1403    .text.initGPIOs     init.o
    0x080066a4   0x080066a4   0x00000014   Code   RO         1399    .text.initITSboard  init.o
    0x080066b8   0x080066b8   0x00000058   Code   RO         1604    .text.initInput     input.o
    0x08006710   0x08006710   0x0000004c   Code   RO         1790    .text.inputRecognizer  statusHandler.o
    0x0800675c   0x0800675c   0x000000b4   Code   RO         1301    .text.itoa          LCD_Tools.o
    0x08006810   0x08006810   0x0000003a   Code   RO         1381    .text.lcdGotoXY     lcd.o
    0x0800684a   0x0800684a   0x00000002   PAD
    0x0800684c   0x0800684c   0x000001d2   Code   RO         1367    .text.lcdPrintS     lcd.o
    0x08006a1e   0x08006a1e   0x00000002   PAD
    0x08006a20   0x08006a20   0x00000226   Code   RO         1702    .text.main          main.o
    0x08006c46   0x08006c46   0x00000002   PAD
    0x08006c48   0x08006c48   0x00000088   Code   RO         1612    .text.nextChar      input.o
    0x08006cd0   0x08006cd0   0x00000020   Code   RO         1616    .text.openNextFile  input.o
    0x08006cf0   0x08006cf0   0x000000b2   Code   RO         1333    .text.printDebugMsg  LCD_Debug.o
    0x08006da2   0x08006da2   0x00000002   PAD
    0x08006da4   0x08006da4   0x00000076   Code   RO         1575    .text.printError    errorhandler.o
    0x08006e1a   0x08006e1a   0x00000002   PAD
    0x08006e1c   0x08006e1c   0x0000001e   Code   RO         1608    .text.readChar      input.o
    0x08006e3a   0x08006e3a   0x00000002   PAD
    0x08006e3c   0x08006e3c   0x000000c6   Code   RO         1585    .text.readHeaders   headers.o
    0x08006f02   0x08006f02   0x00000002   PAD
    0x08006f04   0x08006f04   0x00000056   Code   RO         1730    .text.readPalette   handshake.o
    0x08006f5a   0x08006f5a   0x00000002   PAD
    0x08006f5c   0x08006f5c   0x00000030   Code   RO         1248    .text.save_restore_AltFn_SPI1_MOSI_Pin  LCD_SPI.o
    0x08006f8c   0x08006f8c   0x00000062   Code   RO         1732    .text.skipTrash     handshake.o
    0x08006fee   0x08006fee   0x00000002   PAD
    0x08006ff0   0x08006ff0   0x0000008e   Code   RO         1614    .text.startNextByteBurst  input.o
    0x0800707e   0x0800707e   0x00000002   PAD
    0x08007080   0x08007080   0x0000007c   Code   RO         1700    .text.statusCheck   main.o
    0x080070fc   0x080070fc   0x000000ae   Code   RO         1562    .text.stdinout_init  stdinout_USART.o
    0x080071aa   0x080071aa   0x00000002   PAD
    0x080071ac   0x080071ac   0x00000046   Code   RO         1369    .text.stringCopy    lcd.o
    0x080071f2   0x080071f2   0x00000002   PAD
    0x080071f4   0x080071f4   0x00000060   Code   RO         1767    .text.updateCoords  display.o
    0x08007254   0x08007254   0x00000062   Code   RO         1773    .text.updateDelta   display.o
    0x080072b6   0x080072b6   0x00000002   PAD
    0x080072b8   0x080072b8   0x000000bc   Code   RO         1606    .text.usbUartDMAInt  input.o
    0x08007374   0x08007374   0x00000094   Code   RO         1618    .text.usbUartRead   input.o
    0x08007408   0x08007408   0x00000060   Code   RO         1654    .text.usbUartWrite  input.o
    0x08007468   0x08007468   0x0000001a   Code   RO         1610    .text.writeChar     input.o
    0x08007482   0x08007482   0x00000002   PAD
    0x08007484   0x08007484   0x00000034   Code   RO         1820    i.__0snprintf       mc_w.l(printfa.o)
    0x080074b8   0x080074b8   0x0000000e   Code   RO         1944    i.__scatterload_copy  mc_w.l(handlers.o)
    0x080074c6   0x080074c6   0x00000002   Code   RO         1945    i.__scatterload_null  mc_w.l(handlers.o)
    0x080074c8   0x080074c8   0x0000000e   Code   RO         1946    i.__scatterload_zeroinit  mc_w.l(handlers.o)
    0x080074d6   0x080074d6   0x00000002   PAD
    0x080074d8   0x080074d8   0x00000184   Code   RO         1826    i._fp_digits        mc_w.l(printfa.o)
    0x0800765c   0x0800765c   0x000006dc   Code   RO         1827    i._printf_core      mc_w.l(printfa.o)
    0x08007d38   0x08007d38   0x00000024   Code   RO         1828    i._printf_post_padding  mc_w.l(printfa.o)
    0x08007d5c   0x08007d5c   0x0000002e   Code   RO         1829    i._printf_pre_padding  mc_w.l(printfa.o)
    0x08007d8a   0x08007d8a   0x00000016   Code   RO         1830    i._snputc           mc_w.l(printfa.o)
    0x08007da0   0x08007da0   0x00000010   Data   RO           76    .rodata.AHBPrescTable  system_stm32f4xx.o
    0x08007db0   0x08007db0   0x00000008   Data   RO           77    .rodata.APBPrescTable  system_stm32f4xx.o
    0x08007db8   0x08007db8   0x00000038   Data   RO         1548    .rodata.Driver_USART3  USART_STM32F4xx.o
    0x08007df0   0x08007df0   0x00000008   Data   RO         1668    .rodata.STREAM_OFFSET_TAB  input.o
    0x08007df8   0x08007df8   0x00000034   Data   RO         1553    .rodata.USART3_Resources  USART_STM32F4xx.o
    0x08007e2c   0x08007e2c   0x0000000c   Data   RO         1550    .rodata.USART3_rx   USART_STM32F4xx.o
    0x08007e38   0x08007e38   0x0000000c   Data   RO         1549    .rodata.USART3_tx   USART_STM32F4xx.o
    0x08007e44   0x08007e44   0x00000067   Data   RO         1158    .rodata.initCmds    LCD_Driver.o
    0x08007eab   0x08007eab   0x00000052   Data   RO         1190    .rodata.str1.1      LCD_GUI.o
    0x08007efd   0x08007efd   0x00000052   Data   RO         1254    .rodata.str1.1      LCD_SPI.o
    0x08007f4f   0x08007f4f   0x00000052   Data   RO         1287    .rodata.str1.1      LCD_TIM.o
    0x08007fa1   0x08007fa1   0x0000001c   Data   RO         1336    .rodata.str1.1      LCD_Debug.o
    0x08007fbd   0x08007fbd   0x0000001e   Data   RO         1578    .rodata.str1.1      errorhandler.o
    0x08007fdb   0x08007fdb   0x00000283   Data   RO         1595    .rodata.str1.1      headers.o
    0x0800825e   0x0800825e   0x0000009b   Data   RO         1664    .rodata.str1.1      input.o
    0x080082f9   0x080082f9   0x00000129   Data   RO         1713    .rodata.str1.1      main.o
    0x08008422   0x08008422   0x00000002   PAD
    0x08008424   0x08008424   0x00000020   Data   RO         1943    Region$$Table       anon$$obj.o


    Execution Region RW_IRAM1 (Exec base: 0x20000000, Load base: 0x08008448, Size: 0x000010c0, Max: 0x00030000, ABSOLUTE)

    Exec Addr    Load Addr    Size         Type   Attr      Idx    E Section Name        Object

    0x20000000   0x08008448   0x00000008   Data   RW         1102    .data.Font16FLASH   fontsFLASH.o
    0x20000008   0x08008450   0x00000004   Data   RW           75    .data.SystemCoreClock  system_stm32f4xx.o
    0x2000000c   0x08008454   0x00000004   Data   RW         1385    .data.crd           lcd.o
    0x20000010   0x08008458   0x00000004   Data   RW         1386    .data.fontHeight    lcd.o
    0x20000014   0x0800845c   0x00000004   Data   RW         1384    .data.fontWidth     lcd.o
    0x20000018   0x08008460   0x00000004   Data   RW         1387    .data.lcdFont       lcd.o
    0x2000001c   0x08008464   0x00000004   Data   RW         1383    .data.lcdmaxx       lcd.o
    0x20000020   0x08008468   0x00000004   Data   RW         1389    .data.lcdmaxy       lcd.o
    0x20000024   0x0800846c   0x00000004   Data   RW         1666    .data.nextCharPos   input.o
    0x20000028   0x08008470   0x00000001   Data   RW         1704    .data.nextFileReady  main.o
    0x20000029   0x08008471   0x00000003   PAD
    0x2000002c   0x08008474   0x00000004   Data   RW         1255    .data.save_restore_AltFn_SPI1_MOSI_Pin.saved_AF  LCD_SPI.o
    0x20000030   0x08008478   0x00000001   Data   RW          332    .data.uwTickFreq    stm32f4xx_hal.o
    0x20000031   0x08008479   0x00000003   PAD
    0x20000034   0x0800847c   0x00000004   Data   RW          331    .data.uwTickPrio    stm32f4xx_hal.o
    0x20000038        -       0x00000048   Zero   RW          105    .bss.EthHandle      stm32f4xx_it.o
    0x20000080        -       0x00000014   Zero   RW         1551    .bss.USART3_Info    USART_STM32F4xx.o
    0x20000094        -       0x00000024   Zero   RW         1552    .bss.USART3_TransferInfo  USART_STM32F4xx.o
    0x200000b8        -       0x00000004   Zero   RW         1710    .bss.absoluteSize   main.o
    0x200000bc        -       0x00000004   Zero   RW         1781    .bss.bildHeight     display.o
    0x200000c0        -       0x00000004   Zero   RW         1780    .bss.bildWidth      display.o
    0x200000c4        -       0x00000100   Zero   RW         1577    .bss.buf            errorhandler.o
    0x200001c4        -       0x00000002   Zero   RW         1707    .bss.buttons        main.o
    0x200001c6        -       0x00000004   Zero   RW         1782    .bss.coords         display.o
    0x200001ca        -       0x0000000e   Zero   RW         1594    .bss.fileHeader     headers.o
    0x200001d8        -       0x0000000e   Zero   RW         1714    .bss.fileHeader     main.o
    0x200001e6   0x08008480   0x00000002   PAD
    0x200001e8        -       0x00000040   Zero   RW         1286    .bss.htim4          LCD_TIM.o
    0x20000228        -       0x00000028   Zero   RW         1596    .bss.infoHeader     headers.o
    0x20000250        -       0x00000001   Zero   RW         1706    .bss.isAbsoluteMode  main.o
    0x20000251        -       0x00000001   Zero   RW         1711    .bss.isAligned      main.o
    0x20000252        -       0x00000001   Zero   RW         1705    .bss.isFileCompleted  main.o
    0x20000253   0x08008480   0x00000001   PAD
    0x20000254        -       0x00000002   Zero   RW         1388    .bss.lcdColor       lcd.o
    0x20000256        -       0x00000002   Zero   RW         1709    .bss.lcdColor       main.o
    0x20000258        -       0x00000002   Zero   RW         1708    .bss.nextByte       main.o
    0x2000025a   0x08008480   0x00000002   PAD
    0x2000025c        -       0x00000004   Zero   RW         1665    .bss.noElemsInBuf   input.o
    0x20000260        -       0x00000400   Zero   RW         1716    .bss.palette        main.o
    0x20000660        -       0x00000028   Zero   RW         1715    .bss.passport       main.o
    0x20000688        -       0x00000600   Zero   RW         1667    .bss.ringBuffer     input.o
    0x20000c88        -       0x00000018   Zero   RW         1227    .bss.sTP_DEV        LCD_Touch.o
    0x20000ca0        -       0x00000004   Zero   RW         1712    .bss.status         main.o
    0x20000ca4        -       0x00000001   Zero   RW         1717    .bss.trash          main.o
    0x20000ca5   0x08008480   0x00000003   PAD
    0x20000ca8        -       0x00000004   Zero   RW         1669    .bss.usbUartRead.nextReadPos  input.o
    0x20000cac        -       0x00000004   Zero   RW          333    .bss.uwTick         stm32f4xx_hal.o
    0x20000cb0        -       0x00000001   Zero   RW         1593    .bss.validHeaders   headers.o
    0x20000cb1   0x08008480   0x00000003   PAD
    0x20000cb4        -       0x00000004   Zero   RW         1777    .bss.xCoords        display.o
    0x20000cb8        -       0x00000004   Zero   RW         1778    .bss.yCoords        display.o
    0x20000cbc   0x08008480   0x00000004   PAD
    0x20000cc0        -       0x00000400   Zero   RW           61    STACK               startup_stm32f429xx.o


==============================================================================

Image component sizes


      Code (inc. data)   RO Data    RW Data    ZI Data      Debug   Object Name

       178          0         28          0          0       1202   LCD_Debug.o
      1254          0        103          0          0       4569   LCD_Driver.o
       422          0          0          0          0       2703   LCD_GPIO.o
      1284          0         82          0          0       6715   LCD_GUI.o
       612          0         82          4          0       5463   LCD_SPI.o
       368          0         82          0         64       6159   LCD_TIM.o
       410          0          0          0          0       3111   LCD_Tools.o
        92          0          0          0         24       6454   LCD_Touch.o
      8678         52        132          0         56      22515   USART_STM32F4xx.o
        36          0          0          0          0        818   buttons.o
       666          0          0          0         20       2998   display.o
       232          0          0          0          0       2438   error.o
       118          0         30          0        256        920   errorhandler.o
         0          0          0          8          0       1900   fontsFLASH.o
       184          0          0          0          0       3031   handshake.o
      1072          0        643          0         55       2738   headers.o
       524          0          0          0          0       3897   init.o
      1646          0        163          4       1544       7461   input.o
       594          0          0         24          2       3887   lcd.o
       888          6        297          1       1096       3363   main.o
        36          8        428          0       1024       1012   startup_stm32f429xx.o
        76          0          0          0          0        674   statusHandler.o
       174          0          0          0          0       1567   stdinout_USART.o
       264          0          0          5          4       7920   stm32f4xx_hal.o
       490          0          0          0          0       9981   stm32f4xx_hal_cortex.o
       234          0          0          0          0       8852   stm32f4xx_hal_dma.o
       218          0          0          0          0      16150   stm32f4xx_hal_eth.o
      1754          0          0          0          0       5569   stm32f4xx_hal_gpio.o
       190          0          0          0          0       4825   stm32f4xx_hal_pwr_ex.o
      2586          0          0          0          0       8106   stm32f4xx_hal_rcc.o
      1888         14          0          0          0      31924   stm32f4xx_hal_tim.o
       290          0          0          0          0      13178   stm32f4xx_hal_tim_ex.o
        48          0          0          0         72       4889   stm32f4xx_it.o
       110          0         24          4          0       2882   system_stm32f4xx.o
        66          0          0          0          0       1095   сonverter.o

    ----------------------------------------------------------------------
     27840         80       2128         56       4232     210966   Object Totals
         0          0         32          0          0          0   (incl. Generated)
       158          0          2          6         15          0   (incl. Padding)

    ----------------------------------------------------------------------

      Code (inc. data)   RO Data    RW Data    ZI Data      Debug   Library Member Name

         0          0          0          0          0          0   entry.o
         0          0          0          0          0          0   entry10a.o
         0          0          0          0          0          0   entry11a.o
         8          4          0          0          0          0   entry2.o
         4          0          0          0          0          0   entry5.o
         0          0          0          0          0          0   entry7b.o
         0          0          0          0          0          0   entry8b.o
         8          4          0          0          0          0   entry9a.o
        30          0          0          0          0          0   handlers.o
        48         10          0          0          0         68   init.o
         0          0          0          0          0          0   iusefp.o
        98          0          0          0          0         84   ldiv.o
        30          0          0          0          0         68   llshl.o
        36          0          0          0          0         68   llsshr.o
        32          0          0          0          0         68   llushr.o
        36          0          0          0          0         68   memcpya.o
        36          0          0          0          0        108   memseta.o
      2300         84          0          0          0        524   printfa.o
        14          0          0          0          0         68   strlen.o
        44          0          0          0          0         80   uidiv.o
        98          0          0          0          0         92   uldiv.o
        48          0          0          0          0         68   cdrcmple.o
       334          0          0          0          0        148   dadd.o
       222          0          0          0          0        100   ddiv.o
       186          0          0          0          0        176   depilogue.o
        48          0          0          0          0         68   dfixul.o
       228          0          0          0          0         96   dmul.o

    ----------------------------------------------------------------------
      3892        102          0          0          0       1952   Library Totals
         4          0          0          0          0          0   (incl. Padding)

    ----------------------------------------------------------------------

      Code (inc. data)   RO Data    RW Data    ZI Data      Debug   Library Name

      2822        102          0          0          0       1296   mc_w.l
      1066          0          0          0          0        656   mf_w.l

    ----------------------------------------------------------------------
      3892        102          0          0          0       1952   Library Totals

    ----------------------------------------------------------------------

==============================================================================


      Code (inc. data)   RO Data    RW Data    ZI Data      Debug   

     31732        182       2128         56       4232     211494   Grand Totals
     31732        182       2128         56       4232     211494   ELF Image Totals
     31732        182       2128         56          0          0   ROM Totals

==============================================================================

    Total RO  Size (Code + RO Data)                33860 (  33.07kB)
    Total RW  Size (RW Data + ZI Data)              4288 (   4.19kB)
    Total ROM Size (Code + RO Data + RW Data)      33916 (  33.12kB)

==============================================================================

