Component: Arm Compiler for Embedded 6.24 Tool: armlink [5f371500]

==============================================================================

Section Cross References

    stm32f4xx_nucleo_144.o(.ARM.exidx.text.BSP_GetVersion) refers to stm32f4xx_nucleo_144.o(.text.BSP_GetVersion) for [Anonymous Symbol]
    stm32f4xx_nucleo_144.o(.text.BSP_LED_Init) refers to stm32f4xx_nucleo_144.o(.rodata.GPIO_PIN) for GPIO_PIN
    stm32f4xx_nucleo_144.o(.text.BSP_LED_Init) refers to stm32f4xx_nucleo_144.o(.data.GPIO_PORT) for GPIO_PORT
    stm32f4xx_nucleo_144.o(.text.BSP_LED_Init) refers to stm32f4xx_hal_gpio.o(.text.HAL_GPIO_Init) for HAL_GPIO_Init
    stm32f4xx_nucleo_144.o(.text.BSP_LED_Init) refers to stm32f4xx_hal_gpio.o(.text.HAL_GPIO_WritePin) for HAL_GPIO_WritePin
    stm32f4xx_nucleo_144.o(.ARM.exidx.text.BSP_LED_Init) refers to stm32f4xx_nucleo_144.o(.text.BSP_LED_Init) for [Anonymous Symbol]
    stm32f4xx_nucleo_144.o(.text.BSP_LED_DeInit) refers to stm32f4xx_nucleo_144.o(.data.GPIO_PORT) for GPIO_PORT
    stm32f4xx_nucleo_144.o(.text.BSP_LED_DeInit) refers to stm32f4xx_nucleo_144.o(.rodata.GPIO_PIN) for GPIO_PIN
    stm32f4xx_nucleo_144.o(.text.BSP_LED_DeInit) refers to stm32f4xx_hal_gpio.o(.text.HAL_GPIO_WritePin) for HAL_GPIO_WritePin
    stm32f4xx_nucleo_144.o(.text.BSP_LED_DeInit) refers to stm32f4xx_hal_gpio.o(.text.HAL_GPIO_DeInit) for HAL_GPIO_DeInit
    stm32f4xx_nucleo_144.o(.ARM.exidx.text.BSP_LED_DeInit) refers to stm32f4xx_nucleo_144.o(.text.BSP_LED_DeInit) for [Anonymous Symbol]
    stm32f4xx_nucleo_144.o(.text.BSP_LED_On) refers to stm32f4xx_nucleo_144.o(.data.GPIO_PORT) for GPIO_PORT
    stm32f4xx_nucleo_144.o(.text.BSP_LED_On) refers to stm32f4xx_nucleo_144.o(.rodata.GPIO_PIN) for GPIO_PIN
    stm32f4xx_nucleo_144.o(.text.BSP_LED_On) refers to stm32f4xx_hal_gpio.o(.text.HAL_GPIO_WritePin) for HAL_GPIO_WritePin
    stm32f4xx_nucleo_144.o(.ARM.exidx.text.BSP_LED_On) refers to stm32f4xx_nucleo_144.o(.text.BSP_LED_On) for [Anonymous Symbol]
    stm32f4xx_nucleo_144.o(.text.BSP_LED_Off) refers to stm32f4xx_nucleo_144.o(.data.GPIO_PORT) for GPIO_PORT
    stm32f4xx_nucleo_144.o(.text.BSP_LED_Off) refers to stm32f4xx_nucleo_144.o(.rodata.GPIO_PIN) for GPIO_PIN
    stm32f4xx_nucleo_144.o(.text.BSP_LED_Off) refers to stm32f4xx_hal_gpio.o(.text.HAL_GPIO_WritePin) for HAL_GPIO_WritePin
    stm32f4xx_nucleo_144.o(.ARM.exidx.text.BSP_LED_Off) refers to stm32f4xx_nucleo_144.o(.text.BSP_LED_Off) for [Anonymous Symbol]
    stm32f4xx_nucleo_144.o(.text.BSP_LED_Toggle) refers to stm32f4xx_nucleo_144.o(.data.GPIO_PORT) for GPIO_PORT
    stm32f4xx_nucleo_144.o(.text.BSP_LED_Toggle) refers to stm32f4xx_nucleo_144.o(.rodata.GPIO_PIN) for GPIO_PIN
    stm32f4xx_nucleo_144.o(.text.BSP_LED_Toggle) refers to stm32f4xx_hal_gpio.o(.text.HAL_GPIO_TogglePin) for HAL_GPIO_TogglePin
    stm32f4xx_nucleo_144.o(.ARM.exidx.text.BSP_LED_Toggle) refers to stm32f4xx_nucleo_144.o(.text.BSP_LED_Toggle) for [Anonymous Symbol]
    stm32f4xx_nucleo_144.o(.text.BSP_PB_Init) refers to stm32f4xx_nucleo_144.o(.rodata.BUTTON_PIN) for BUTTON_PIN
    stm32f4xx_nucleo_144.o(.text.BSP_PB_Init) refers to stm32f4xx_nucleo_144.o(.data.BUTTON_PORT) for BUTTON_PORT
    stm32f4xx_nucleo_144.o(.text.BSP_PB_Init) refers to stm32f4xx_hal_gpio.o(.text.HAL_GPIO_Init) for HAL_GPIO_Init
    stm32f4xx_nucleo_144.o(.text.BSP_PB_Init) refers to stm32f4xx_nucleo_144.o(.rodata.BUTTON_IRQn) for BUTTON_IRQn
    stm32f4xx_nucleo_144.o(.text.BSP_PB_Init) refers to stm32f4xx_hal_cortex.o(.text.HAL_NVIC_SetPriority) for HAL_NVIC_SetPriority
    stm32f4xx_nucleo_144.o(.text.BSP_PB_Init) refers to stm32f4xx_hal_cortex.o(.text.HAL_NVIC_EnableIRQ) for HAL_NVIC_EnableIRQ
    stm32f4xx_nucleo_144.o(.ARM.exidx.text.BSP_PB_Init) refers to stm32f4xx_nucleo_144.o(.text.BSP_PB_Init) for [Anonymous Symbol]
    stm32f4xx_nucleo_144.o(.text.BSP_PB_DeInit) refers to stm32f4xx_nucleo_144.o(.rodata.BUTTON_PIN) for BUTTON_PIN
    stm32f4xx_nucleo_144.o(.text.BSP_PB_DeInit) refers to stm32f4xx_nucleo_144.o(.rodata.BUTTON_IRQn) for BUTTON_IRQn
    stm32f4xx_nucleo_144.o(.text.BSP_PB_DeInit) refers to stm32f4xx_hal_cortex.o(.text.HAL_NVIC_DisableIRQ) for HAL_NVIC_DisableIRQ
    stm32f4xx_nucleo_144.o(.text.BSP_PB_DeInit) refers to stm32f4xx_nucleo_144.o(.data.BUTTON_PORT) for BUTTON_PORT
    stm32f4xx_nucleo_144.o(.text.BSP_PB_DeInit) refers to stm32f4xx_hal_gpio.o(.text.HAL_GPIO_DeInit) for HAL_GPIO_DeInit
    stm32f4xx_nucleo_144.o(.ARM.exidx.text.BSP_PB_DeInit) refers to stm32f4xx_nucleo_144.o(.text.BSP_PB_DeInit) for [Anonymous Symbol]
    stm32f4xx_nucleo_144.o(.text.BSP_PB_GetState) refers to stm32f4xx_nucleo_144.o(.data.BUTTON_PORT) for BUTTON_PORT
    stm32f4xx_nucleo_144.o(.text.BSP_PB_GetState) refers to stm32f4xx_nucleo_144.o(.rodata.BUTTON_PIN) for BUTTON_PIN
    stm32f4xx_nucleo_144.o(.text.BSP_PB_GetState) refers to stm32f4xx_hal_gpio.o(.text.HAL_GPIO_ReadPin) for HAL_GPIO_ReadPin
[...]
    [Anonymous Symbol]                       0x080018c8   Section        0  stm32f4xx_hal_rcc.o(.text.HAL_RCC_GetPCLK1Freq)
    [Anonymous Symbol]                       0x080018ec   Section        0  stm32f4xx_hal_rcc.o(.text.HAL_RCC_GetSysClockFreq)
    [Anonymous Symbol]                       0x080019d4   Section        0  stm32f4xx_hal_rcc.o(.text.HAL_RCC_OscConfig)
    [Anonymous Symbol]                       0x08002078   Section        0  stm32f4xx_hal_cortex.o(.text.HAL_SYSTICK_Config)
    [Anonymous Symbol]                       0x08002088   Section        0  stm32f4xx_hal_tim_ex.o(.text.HAL_TIMEx_MasterConfigSynchronization)
    HAL_TIM_MspPostInit                      0x080021ad   Thumb Code    72  LCD_TIM.o(.text.HAL_TIM_MspPostInit)
    [Anonymous Symbol]                       0x080021ac   Section        0  LCD_TIM.o(.text.HAL_TIM_MspPostInit)
    [Anonymous Symbol]                       0x080021f4   Section        0  stm32f4xx_hal_tim.o(.text.HAL_TIM_PWM_ConfigChannel)
    [Anonymous Symbol]                       0x08002338   Section        0  stm32f4xx_hal_tim.o(.text.HAL_TIM_PWM_Init)
    [Anonymous Symbol]                       0x08002390   Section        0  LCD_TIM.o(.text.HAL_TIM_PWM_MspInit)
    [Anonymous Symbol]                       0x080023d0   Section        0  stm32f4xx_hal_tim.o(.text.HAL_TIM_PWM_Start)
    [Anonymous Symbol]                       0x08002450   Section        0  stm32f4xx_it.o(.text.HardFault_Handler)
    [Anonymous Symbol]                       0x08002454   Section        0  LCD_Tools.o(.text.LCDErrHandler)
    LCD_Reset                                0x0800250d   Thumb Code    74  LCD_Driver.o(.text.LCD_Reset)
    [Anonymous Symbol]                       0x0800250c   Section        0  LCD_Driver.o(.text.LCD_Reset)
    LCD_SetBackLight                         0x08002559   Thumb Code    20  LCD_Driver.o(.text.LCD_SetBackLight)
    [Anonymous Symbol]                       0x08002558   Section        0  LCD_Driver.o(.text.LCD_SetBackLight)
    LCD_SetGramScanWay                       0x0800256d   Thumb Code    34  LCD_Driver.o(.text.LCD_SetGramScanWay)
    [Anonymous Symbol]                       0x0800256c   Section        0  LCD_Driver.o(.text.LCD_SetGramScanWay)
    LCD_WriteCMD                             0x08002591   Thumb Code    72  LCD_Driver.o(.text.LCD_WriteCMD)
    [Anonymous Symbol]                       0x08002590   Section        0  LCD_Driver.o(.text.LCD_WriteCMD)
    LCD_WriteCMDList                         0x080025d9   Thumb Code    86  LCD_Driver.o(.text.LCD_WriteCMDList)
    [Anonymous Symbol]                       0x080025d8   Section        0  LCD_Driver.o(.text.LCD_WriteCMDList)
    LCD_WriteParam                           0x08002631   Thumb Code    22  LCD_Driver.o(.text.LCD_WriteParam)
    [Anonymous Symbol]                       0x08002630   Section        0  LCD_Driver.o(.text.LCD_WriteParam)
    LCD_WriteParameters                      0x08002649   Thumb Code   112  LCD_Driver.o(.text.LCD_WriteParameters)
    [Anonymous Symbol]                       0x08002648   Section        0  LCD_Driver.o(.text.LCD_WriteParameters)
    [Anonymous Symbol]                       0x080026b8   Section        0  LCD_Driver.o(.text.LCD_clear)
    [Anonymous Symbol]                       0x080026dc   Section        0  LCD_Driver.o(.text.LCD_fillRectangleBW)
    [Anonymous Symbol]                       0x0800286c   Section        0  LCD_Driver.o(.text.LCD_fillRectangleMC)
    [Anonymous Symbol]                       0x08002938   Section        0  LCD_Driver.o(.text.LCD_init)
    LCD_setWindow                            0x080029a9   Thumb Code    88  LCD_Driver.o(.text.LCD_setWindow)
    [Anonymous Symbol]                       0x080029a8   Section        0  LCD_Driver.o(.text.LCD_setWindow)
    MX_GPIO_Init                             0x08002a01   Thumb Code   414  LCD_GPIO.o(.text.MX_GPIO_Init)
    [Anonymous Symbol]                       0x08002a00   Section        0  LCD_GPIO.o(.text.MX_GPIO_Init)
    MX_TIM4_Init                             0x08002ba1   Thumb Code   170  LCD_TIM.o(.text.MX_TIM4_Init)
    [Anonymous Symbol]                       0x08002ba0   Section        0  LCD_TIM.o(.text.MX_TIM4_Init)
    [Anonymous Symbol]                       0x08002c4c   Section        0  stm32f4xx_it.o(.text.MemManage_Handler)
    [Anonymous Symbol]                       0x08002c50   Section        0  stm32f4xx_it.o(.text.NMI_Handler)
    NVIC_EncodePriority                      0x08002c55   Thumb Code   108  stm32f4xx_hal_cortex.o(.text.NVIC_EncodePriority)
    [Anonymous Symbol]                       0x08002c54   Section        0  stm32f4xx_hal_cortex.o(.text.NVIC_EncodePriority)
    [Anonymous Symbol]                       0x08002cc0   Section        0  LCD_TIM.o(.text.PWM_SetValue)
    [Anonymous Symbol]                       0x08002cf8   Section        0  stm32f4xx_it.o(.text.PendSV_Handler)
    [Anonymous Symbol]                       0x08002cfc   Section        0  LCD_SPI.o(.text.SPI4W_Read_Byte)
    [Anonymous Symbol]                       0x08002d08   Section        0  LCD_SPI.o(.text.SPI4W_Write_Byte)
    SPIInitDevWithoutHAL                     0x08002dc1   Thumb Code    76  LCD_SPI.o(.text.SPIInitDevWithoutHAL)
    [Anonymous Symbol]                       0x08002dc0   Section        0  LCD_SPI.o(.text.SPIInitDevWithoutHAL)
    SPIInitGPIOsWithoutHAL                   0x08002e0d   Thumb Code   218  LCD_SPI.o(.text.SPIInitGPIOsWithoutHAL)
    [Anonymous Symbol]                       0x08002e0c   Section        0  LCD_SPI.o(.text.SPIInitGPIOsWithoutHAL)
    [Anonymous Symbol]                       0x08002ee8   Section        0  LCD_SPI.o(.text.SPIinit)
    [Anonymous Symbol]                       0x08002ef8   Section        0  LCD_SPI.o(.text.SPIsetLCDSpeed)
    [Anonymous Symbol]                       0x08002f04   Section        0  LCD_SPI.o(.text.SPIsetTPSpeed)
    [Anonymous Symbol]                       0x08002f50   Section        0  stm32f4xx_it.o(.text.SVC_Handler)
    SysTick_Config                           0x08002f55   Thumb Code    82  stm32f4xx_hal_cortex.o(.text.SysTick_Config)
    [Anonymous Symbol]                       0x08002f54   Section        0  stm32f4xx_hal_cortex.o(.text.SysTick_Config)
    [Anonymous Symbol]                       0x08002fa8   Section        0  stm32f4xx_it.o(.text.SysTick_Handler)
    SystemClock_Config                       0x08002fb1   Thumb Code   184  init.o(.text.SystemClock_Config)
    [Anonymous Symbol]                       0x08002fb0   Section        0  init.o(.text.SystemClock_Config)
    [Anonymous Symbol]                       0x08003068   Section        0  system_stm32f4xx.o(.text.SystemInit)
    [Anonymous Symbol]                       0x080030d8   Section        0  LCD_TIM.o(.text.TIM4_Init)
    [Anonymous Symbol]                       0x080030e0   Section        0  stm32f4xx_hal_tim.o(.text.TIM_Base_SetConfig)
    [Anonymous Symbol]                       0x0800327c   Section        0  stm32f4xx_hal_tim.o(.text.TIM_CCxChannelCmd)
    TIM_OC1_SetConfig                        0x080032b5   Thumb Code   234  stm32f4xx_hal_tim.o(.text.TIM_OC1_SetConfig)
    [Anonymous Symbol]                       0x080032b4   Section        0  stm32f4xx_hal_tim.o(.text.TIM_OC1_SetConfig)
    [Anonymous Symbol]                       0x080033a0   Section        0  stm32f4xx_hal_tim.o(.text.TIM_OC2_SetConfig)
    TIM_OC3_SetConfig                        0x08003495   Thumb Code   242  stm32f4xx_hal_tim.o(.text.TIM_OC3_SetConfig)
    [Anonymous Symbol]                       0x08003494   Section        0  stm32f4xx_hal_tim.o(.text.TIM_OC3_SetConfig)
    TIM_OC4_SetConfig                        0x08003589   Thumb Code   164  stm32f4xx_hal_tim.o(.text.TIM_OC4_SetConfig)
    [Anonymous Symbol]                       0x08003588   Section        0  stm32f4xx_hal_tim.o(.text.TIM_OC4_SetConfig)
    [Anonymous Symbol]                       0x0800362c   Section        0  LCD_Touch.o(.text.TP_InitBasic)
    TP_Read_ADC                              0x08003661   Thumb Code   110  LCD_Touch.o(.text.TP_Read_ADC)
    [Anonymous Symbol]                       0x08003660   Section        0  LCD_Touch.o(.text.TP_Read_ADC)
    TP_Read_ADC_Average                      0x080036d1   Thumb Code   296  LCD_Touch.o(.text.TP_Read_ADC_Average)
    [Anonymous Symbol]                       0x080036d0   Section        0  LCD_Touch.o(.text.TP_Read_ADC_Average)
    TP_Read_ADC_XY                           0x080037f9   Thumb Code    32  LCD_Touch.o(.text.TP_Read_ADC_XY)
    [Anonymous Symbol]                       0x080037f8   Section        0  LCD_Touch.o(.text.TP_Read_ADC_XY)
    TP_Read_TwiceADC                         0x08003819   Thumb Code   244  LCD_Touch.o(.text.TP_Read_TwiceADC)
    [Anonymous Symbol]                       0x08003818   Section        0  LCD_Touch.o(.text.TP_Read_TwiceADC)
    TP_Scan                                  0x0800390d   Thumb Code   244  LCD_Touch.o(.text.TP_Scan)
    [Anonymous Symbol]                       0x0800390c   Section        0  LCD_Touch.o(.text.TP_Scan)
    TP_SetDefaultCalibration                 0x08003a09   Thumb Code    42  LCD_Touch.o(.text.TP_SetDefaultCalibration)
    [Anonymous Symbol]                       0x08003a08   Section        0  LCD_Touch.o(.text.TP_SetDefaultCalibration)
    [Anonymous Symbol]                       0x08003a34   Section        0  LCD_Touch.o(.text.TP_get)
    [Anonymous Symbol]                       0x08003a50   Section        0  LCD_Touch.o(.text.TP_pressed)
    USART3_Control                           0x08003a59   Thumb Code    28  USART_STM32F4xx.o(.text.USART3_Control)
    [Anonymous Symbol]                       0x08003a58   Section        0  USART_STM32F4xx.o(.text.USART3_Control)
    USART3_GetCapabilities                   0x08003a75   Thumb Code    24  USART_STM32F4xx.o(.text.USART3_GetCapabilities)
    [Anonymous Symbol]                       0x08003a74   Section        0  USART_STM32F4xx.o(.text.USART3_GetCapabilities)
    USART3_GetModemStatus                    0x08003a8d   Thumb Code    24  USART_STM32F4xx.o(.text.USART3_GetModemStatus)
    [Anonymous Symbol]                       0x08003a8c   Section        0  USART_STM32F4xx.o(.text.USART3_GetModemStatus)
    USART3_GetRxCount                        0x08003aa5   Thumb Code    16  USART_STM32F4xx.o(.text.USART3_GetRxCount)
    [Anonymous Symbol]                       0x08003aa4   Section        0  USART_STM32F4xx.o(.text.USART3_GetRxCount)
    USART3_GetStatus                         0x08003ab5   Thumb Code    24  USART_STM32F4xx.o(.text.USART3_GetStatus)
    [Anonymous Symbol]                       0x08003ab4   Section        0  USART_STM32F4xx.o(.text.USART3_GetStatus)
    USART3_GetTxCount                        0x08003acd   Thumb Code    16  USART_STM32F4xx.o(.text.USART3_GetTxCount)
    [Anonymous Symbol]                       0x08003acc   Section        0  USART_STM32F4xx.o(.text.USART3_GetTxCount)
    [Anonymous Symbol]                       0x08003adc   Section        0  USART_STM32F4xx.o(.text.USART3_IRQHandler)
    USART3_Initialize                        0x08003aed   Thumb Code    24  USART_STM32F4xx.o(.text.USART3_Initialize)
    [Anonymous Symbol]                       0x08003aec   Section        0  USART_STM32F4xx.o(.text.USART3_Initialize)
    USART3_PowerControl                      0x08003b05   Thumb Code    28  USART_STM32F4xx.o(.text.USART3_PowerControl)
    [Anonymous Symbol]                       0x08003b04   Section        0  USART_STM32F4xx.o(.text.USART3_PowerControl)
    USART3_Receive                           0x08003b21   Thumb Code    28  USART_STM32F4xx.o(.text.USART3_Receive)
    [Anonymous Symbol]                       0x08003b20   Section        0  USART_STM32F4xx.o(.text.USART3_Receive)
    USART3_Send                              0x08003b3d   Thumb Code    28  USART_STM32F4xx.o(.text.USART3_Send)
    [Anonymous Symbol]                       0x08003b3c   Section        0  USART_STM32F4xx.o(.text.USART3_Send)
    USART3_SetModemControl                   0x08003b59   Thumb Code    28  USART_STM32F4xx.o(.text.USART3_SetModemControl)
    [Anonymous Symbol]                       0x08003b58   Section        0  USART_STM32F4xx.o(.text.USART3_SetModemControl)
    USART3_Transfer                          0x08003b75   Thumb Code    32  USART_STM32F4xx.o(.text.USART3_Transfer)
    [Anonymous Symbol]                       0x08003b74   Section        0  USART_STM32F4xx.o(.text.USART3_Transfer)
    USART3_Uninitialize                      0x08003b95   Thumb Code    16  USART_STM32F4xx.o(.text.USART3_Uninitialize)
    [Anonymous Symbol]                       0x08003b94   Section        0  USART_STM32F4xx.o(.text.USART3_Uninitialize)
    USART_Control                            0x08003ba5   Thumb Code  3462  USART_STM32F4xx.o(.text.USART_Control)
    [Anonymous Symbol]                       0x08003ba4   Section        0  USART_STM32F4xx.o(.text.USART_Control)
    USART_GetCapabilities                    0x0800492d   Thumb Code    16  USART_STM32F4xx.o(.text.USART_GetCapabilities)
    [Anonymous Symbol]                       0x0800492c   Section        0  USART_STM32F4xx.o(.text.USART_GetCapabilities)
    USART_GetModemStatus                     0x0800493d   Thumb Code   106  USART_STM32F4xx.o(.text.USART_GetModemStatus)
    [Anonymous Symbol]                       0x0800493c   Section        0  USART_STM32F4xx.o(.text.USART_GetModemStatus)
    USART_GetRxCount                         0x080049a9   Thumb Code    14  USART_STM32F4xx.o(.text.USART_GetRxCount)
    [Anonymous Symbol]                       0x080049a8   Section        0  USART_STM32F4xx.o(.text.USART_GetRxCount)
    USART_GetStatus                          0x080049b9   Thumb Code   212  USART_STM32F4xx.o(.text.USART_GetStatus)
    [Anonymous Symbol]                       0x080049b8   Section        0  USART_STM32F4xx.o(.text.USART_GetStatus)
    USART_GetTxCount                         0x08004a8d   Thumb Code    14  USART_STM32F4xx.o(.text.USART_GetTxCount)
    [Anonymous Symbol]                       0x08004a8c   Section        0  USART_STM32F4xx.o(.text.USART_GetTxCount)
    [Anonymous Symbol]                       0x08004a9c   Section        0  USART_STM32F4xx.o(.text.USART_IRQHandler)
    USART_Initialize                         0x08004ea1   Thumb Code   224  USART_STM32F4xx.o(.text.USART_Initialize)
    [Anonymous Symbol]                       0x08004ea0   Section        0  USART_STM32F4xx.o(.text.USART_Initialize)
    USART_PeripheralReset                    0x08004f81   Thumb Code   588  USART_STM32F4xx.o(.text.USART_PeripheralReset)
    [Anonymous Symbol]                       0x08004f80   Section        0  USART_STM32F4xx.o(.text.USART_PeripheralReset)
    USART_PowerControl                       0x080051cd   Thumb Code  1118  USART_STM32F4xx.o(.text.USART_PowerControl)
    [Anonymous Symbol]                       0x080051cc   Section        0  USART_STM32F4xx.o(.text.USART_PowerControl)
    USART_Receive                            0x0800562d   Thumb Code   228  USART_STM32F4xx.o(.text.USART_Receive)
    [Anonymous Symbol]                       0x0800562c   Section        0  USART_STM32F4xx.o(.text.USART_Receive)
    USART_Send                               0x08005711   Thumb Code   182  USART_STM32F4xx.o(.text.USART_Send)
    [Anonymous Symbol]                       0x08005710   Section        0  USART_STM32F4xx.o(.text.USART_Send)
    USART_SetModemControl                    0x080057c9   Thumb Code   226  USART_STM32F4xx.o(.text.USART_SetModemControl)
    [Anonymous Symbol]                       0x080057c8   Section        0  USART_STM32F4xx.o(.text.USART_SetModemControl)
    USART_Transfer                           0x080058ad   Thumb Code   150  USART_STM32F4xx.o(.text.USART_Transfer)
    [Anonymous Symbol]                       0x080058ac   Section        0  USART_STM32F4xx.o(.text.USART_Transfer)
    USART_Uninitialize                       0x08005945   Thumb Code   192  USART_STM32F4xx.o(.text.USART_Uninitialize)
    [Anonymous Symbol]                       0x08005944   Section        0  USART_STM32F4xx.o(.text.USART_Uninitialize)
    USARTx_GetVersion                        0x08005a05   Thumb Code    18  USART_STM32F4xx.o(.text.USARTx_GetVersion)
    [Anonymous Symbol]                       0x08005a04   Section        0  USART_STM32F4xx.o(.text.USARTx_GetVersion)
    [Anonymous Symbol]                       0x08005a18   Section        0  stm32f4xx_it.o(.text.UsageFault_Handler)
    __NVIC_ClearPendingIRQ                   0x08005a1d   Thumb Code    48  USART_STM32F4xx.o(.text.__NVIC_ClearPendingIRQ)
    [Anonymous Symbol]                       0x08005a1c   Section        0  USART_STM32F4xx.o(.text.__NVIC_ClearPendingIRQ)
    __NVIC_DisableIRQ                        0x08005a4d   Thumb Code    56  stm32f4xx_hal_cortex.o(.text.__NVIC_DisableIRQ)
    [Anonymous Symbol]                       0x08005a4c   Section        0  stm32f4xx_hal_cortex.o(.text.__NVIC_DisableIRQ)
    __NVIC_EnableIRQ                         0x08005a85   Thumb Code    48  USART_STM32F4xx.o(.text.__NVIC_EnableIRQ)
    [Anonymous Symbol]                       0x08005a84   Section        0  USART_STM32F4xx.o(.text.__NVIC_EnableIRQ)
    __NVIC_GetPriorityGrouping               0x08005ab5   Thumb Code    16  stm32f4xx_hal_cortex.o(.text.__NVIC_GetPriorityGrouping)
    [Anonymous Symbol]                       0x08005ab4   Section        0  stm32f4xx_hal_cortex.o(.text.__NVIC_GetPriorityGrouping)
    __NVIC_SetPriority                       0x08005ac5   Thumb Code    66  stm32f4xx_hal_cortex.o(.text.__NVIC_SetPriority)
    [Anonymous Symbol]                       0x08005ac4   Section        0  stm32f4xx_hal_cortex.o(.text.__NVIC_SetPriority)
    __NVIC_SetPriorityGrouping               0x08005b09   Thumb Code    60  stm32f4xx_hal_cortex.o(.text.__NVIC_SetPriorityGrouping)
    [Anonymous Symbol]                       0x08005b08   Section        0  stm32f4xx_hal_cortex.o(.text.__NVIC_SetPriorityGrouping)
    [Anonymous Symbol]                       0x08005b44   Section        0  converter.o(.text.addDescription)
    check_SPI_SR                             0x08005ba9   Thumb Code    72  LCD_SPI.o(.text.check_SPI_SR)
    [Anonymous Symbol]                       0x08005ba8   Section        0  LCD_SPI.o(.text.check_SPI_SR)
    [Anonymous Symbol]                       0x08005bf0   Section        0  stack.o(.text.clear)
    [Anonymous Symbol]                       0x08005c34   Section        0  display.o(.text.clearEchoTerm)
    [Anonymous Symbol]                       0x08005c44   Section        0  display.o(.text.clearStdout)
    [Anonymous Symbol]                       0x08005c54   Section        0  terminal.o(.text.clearTerm)
    [Anonymous Symbol]                       0x08005c7c   Section        0  operations.o(.text.divStack)
    [Anonymous Symbol]                       0x08005d04   Section        0  stack.o(.text.dupeTop)
    [Anonymous Symbol]                       0x08005d58   Section        0  terminal.o(.text.genTerm)
    [Anonymous Symbol]                       0x08005e20   Section        0  stack.o(.text.getAll)
    [Anonymous Symbol]                       0x08005e80   Section        0  keypad.o(.text.getKeyPadInput)
    getValidButton                           0x08005ee5   Thumb Code    64  keypad.o(.text.getValidButton)
    [Anonymous Symbol]                       0x08005ee4   Section        0  keypad.o(.text.getValidButton)
    [Anonymous Symbol]                       0x08005f24   Section        0  display.o(.text.initDisplay)
    initGPIOs                                0x08005ff5   Thumb Code   320  init.o(.text.initGPIOs)
    [Anonymous Symbol]                       0x08005ff4   Section        0  init.o(.text.initGPIOs)
    [Anonymous Symbol]                       0x08006134   Section        0  init.o(.text.initITSboard)
    [Anonymous Symbol]                       0x08006148   Section        0  LCD_Tools.o(.text.itoa)
    [Anonymous Symbol]                       0x080061fc   Section        0  lcd.o(.text.lcdPrintS)
    [Anonymous Symbol]                       0x080063d0   Section        0  main.o(.text.main)
    [Anonymous Symbol]                       0x08006834   Section        0  keypad.o(.text.makeKeyPad)
    [Anonymous Symbol]                       0x08006908   Section        0  operations.o(.text.mulStack)
    nextChar                                 0x080069d1   Thumb Code     8  scanner.o(.text.nextChar)
    [Anonymous Symbol]                       0x080069d0   Section        0  scanner.o(.text.nextChar)
    [Anonymous Symbol]                       0x080069d8   Section        0  scanner.o(.text.nextToken)
    [Anonymous Symbol]                       0x08006b24   Section        0  stack.o(.text.overflowCheck)
    [Anonymous Symbol]                       0x08006b50   Section        0  stack.o(.text.pop)
    printButton                              0x08006b99   Thumb Code   582  keypad.o(.text.printButton)
    [Anonymous Symbol]                       0x08006b98   Section        0  keypad.o(.text.printButton)
    [Anonymous Symbol]                       0x08006de0   Section        0  terminal.o(.text.printChar)
    [Anonymous Symbol]                       0x08006e7c   Section        0  LCD_Debug.o(.text.printDebugMsg)
    printNewLine                             0x08006f31   Thumb Code    32  terminal.o(.text.printNewLine)
    [Anonymous Symbol]                       0x08006f30   Section        0  terminal.o(.text.printNewLine)
    [Anonymous Symbol]                       0x08006f50   Section        0  display.o(.text.printStdout)
    [Anonymous Symbol]                       0x08006f68   Section        0  terminal.o(.text.printTerm)
    [Anonymous Symbol]                       0x08006fa4   Section        0  display.o(.text.printToEchoLine)
    [Anonymous Symbol]                       0x08006fcc   Section        0  main.o(.text.printTopValue)
    [Anonymous Symbol]                       0x0800701c   Section        0  stack.o(.text.push)
    [Anonymous Symbol]                       0x0800705c   Section        0  stack.o(.text.safetyCheckOne)
    [Anonymous Symbol]                       0x08007088   Section        0  stack.o(.text.safetyCheckTwo)
    save_restore_AltFn_SPI1_MOSI_Pin         0x080070b5   Thumb Code    48  LCD_SPI.o(.text.save_restore_AltFn_SPI1_MOSI_Pin)
    [Anonymous Symbol]                       0x080070b4   Section        0  LCD_SPI.o(.text.save_restore_AltFn_SPI1_MOSI_Pin)
    selectButton                             0x080070e5   Thumb Code   362  keypad.o(.text.selectButton)
    [Anonymous Symbol]                       0x080070e4   Section        0  keypad.o(.text.selectButton)
    [Anonymous Symbol]                       0x08007250   Section        0  stdinout_USART.o(.text.stdinout_init)
    stringCopy                               0x08007301   Thumb Code    70  lcd.o(.text.stringCopy)
    [Anonymous Symbol]                       0x08007300   Section        0  lcd.o(.text.stringCopy)
    [Anonymous Symbol]                       0x08007348   Section        0  operations.o(.text.subStack)
    [Anonymous Symbol]                       0x080073d0   Section        0  operations.o(.text.sumStack)
    [Anonymous Symbol]                       0x0800744c   Section        0  stack.o(.text.swapTop)
    [Anonymous Symbol]                       0x080074b4   Section        0  stack.o(.text.top)
    touchCoordinateToKey                     0x080074f5   Thumb Code   234  keypad.o(.text.touchCoordinateToKey)
    [Anonymous Symbol]                       0x080074f4   Section        0  keypad.o(.text.touchCoordinateToKey)
    [Anonymous Symbol]                       0x080075e0   Section        0  stack.o(.text.underflowCheck)
    [Anonymous Symbol]                       0x0800760c   Section        0  converter.o(.text.valueToString)
    i.__scatterload_copy                     0x08007746   Section       14  handlers.o(i.__scatterload_copy)
    i.__scatterload_null                     0x08007754   Section        2  handlers.o(i.__scatterload_null)
    i.__scatterload_zeroinit                 0x08007756   Section       14  handlers.o(i.__scatterload_zeroinit)
    USART3_Resources                         0x080077b4   Data          52  USART_STM32F4xx.o(.rodata.USART3_Resources)
    [Anonymous Symbol]                       0x080077b4   Section        0  USART_STM32F4xx.o(.rodata.USART3_Resources)
    USART3_rx                                0x080077e8   Data          12  USART_STM32F4xx.o(.rodata.USART3_rx)
    [Anonymous Symbol]                       0x080077e8   Section        0  USART_STM32F4xx.o(.rodata.USART3_rx)
    USART3_tx                                0x080077f4   Data          12  USART_STM32F4xx.o(.rodata.USART3_tx)
    [Anonymous Symbol]                       0x080077f4   Section        0  USART_STM32F4xx.o(.rodata.USART3_tx)
    .L.str                                   0x080079b8   Data          82  LCD_GUI.o(.rodata.str1.1)
    [Anonymous Symbol]                       0x080079b8   Section        0  LCD_GUI.o(.rodata.str1.1)
    .L.str                                   0x08007a0a   Data          82  LCD_SPI.o(.rodata.str1.1)
    [Anonymous Symbol]                       0x08007a0a   Section        0  LCD_SPI.o(.rodata.str1.1)
    .L.str                                   0x08007a5c   Data          82  LCD_TIM.o(.rodata.str1.1)
    [Anonymous Symbol]                       0x08007a5c   Section        0  LCD_TIM.o(.rodata.str1.1)
    .L.str.1                                 0x08007aae   Data           6  LCD_Debug.o(.rodata.str1.1)
    [Anonymous Symbol]                       0x08007aae   Section        0  LCD_Debug.o(.rodata.str1.1)
    .L.str                                   0x08007ab4   Data          22  LCD_Debug.o(.rodata.str1.1)
    .L.str                                   0x08007aca   Data          38  terminal.o(.rodata.str1.1)
    [Anonymous Symbol]                       0x08007aca   Section        0  terminal.o(.rodata.str1.1)
    .L.str.1                                 0x08007af0   Data          46  terminal.o(.rodata.str1.1)
    .L.str.10                                0x08007b1e   Data          24  main.o(.rodata.str1.1)
    [Anonymous Symbol]                       0x08007b1e   Section        0  main.o(.rodata.str1.1)
    .L.str.9                                 0x08007b36   Data          19  main.o(.rodata.str1.1)
    .L.str.7                                 0x08007b49   Data          16  main.o(.rodata.str1.1)
    .L.str.5                                 0x08007b57   Data           2  main.o(.rodata.str1.1)
    .L__const.printTopValue.res              0x08007b59   Data          17  main.o(.rodata.str1.1)
    .L.str.4                                 0x08007b6a   Data           9  main.o(.rodata.str1.1)
    .L.str.8                                 0x08007b73   Data          16  main.o(.rodata.str1.1)
    .L.str.6                                 0x08007b83   Data         117  main.o(.rodata.str1.1)
    .L.str.11                                0x08007bf8   Data         101  main.o(.rodata.str1.1)
    .L.str.1                                 0x08007c5d   Data         114  main.o(.rodata.str1.1)
    .L.str.2                                 0x08007ccf   Data         124  main.o(.rodata.str1.1)
    .L.str                                   0x08007d4b   Data         127  main.o(.rodata.str1.1)
    .L.str.3                                 0x08007dca   Data         114  main.o(.rodata.str1.1)
    crd                                      0x20000014   Data           4  lcd.o(.data.crd)
    [Anonymous Symbol]                       0x20000014   Section        0  lcd.o(.data.crd)
    echoTerm                                 0x20000018   Data          24  display.o(.data.echoTerm)
    [Anonymous Symbol]                       0x20000018   Section        0  display.o(.data.echoTerm)
    fontHeight                               0x20000030   Data           4  lcd.o(.data.fontHeight)
    [Anonymous Symbol]                       0x20000030   Section        0  lcd.o(.data.fontHeight)
    fontWidth                                0x20000034   Data           4  lcd.o(.data.fontWidth)
    [Anonymous Symbol]                       0x20000034   Section        0  lcd.o(.data.fontWidth)
    lcdFont                                  0x20000038   Data           4  lcd.o(.data.lcdFont)
    [Anonymous Symbol]                       0x20000038   Section        0  lcd.o(.data.lcdFont)
    lcdmaxx                                  0x2000003c   Data           4  lcd.o(.data.lcdmaxx)
    [Anonymous Symbol]                       0x2000003c   Section        0  lcd.o(.data.lcdmaxx)
    lcdmaxy                                  0x20000040   Data           4  lcd.o(.data.lcdmaxy)
    [Anonymous Symbol]                       0x20000040   Section        0  lcd.o(.data.lcdmaxy)
    nextToken.c                              0x20000044   Data           1  scanner.o(.data.nextToken.c)
    [Anonymous Symbol]                       0x20000044   Section        0  scanner.o(.data.nextToken.c)
    save_restore_AltFn_SPI1_MOSI_Pin.saved_AF 0x20000048   Data           4  LCD_SPI.o(.data.save_restore_AltFn_SPI1_MOSI_Pin.saved_AF)
    [Anonymous Symbol]                       0x20000048   Section        0  LCD_SPI.o(.data.save_restore_AltFn_SPI1_MOSI_Pin.saved_AF)
    stdoutTerm                               0x2000004c   Data          24  display.o(.data.stdoutTerm)
    [Anonymous Symbol]                       0x2000004c   Section        0  display.o(.data.stdoutTerm)
    USART3_Info                              0x200000b8   Data          20  USART_STM32F4xx.o(.bss.USART3_Info)
    [Anonymous Symbol]                       0x200000b8   Section        0  USART_STM32F4xx.o(.bss.USART3_Info)
    USART3_TransferInfo                      0x200000cc   Data          36  USART_STM32F4xx.o(.bss.USART3_TransferInfo)
    [Anonymous Symbol]                       0x200000cc   Section        0  USART_STM32F4xx.o(.bss.USART3_TransferInfo)
    htim4                                    0x200000f0   Data          64  LCD_TIM.o(.bss.htim4)
    [Anonymous Symbol]                       0x200000f0   Section        0  LCD_TIM.o(.bss.htim4)
    lcdColor                                 0x20000130   Data           2  lcd.o(.bss.lcdColor)
    [Anonymous Symbol]                       0x20000130   Section        0  lcd.o(.bss.lcdColor)
    position                                 0x20000134   Data           4  stack.o(.bss.position)
    [Anonymous Symbol]                       0x20000134   Section        0  stack.o(.bss.position)
    sTP_DEV                                  0x20000138   Data          24  LCD_Touch.o(.bss.sTP_DEV)
    [Anonymous Symbol]                       0x20000138   Section        0  LCD_Touch.o(.bss.sTP_DEV)
    stack                                    0x20000150   Data          40  stack.o(.bss.stack)
    [Anonymous Symbol]                       0x20000150   Section        0  stack.o(.bss.stack)
    STACK                                    0x20000180   Section     1024  startup_stm32f429xx.o(STACK)

    Global Symbols

    Symbol Name                              Value     Ov Type        Size  Object(Section)

    BuildAttributes$$THM_ISAv4$E$P$D$K$B$S$7EM$VFPi3$EXTD16$VFPS$VFMA$PE$A:L22UL41UL21$X:L11$S22US41US21$IEEE1$IW$~IW$USESV6$~STKCKD$USESV7$~SHL$OTIME$ROPI$IEEEJ$EBA8$MICROLIB$REQ8$PRES8$EABIv2 0x00000000   Number         0  anon$$obj.o ABSOLUTE
    __cpp_initialize__aeabi_                  - Undefined Weak Reference
    __cxa_finalize                            - Undefined Weak Reference
    __decompress                              - Undefined Weak Reference
    _clock_init                               - Undefined Weak Reference
    _microlib_exit                            - Undefined Weak Reference
    __Vectors_Size                           0x000001ac   Number         0  startup_stm32f429xx.o ABSOLUTE
    __Vectors                                0x08000000   Data           4  startup_stm32f429xx.o(RESET)
    __Vectors_End                            0x080001ac   Data           0  startup_stm32f429xx.o(RESET)
    __main                                   0x080001ad   Thumb Code     0  entry.o(.ARM.Collect$$$$00000000)
    _main_stk                                0x080001ad   Thumb Code     0  entry2.o(.ARM.Collect$$$$00000001)
    _main_scatterload                        0x080001b1   Thumb Code     0  entry5.o(.ARM.Collect$$$$00000004)
    __main_after_scatterload                 0x080001b5   Thumb Code     0  entry5.o(.ARM.Collect$$$$00000004)
    _main_clock                              0x080001b5   Thumb Code     0  entry7b.o(.ARM.Collect$$$$00000008)
    _main_cpp_init                           0x080001b5   Thumb Code     0  entry8b.o(.ARM.Collect$$$$0000000A)
    _main_init                               0x080001b5   Thumb Code     0  entry9a.o(.ARM.Collect$$$$0000000B)
    __rt_final_cpp                           0x080001bd   Thumb Code     0  entry10a.o(.ARM.Collect$$$$0000000D)
    __rt_final_exit                          0x080001bd   Thumb Code     0  entry11a.o(.ARM.Collect$$$$0000000F)
    Reset_Handler                            0x080001c1   Thumb Code     8  startup_stm32f429xx.o(.text)
    ADC_IRQHandler                           0x080001db   Thumb Code     0  startup_stm32f429xx.o(.text)
    CAN1_RX0_IRQHandler                      0x080001db   Thumb Code     0  startup_stm32f429xx.o(.text)
    CAN1_RX1_IRQHandler                      0x080001db   Thumb Code     0  startup_stm32f429xx.o(.text)
    CAN1_SCE_IRQHandler                      0x080001db   Thumb Code     0  startup_stm32f429xx.o(.text)
    CAN1_TX_IRQHandler                       0x080001db   Thumb Code     0  startup_stm32f429xx.o(.text)
    CAN2_RX0_IRQHandler                      0x080001db   Thumb Code     0  startup_stm32f429xx.o(.text)
    CAN2_RX1_IRQHandler                      0x080001db   Thumb Code     0  startup_stm32f429xx.o(.text)
    CAN2_SCE_IRQHandler                      0x080001db   Thumb Code     0  startup_stm32f429xx.o(.text)
    CAN2_TX_IRQHandler                       0x080001db   Thumb Code     0  startup_stm32f429xx.o(.text)
    DCMI_IRQHandler                          0x080001db   Thumb Code     0  startup_stm32f429xx.o(.text)
    DMA1_Stream0_IRQHandler                  0x080001db   Thumb Code     0  startup_stm32f429xx.o(.text)
    DMA1_Stream1_IRQHandler                  0x080001db   Thumb Code     0  startup_stm32f429xx.o(.text)
    DMA1_Stream2_IRQHandler                  0x080001db   Thumb Code     0  startup_stm32f429xx.o(.text)
    DMA1_Stream3_IRQHandler                  0x080001db   Thumb Code     0  startup_stm32f429xx.o(.text)
    DMA1_Stream4_IRQHandler                  0x080001db   Thumb Code     0  startup_stm32f429xx.o(.text)
    DMA1_Stream5_IRQHandler                  0x080001db   Thumb Code     0  startup_stm32f429xx.o(.text)
    DMA1_Stream6_IRQHandler                  0x080001db   Thumb Code     0  startup_stm32f429xx.o(.text)
    DMA1_Stream7_IRQHandler                  0x080001db   Thumb Code     0  startup_stm32f429xx.o(.text)
    DMA2D_IRQHandler                         0x080001db   Thumb Code     0  startup_stm32f429xx.o(.text)
    DMA2_Stream0_IRQHandler                  0x080001db   Thumb Code     0  startup_stm32f429xx.o(.text)
    DMA2_Stream1_IRQHandler                  0x080001db   Thumb Code     0  startup_stm32f429xx.o(.text)
    DMA2_Stream2_IRQHandler                  0x080001db   Thumb Code     0  startup_stm32f429xx.o(.text)
    DMA2_Stream3_IRQHandler                  0x080001db   Thumb Code     0  startup_stm32f429xx.o(.text)
    DMA2_Stream4_IRQHandler                  0x080001db   Thumb Code     0  startup_stm32f429xx.o(.text)
    DMA2_Stream5_IRQHandler                  0x080001db   Thumb Code     0  startup_stm32f429xx.o(.text)
    DMA2_Stream6_IRQHandler                  0x080001db   Thumb Code     0  startup_stm32f429xx.o(.text)
    DMA2_Stream7_IRQHandler                  0x080001db   Thumb Code     0  startup_stm32f429xx.o(.text)
    ETH_WKUP_IRQHandler                      0x080001db   Thumb Code     0  startup_stm32f429xx.o(.text)
    EXTI0_IRQHandler                         0x080001db   Thumb Code     0  startup_stm32f429xx.o(.text)
    EXTI15_10_IRQHandler                     0x080001db   Thumb Code     0  startup_stm32f429xx.o(.text)
    EXTI1_IRQHandler                         0x080001db   Thumb Code     0  startup_stm32f429xx.o(.text)
    EXTI2_IRQHandler                         0x080001db   Thumb Code     0  startup_stm32f429xx.o(.text)
    EXTI3_IRQHandler                         0x080001db   Thumb Code     0  startup_stm32f429xx.o(.text)
    EXTI4_IRQHandler                         0x080001db   Thumb Code     0  startup_stm32f429xx.o(.text)
    EXTI9_5_IRQHandler                       0x080001db   Thumb Code     0  startup_stm32f429xx.o(.text)
    FLASH_IRQHandler                         0x080001db   Thumb Code     0  startup_stm32f429xx.o(.text)
    FMC_IRQHandler                           0x080001db   Thumb Code     0  startup_stm32f429xx.o(.text)
    FPU_IRQHandler                           0x080001db   Thumb Code     0  startup_stm32f429xx.o(.text)
    HASH_RNG_IRQHandler                      0x080001db   Thumb Code     0  startup_stm32f429xx.o(.text)
    I2C1_ER_IRQHandler                       0x080001db   Thumb Code     0  startup_stm32f429xx.o(.text)
    I2C1_EV_IRQHandler                       0x080001db   Thumb Code     0  startup_stm32f429xx.o(.text)
    I2C2_ER_IRQHandler                       0x080001db   Thumb Code     0  startup_stm32f429xx.o(.text)
    I2C2_EV_IRQHandler                       0x080001db   Thumb Code     0  startup_stm32f429xx.o(.text)
    I2C3_ER_IRQHandler                       0x080001db   Thumb Code     0  startup_stm32f429xx.o(.text)
    I2C3_EV_IRQHandler                       0x080001db   Thumb Code     0  startup_stm32f429xx.o(.text)
    LTDC_ER_IRQHandler                       0x080001db   Thumb Code     0  startup_stm32f429xx.o(.text)
    LTDC_IRQHandler                          0x080001db   Thumb Code     0  startup_stm32f429xx.o(.text)
    OTG_FS_IRQHandler                        0x080001db   Thumb Code     0  startup_stm32f429xx.o(.text)
    OTG_FS_WKUP_IRQHandler                   0x080001db   Thumb Code     0  startup_stm32f429xx.o(.text)
    OTG_HS_EP1_IN_IRQHandler                 0x080001db   Thumb Code     0  startup_stm32f429xx.o(.text)
    OTG_HS_EP1_OUT_IRQHandler                0x080001db   Thumb Code     0  startup_stm32f429xx.o(.text)
    OTG_HS_IRQHandler                        0x080001db   Thumb Code     0  startup_stm32f429xx.o(.text)
    OTG_HS_WKUP_IRQHandler                   0x080001db   Thumb Code     0  startup_stm32f429xx.o(.text)
    PVD_IRQHandler                           0x080001db   Thumb Code     0  startup_stm32f429xx.o(.text)
    RCC_IRQHandler                           0x080001db   Thumb Code     0  startup_stm32f429xx.o(.text)
    RTC_Alarm_IRQHandler                     0x080001db   Thumb Code     0  startup_stm32f429xx.o(.text)
    RTC_WKUP_IRQHandler                      0x080001db   Thumb Code     0  startup_stm32f429xx.o(.text)
    SAI1_IRQHandler                          0x080001db   Thumb Code     0  startup_stm32f429xx.o(.text)
    SDIO_IRQHandler                          0x080001db   Thumb Code     0  startup_stm32f429xx.o(.text)
    SPI1_IRQHandler                          0x080001db   Thumb Code     0  startup_stm32f429xx.o(.text)
    SPI2_IRQHandler                          0x080001db   Thumb Code     0  startup_stm32f429xx.o(.text)
    SPI3_IRQHandler                          0x080001db   Thumb Code     0  startup_stm32f429xx.o(.text)
    SPI4_IRQHandler                          0x080001db   Thumb Code     0  startup_stm32f429xx.o(.text)
    SPI5_IRQHandler                          0x080001db   Thumb Code     0  startup_stm32f429xx.o(.text)
    SPI6_IRQHandler                          0x080001db   Thumb Code     0  startup_stm32f429xx.o(.text)
    TAMP_STAMP_IRQHandler                    0x080001db   Thumb Code     0  startup_stm32f429xx.o(.text)
    TIM1_BRK_TIM9_IRQHandler                 0x080001db   Thumb Code     0  startup_stm32f429xx.o(.text)
    TIM1_CC_IRQHandler                       0x080001db   Thumb Code     0  startup_stm32f429xx.o(.text)
    TIM1_TRG_COM_TIM11_IRQHandler            0x080001db   Thumb Code     0  startup_stm32f429xx.o(.text)
    TIM1_UP_TIM10_IRQHandler                 0x080001db   Thumb Code     0  startup_stm32f429xx.o(.text)
    TIM2_IRQHandler                          0x080001db   Thumb Code     0  startup_stm32f429xx.o(.text)
    TIM3_IRQHandler                          0x080001db   Thumb Code     0  startup_stm32f429xx.o(.text)
    TIM4_IRQHandler                          0x080001db   Thumb Code     0  startup_stm32f429xx.o(.text)
    TIM5_IRQHandler                          0x080001db   Thumb Code     0  startup_stm32f429xx.o(.text)
    TIM6_DAC_IRQHandler                      0x080001db   Thumb Code     0  startup_stm32f429xx.o(.text)
    TIM7_IRQHandler                          0x080001db   Thumb Code     0  startup_stm32f429xx.o(.text)
    TIM8_BRK_TIM12_IRQHandler                0x080001db   Thumb Code     0  startup_stm32f429xx.o(.text)
    TIM8_CC_IRQHandler                       0x080001db   Thumb Code     0  startup_stm32f429xx.o(.text)
    TIM8_TRG_COM_TIM14_IRQHandler            0x080001db   Thumb Code     0  startup_stm32f429xx.o(.text)
    TIM8_UP_TIM13_IRQHandler                 0x080001db   Thumb Code     0  startup_stm32f429xx.o(.text)
    UART4_IRQHandler                         0x080001db   Thumb Code     0  startup_stm32f429xx.o(.text)
    UART5_IRQHandler                         0x080001db   Thumb Code     0  startup_stm32f429xx.o(.text)
    UART7_IRQHandler                         0x080001db   Thumb Code     0  startup_stm32f429xx.o(.text)
    UART8_IRQHandler                         0x080001db   Thumb Code     0  startup_stm32f429xx.o(.text)
    USART1_IRQHandler                        0x080001db   Thumb Code     0  startup_stm32f429xx.o(.text)
    USART2_IRQHandler                        0x080001db   Thumb Code     0  startup_stm32f429xx.o(.text)
    USART6_IRQHandler                        0x080001db   Thumb Code     0  startup_stm32f429xx.o(.text)
    WWDG_IRQHandler                          0x080001db   Thumb Code     0  startup_stm32f429xx.o(.text)
    __aeabi_uldivmod                         0x080001e5   Thumb Code    98  uldiv.o(.text)
    __aeabi_ldivmod                          0x08000247   Thumb Code    98  ldiv.o(.text)
    __aeabi_memcpy                           0x080002a9   Thumb Code    36  memcpya.o(.text)
    __aeabi_memcpy4                          0x080002a9   Thumb Code     0  memcpya.o(.text)
    __aeabi_memcpy8                          0x080002a9   Thumb Code     0  memcpya.o(.text)
    __aeabi_memset                           0x080002cd   Thumb Code    14  memseta.o(.text)
    __aeabi_memset4                          0x080002cd   Thumb Code     0  memseta.o(.text)
    __aeabi_memset8                          0x080002cd   Thumb Code     0  memseta.o(.text)
    __aeabi_memclr                           0x080002db   Thumb Code     4  memseta.o(.text)
    __aeabi_memclr4                          0x080002db   Thumb Code     0  memseta.o(.text)
    __aeabi_memclr8                          0x080002db   Thumb Code     0  memseta.o(.text)
    _memset$wrapper                          0x080002df   Thumb Code    18  memseta.o(.text)
    strlen                                   0x080002f1   Thumb Code    14  strlen.o(.text)
    __aeabi_llsl                             0x080002ff   Thumb Code    30  llshl.o(.text)
    _ll_shift_l                              0x080002ff   Thumb Code     0  llshl.o(.text)
    __aeabi_llsr                             0x0800031d   Thumb Code    32  llushr.o(.text)
    _ll_ushift_r                             0x0800031d   Thumb Code     0  llushr.o(.text)
    __scatterload                            0x0800033d   Thumb Code    38  init.o(.text)
    __scatterload_rt2                        0x0800033d   Thumb Code     0  init.o(.text)
    BusFault_Handler                         0x0800036d   Thumb Code     4  stm32f4xx_it.o(.text.BusFault_Handler)
    DebugMon_Handler                         0x08000371   Thumb Code     2  stm32f4xx_it.o(.text.DebugMon_Handler)
    Driver_Delay_ms                          0x08000375   Thumb Code    16  LCD_Tools.o(.text.Driver_Delay_ms)
    Driver_Delay_us                          0x08000385   Thumb Code    32  LCD_Tools.o(.text.Driver_Delay_us)
    ETH_IRQHandler                           0x080003a5   Thumb Code    16  stm32f4xx_it.o(.text.ETH_IRQHandler)
    Error_Handler                            0x08000591   Thumb Code   232  error.o(.text.Error_Handler)
    GPIO_Init                                0x08000679   Thumb Code     8  LCD_GPIO.o(.text.GPIO_Init)
    GUI_clear                                0x08000681   Thumb Code    20  LCD_GUI.o(.text.GUI_clear)
    GUI_disChar                              0x08000695   Thumb Code   188  LCD_GUI.o(.text.GUI_disChar)
    GUI_disNum                               0x08000751   Thumb Code   104  LCD_GUI.o(.text.GUI_disNum)
    GUI_disStr                               0x080007b9   Thumb Code   276  LCD_GUI.o(.text.GUI_disStr)
    GUI_drawPoint                            0x080008cd   Thumb Code   242  LCD_GUI.o(.text.GUI_drawPoint)
    GUI_drawRectangle                        0x080009c1   Thumb Code   426  LCD_GUI.o(.text.GUI_drawRectangle)
    GUI_init                                 0x08000b6d   Thumb Code    28  LCD_GUI.o(.text.GUI_init)
    HAL_DMA_Abort                            0x08000b89   Thumb Code   234  stm32f4xx_hal_dma.o(.text.HAL_DMA_Abort)
    HAL_Delay                                0x08000c75   Thumb Code    66  stm32f4xx_hal.o(.text.HAL_Delay)
    HAL_ETH_ErrorCallback                    0x08000cb9   Thumb Code     8  stm32f4xx_hal_eth.o(.text.HAL_ETH_ErrorCallback)
    HAL_ETH_IRQHandler                       0x08000cc1   Thumb Code   194  stm32f4xx_hal_eth.o(.text.HAL_ETH_IRQHandler)
    HAL_ETH_RxCpltCallback                   0x08000d85   Thumb Code     8  stm32f4xx_hal_eth.o(.text.HAL_ETH_RxCpltCallback)
    HAL_ETH_TxCpltCallback                   0x08000d8d   Thumb Code     8  stm32f4xx_hal_eth.o(.text.HAL_ETH_TxCpltCallback)
    HAL_GPIO_DeInit                          0x08000d95   Thumb Code   604  stm32f4xx_hal_gpio.o(.text.HAL_GPIO_DeInit)
    HAL_GPIO_Init                            0x08000ff1   Thumb Code  1008  stm32f4xx_hal_gpio.o(.text.HAL_GPIO_Init)
    HAL_GPIO_ReadPin                         0x080013e1   Thumb Code    46  stm32f4xx_hal_gpio.o(.text.HAL_GPIO_ReadPin)
    HAL_GPIO_TogglePin                       0x08001411   Thumb Code    50  stm32f4xx_hal_gpio.o(.text.HAL_GPIO_TogglePin)
    HAL_GPIO_WritePin                        0x08001445   Thumb Code    46  stm32f4xx_hal_gpio.o(.text.HAL_GPIO_WritePin)
    HAL_GetTick                              0x08001475   Thumb Code    12  stm32f4xx_hal.o(.text.HAL_GetTick)
    HAL_IncTick                              0x08001481   Thumb Code    26  stm32f4xx_hal.o(.text.HAL_IncTick)
    HAL_Init                                 0x0800149d   Thumb Code    46  stm32f4xx_hal.o(.text.HAL_Init)
    HAL_InitTick                             0x080014cd   Thumb Code   112  stm32f4xx_hal.o(.text.HAL_InitTick)
    HAL_MspInit                              0x0800153d   Thumb Code     2  stm32f4xx_hal.o(.text.HAL_MspInit)
    HAL_NVIC_DisableIRQ                      0x08001541   Thumb Code    20  stm32f4xx_hal_cortex.o(.text.HAL_NVIC_DisableIRQ)
    HAL_NVIC_SetPriority                     0x08001555   Thumb Code    50  stm32f4xx_hal_cortex.o(.text.HAL_NVIC_SetPriority)
    HAL_NVIC_SetPriorityGrouping             0x08001589   Thumb Code    16  stm32f4xx_hal_cortex.o(.text.HAL_NVIC_SetPriorityGrouping)
    HAL_PWREx_EnableOverDrive                0x08001599   Thumb Code   190  stm32f4xx_hal_pwr_ex.o(.text.HAL_PWREx_EnableOverDrive)
    HAL_RCC_ClockConfig                      0x08001659   Thumb Code   610  stm32f4xx_hal_rcc.o(.text.HAL_RCC_ClockConfig)
    HAL_RCC_GetHCLKFreq                      0x080018bd   Thumb Code    12  stm32f4xx_hal_rcc.o(.text.HAL_RCC_GetHCLKFreq)
    HAL_RCC_GetPCLK1Freq                     0x080018c9   Thumb Code    34  stm32f4xx_hal_rcc.o(.text.HAL_RCC_GetPCLK1Freq)
    HAL_RCC_GetSysClockFreq                  0x080018ed   Thumb Code   230  stm32f4xx_hal_rcc.o(.text.HAL_RCC_GetSysClockFreq)
    HAL_RCC_OscConfig                        0x080019d5   Thumb Code  1700  stm32f4xx_hal_rcc.o(.text.HAL_RCC_OscConfig)
    HAL_SYSTICK_Config                       0x08002079   Thumb Code    16  stm32f4xx_hal_cortex.o(.text.HAL_SYSTICK_Config)
    HAL_TIMEx_MasterConfigSynchronization    0x08002089   Thumb Code   290  stm32f4xx_hal_tim_ex.o(.text.HAL_TIMEx_MasterConfigSynchronization)
    HAL_TIM_PWM_ConfigChannel                0x080021f5   Thumb Code   324  stm32f4xx_hal_tim.o(.text.HAL_TIM_PWM_ConfigChannel)
    HAL_TIM_PWM_Init                         0x08002339   Thumb Code    88  stm32f4xx_hal_tim.o(.text.HAL_TIM_PWM_Init)
    HAL_TIM_PWM_MspInit                      0x08002391   Thumb Code    62  LCD_TIM.o(.text.HAL_TIM_PWM_MspInit)
    HAL_TIM_PWM_Start                        0x080023d1   Thumb Code   128  stm32f4xx_hal_tim.o(.text.HAL_TIM_PWM_Start)
    HardFault_Handler                        0x08002451   Thumb Code     4  stm32f4xx_it.o(.text.HardFault_Handler)
    LCDErrHandler                            0x08002455   Thumb Code   182  LCD_Tools.o(.text.LCDErrHandler)
    LCD_clear                                0x080026b9   Thumb Code    34  LCD_Driver.o(.text.LCD_clear)
    LCD_fillRectangleBW                      0x080026dd   Thumb Code   398  LCD_Driver.o(.text.LCD_fillRectangleBW)
    LCD_fillRectangleMC                      0x0800286d   Thumb Code   202  LCD_Driver.o(.text.LCD_fillRectangleMC)
    LCD_init                                 0x08002939   Thumb Code   112  LCD_Driver.o(.text.LCD_init)
    MemManage_Handler                        0x08002c4d   Thumb Code     4  stm32f4xx_it.o(.text.MemManage_Handler)
    NMI_Handler                              0x08002c51   Thumb Code     2  stm32f4xx_it.o(.text.NMI_Handler)
    PWM_SetValue                             0x08002cc1   Thumb Code    56  LCD_TIM.o(.text.PWM_SetValue)
    PendSV_Handler                           0x08002cf9   Thumb Code     2  stm32f4xx_it.o(.text.PendSV_Handler)
    SPI4W_Read_Byte                          0x08002cfd   Thumb Code    10  LCD_SPI.o(.text.SPI4W_Read_Byte)
    SPI4W_Write_Byte                         0x08002d09   Thumb Code   184  LCD_SPI.o(.text.SPI4W_Write_Byte)
    SPIinit                                  0x08002ee9   Thumb Code    14  LCD_SPI.o(.text.SPIinit)
    SPIsetLCDSpeed                           0x08002ef9   Thumb Code    10  LCD_SPI.o(.text.SPIsetLCDSpeed)
    SPIsetTPSpeed                            0x08002f05   Thumb Code    74  LCD_SPI.o(.text.SPIsetTPSpeed)
    SVC_Handler                              0x08002f51   Thumb Code     2  stm32f4xx_it.o(.text.SVC_Handler)
    SysTick_Handler                          0x08002fa9   Thumb Code     8  stm32f4xx_it.o(.text.SysTick_Handler)
    SystemInit                               0x08003069   Thumb Code   110  system_stm32f4xx.o(.text.SystemInit)
    TIM4_Init                                0x080030d9   Thumb Code     8  LCD_TIM.o(.text.TIM4_Init)
    TIM_Base_SetConfig                       0x080030e1   Thumb Code   410  stm32f4xx_hal_tim.o(.text.TIM_Base_SetConfig)
    TIM_CCxChannelCmd                        0x0800327d   Thumb Code    54  stm32f4xx_hal_tim.o(.text.TIM_CCxChannelCmd)
    TIM_OC2_SetConfig                        0x080033a1   Thumb Code   244  stm32f4xx_hal_tim.o(.text.TIM_OC2_SetConfig)
    TP_InitBasic                             0x0800362d   Thumb Code    50  LCD_Touch.o(.text.TP_InitBasic)
    TP_get                                   0x08003a35   Thumb Code    28  LCD_Touch.o(.text.TP_get)
    TP_pressed                               0x08003a51   Thumb Code     8  LCD_Touch.o(.text.TP_pressed)
    USART3_IRQHandler                        0x08003add   Thumb Code    16  USART_STM32F4xx.o(.text.USART3_IRQHandler)
    USART_IRQHandler                         0x08004a9d   Thumb Code  1026  USART_STM32F4xx.o(.text.USART_IRQHandler)
    UsageFault_Handler                       0x08005a19   Thumb Code     4  stm32f4xx_it.o(.text.UsageFault_Handler)
    addDescription                           0x08005b45   Thumb Code    98  converter.o(.text.addDescription)
    clear                                    0x08005bf1   Thumb Code    68  stack.o(.text.clear)
    clearEchoTerm                            0x08005c35   Thumb Code    16  display.o(.text.clearEchoTerm)
    clearStdout                              0x08005c45   Thumb Code    16  display.o(.text.clearStdout)
    clearTerm                                0x08005c55   Thumb Code    40  terminal.o(.text.clearTerm)
    divStack                                 0x08005c7d   Thumb Code   136  operations.o(.text.divStack)
    dupeTop                                  0x08005d05   Thumb Code    84  stack.o(.text.dupeTop)
    genTerm                                  0x08005d59   Thumb Code   200  terminal.o(.text.genTerm)
    getAll                                   0x08005e21   Thumb Code    96  stack.o(.text.getAll)
    getKeyPadInput                           0x08005e81   Thumb Code   100  keypad.o(.text.getKeyPadInput)
    initDisplay                              0x08005f25   Thumb Code   208  display.o(.text.initDisplay)
    initITSboard                             0x08006135   Thumb Code    20  init.o(.text.initITSboard)
    itoa                                     0x08006149   Thumb Code   180  LCD_Tools.o(.text.itoa)
    lcdPrintS                                0x080061fd   Thumb Code   466  lcd.o(.text.lcdPrintS)
    main                                     0x080063d1   Thumb Code  1124  main.o(.text.main)
    makeKeyPad                               0x08006835   Thumb Code   210  keypad.o(.text.makeKeyPad)
    mulStack                                 0x08006909   Thumb Code   198  operations.o(.text.mulStack)
    nextToken                                0x080069d9   Thumb Code   330  scanner.o(.text.nextToken)
    overflowCheck                            0x08006b25   Thumb Code    42  stack.o(.text.overflowCheck)
    pop                                      0x08006b51   Thumb Code    70  stack.o(.text.pop)
    printChar                                0x08006de1   Thumb Code   156  terminal.o(.text.printChar)
    printDebugMsg                            0x08006e7d   Thumb Code   178  LCD_Debug.o(.text.printDebugMsg)
    printStdout                              0x08006f51   Thumb Code    24  display.o(.text.printStdout)
    printTerm                                0x08006f69   Thumb Code    60  terminal.o(.text.printTerm)
    printToEchoLine                          0x08006fa5   Thumb Code    40  display.o(.text.printToEchoLine)
    printTopValue                            0x08006fcd   Thumb Code    78  main.o(.text.printTopValue)
    push                                     0x0800701d   Thumb Code    64  stack.o(.text.push)
    safetyCheckOne                           0x0800705d   Thumb Code    42  stack.o(.text.safetyCheckOne)
    safetyCheckTwo                           0x08007089   Thumb Code    42  stack.o(.text.safetyCheckTwo)
    stdinout_init                            0x08007251   Thumb Code   174  stdinout_USART.o(.text.stdinout_init)
    subStack                                 0x08007349   Thumb Code   136  operations.o(.text.subStack)
    sumStack                                 0x080073d1   Thumb Code   122  operations.o(.text.sumStack)
    swapTop                                  0x0800744d   Thumb Code   102  stack.o(.text.swapTop)
    top                                      0x080074b5   Thumb Code    64  stack.o(.text.top)
    underflowCheck                           0x080075e1   Thumb Code    42  stack.o(.text.underflowCheck)
    valueToString                            0x0800760d   Thumb Code   314  converter.o(.text.valueToString)
    __scatterload_copy                       0x08007747   Thumb Code    14  handlers.o(i.__scatterload_copy)
    __scatterload_null                       0x08007755   Thumb Code     2  handlers.o(i.__scatterload_null)
    __scatterload_zeroinit                   0x08007757   Thumb Code    14  handlers.o(i.__scatterload_zeroinit)
    AHBPrescTable                            0x08007764   Data          16  system_stm32f4xx.o(.rodata.AHBPrescTable)
    APBPrescTable                            0x08007774   Data           8  system_stm32f4xx.o(.rodata.APBPrescTable)
    Driver_USART3                            0x0800777c   Data          56  USART_STM32F4xx.o(.rodata.Driver_USART3)
    initCmds                                 0x08007800   Data         103  LCD_Driver.o(.rodata.initCmds)
    keypad                                   0x08007868   Data         336  keypad.o(.rodata.keypad)
    Region$$Table$$Base                      0x08007e3c   Number         0  anon$$obj.o(Region$$Table)
    Region$$Table$$Limit                     0x08007e5c   Number         0  anon$$obj.o(Region$$Table)
    Consolas40FLASH                          0x20000000   Data           8  fontsFLASH.o(.data.Consolas40FLASH)
    Font16FLASH                              0x20000008   Data           8  fontsFLASH.o(.data.Font16FLASH)
    SystemCoreClock                          0x20000010   Data           4  system_stm32f4xx.o(.data.SystemCoreClock)
    uwTickFreq                               0x20000064   Data           1  stm32f4xx_hal.o(.data.uwTickFreq)
    uwTickPrio                               0x20000068   Data           4  stm32f4xx_hal.o(.data.uwTickPrio)
    EthHandle                                0x20000070   Data          72  stm32f4xx_it.o(.bss.EthHandle)
    uwTick                                   0x20000178   Data           4  stm32f4xx_hal.o(.bss.uwTick)
    __initial_sp                             0x20000580   Data           0  startup_stm32f429xx.o(STACK)



==============================================================================

Memory Map of the image

  Image Entry point : 0x080001c1

  Load Region LR_IROM1 (Base: 0x08000000, Size: 0x00007ed0, Max: 0x00200000, ABSOLUTE)

    Execution Region ER_IROM1 (Exec base: 0x08000000, Load base: 0x08000000, Size: 0x00007e5c, Max: 0x00200000, ABSOLUTE)

    Exec Addr    Load Addr    Size         Type   Attr      Idx    E Section Name        Object

    0x08000000   0x08000000   0x000001ac   Data   RO           63    RESET               startup_stm32f429xx.o
    0x080001ac   0x080001ac   0x00000000   Code   RO         1691  * .ARM.Collect$$$$00000000  mc_w.l(entry.o)
    0x080001ac   0x080001ac   0x00000004   Code   RO         1738    .ARM.Collect$$$$00000001  mc_w.l(entry2.o)
    0x080001b0   0x080001b0   0x00000004   Code   RO         1741    .ARM.Collect$$$$00000004  mc_w.l(entry5.o)
    0x080001b4   0x080001b4   0x00000000   Code   RO         1743    .ARM.Collect$$$$00000008  mc_w.l(entry7b.o)
    0x080001b4   0x080001b4   0x00000000   Code   RO         1745    .ARM.Collect$$$$0000000A  mc_w.l(entry8b.o)
    0x080001b4   0x080001b4   0x00000008   Code   RO         1746    .ARM.Collect$$$$0000000B  mc_w.l(entry9a.o)
    0x080001bc   0x080001bc   0x00000000   Code   RO         1748    .ARM.Collect$$$$0000000D  mc_w.l(entry10a.o)
    0x080001bc   0x080001bc   0x00000000   Code   RO         1750    .ARM.Collect$$$$0000000F  mc_w.l(entry11a.o)
    0x080001bc   0x080001bc   0x00000004   Code   RO         1739    .ARM.Collect$$$$00002712  mc_w.l(entry2.o)
    0x080001c0   0x080001c0   0x00000024   Code   RO           64  * .text               startup_stm32f429xx.o
    0x080001e4   0x080001e4   0x00000062   Code   RO         1694    .text               mc_w.l(uldiv.o)
    0x08000246   0x08000246   0x00000062   Code   RO         1696    .text               mc_w.l(ldiv.o)
    0x080002a8   0x080002a8   0x00000024   Code   RO         1698    .text               mc_w.l(memcpya.o)
    0x080002cc   0x080002cc   0x00000024   Code   RO         1700    .text               mc_w.l(memseta.o)
    0x080002f0   0x080002f0   0x0000000e   Code   RO         1702    .text               mc_w.l(strlen.o)
    0x080002fe   0x080002fe   0x0000001e   Code   RO         1768    .text               mc_w.l(llshl.o)
    0x0800031c   0x0800031c   0x00000020   Code   RO         1770    .text               mc_w.l(llushr.o)
    0x0800033c   0x0800033c   0x00000030   Code   RO         1794    .text               mc_w.l(init.o)
    0x0800036c   0x0800036c   0x00000004   Code   RO           91    .text.BusFault_Handler  stm32f4xx_it.o
    0x08000370   0x08000370   0x00000002   Code   RO           97    .text.DebugMon_Handler  stm32f4xx_it.o
    0x08000372   0x08000372   0x00000002   PAD
    0x08000374   0x08000374   0x00000010   Code   RO         1295    .text.Driver_Delay_ms  LCD_Tools.o
    0x08000384   0x08000384   0x00000020   Code   RO         1297    .text.Driver_Delay_us  LCD_Tools.o
    0x080003a4   0x080003a4   0x00000010   Code   RO          103    .text.ETH_IRQHandler  stm32f4xx_it.o
    0x080003b4   0x080003b4   0x000001da   Code   RO         1518    .text.Enable_GPIO_Clock  USART_STM32F4xx.o
    0x0800058e   0x0800058e   0x00000002   PAD
    0x08000590   0x08000590   0x000000e8   Code   RO         1359    .text.Error_Handler  error.o
    0x08000678   0x08000678   0x00000008   Code   RO         1263    .text.GPIO_Init     LCD_GPIO.o
    0x08000680   0x08000680   0x00000014   Code   RO         1168    .text.GUI_clear     LCD_GUI.o
    0x08000694   0x08000694   0x000000bc   Code   RO         1174    .text.GUI_disChar   LCD_GUI.o
    0x08000750   0x08000750   0x00000068   Code   RO         1178    .text.GUI_disNum    LCD_GUI.o
    0x080007b8   0x080007b8   0x00000114   Code   RO         1176    .text.GUI_disStr    LCD_GUI.o
    0x080008cc   0x080008cc   0x000000f2   Code   RO         1170    .text.GUI_drawPoint  LCD_GUI.o
    0x080009be   0x080009be   0x00000002   PAD
    0x080009c0   0x080009c0   0x000001aa   Code   RO         1172    .text.GUI_drawRectangle  LCD_GUI.o
    0x08000b6a   0x08000b6a   0x00000002   PAD
    0x08000b6c   0x08000b6c   0x0000001c   Code   RO         1166    .text.GUI_init      LCD_GUI.o
    0x08000b88   0x08000b88   0x000000ea   Code   RO          750    .text.HAL_DMA_Abort  stm32f4xx_hal_dma.o
    0x08000c72   0x08000c72   0x00000002   PAD
    0x08000c74   0x08000c74   0x00000042   Code   RO          293    .text.HAL_Delay     stm32f4xx_hal.o
    0x08000cb6   0x08000cb6   0x00000002   PAD
    0x08000cb8   0x08000cb8   0x00000008   Code   RO          889    .text.HAL_ETH_ErrorCallback  stm32f4xx_hal_eth.o
    0x08000cc0   0x08000cc0   0x000000c2   Code   RO          883    .text.HAL_ETH_IRQHandler  stm32f4xx_hal_eth.o
    0x08000d82   0x08000d82   0x00000002   PAD
    0x08000d84   0x08000d84   0x00000008   Code   RO          885    .text.HAL_ETH_RxCpltCallback  stm32f4xx_hal_eth.o
    0x08000d8c   0x08000d8c   0x00000008   Code   RO          887    .text.HAL_ETH_TxCpltCallback  stm32f4xx_hal_eth.o
    0x08000d94   0x08000d94   0x0000025c   Code   RO          227    .text.HAL_GPIO_DeInit  stm32f4xx_hal_gpio.o
    0x08000ff0   0x08000ff0   0x000003f0   Code   RO          225    .text.HAL_GPIO_Init  stm32f4xx_hal_gpio.o
    0x080013e0   0x080013e0   0x0000002e   Code   RO          229    .text.HAL_GPIO_ReadPin  stm32f4xx_hal_gpio.o
    0x0800140e   0x0800140e   0x00000002   PAD
    0x08001410   0x08001410   0x00000032   Code   RO          233    .text.HAL_GPIO_TogglePin  stm32f4xx_hal_gpio.o
    0x08001442   0x08001442   0x00000002   PAD
    0x08001444   0x08001444   0x0000002e   Code   RO          231    .text.HAL_GPIO_WritePin  stm32f4xx_hal_gpio.o
    0x08001472   0x08001472   0x00000002   PAD
    0x08001474   0x08001474   0x0000000c   Code   RO          285    .text.HAL_GetTick   stm32f4xx_hal.o
    0x08001480   0x08001480   0x0000001a   Code   RO          283    .text.HAL_IncTick   stm32f4xx_hal.o
    0x0800149a   0x0800149a   0x00000002   PAD
    0x0800149c   0x0800149c   0x0000002e   Code   RO          273    .text.HAL_Init      stm32f4xx_hal.o
    0x080014ca   0x080014ca   0x00000002   PAD
    0x080014cc   0x080014cc   0x00000070   Code   RO          275    .text.HAL_InitTick  stm32f4xx_hal.o
    0x0800153c   0x0800153c   0x00000002   Code   RO          277    .text.HAL_MspInit   stm32f4xx_hal.o
    0x0800153e   0x0800153e   0x00000002   PAD
    0x08001540   0x08001540   0x00000014   Code   RO          129    .text.HAL_NVIC_DisableIRQ  stm32f4xx_hal_cortex.o
    0x08001554   0x08001554   0x00000032   Code   RO          117    .text.HAL_NVIC_SetPriority  stm32f4xx_hal_cortex.o
    0x08001586   0x08001586   0x00000002   PAD
    0x08001588   0x08001588   0x00000010   Code   RO          113    .text.HAL_NVIC_SetPriorityGrouping  stm32f4xx_hal_cortex.o
    0x08001598   0x08001598   0x000000be   Code   RO          260    .text.HAL_PWREx_EnableOverDrive  stm32f4xx_hal_pwr_ex.o
    0x08001656   0x08001656   0x00000002   PAD
    0x08001658   0x08001658   0x00000262   Code   RO          345    .text.HAL_RCC_ClockConfig  stm32f4xx_hal_rcc.o
    0x080018ba   0x080018ba   0x00000002   PAD
    0x080018bc   0x080018bc   0x0000000c   Code   RO          355    .text.HAL_RCC_GetHCLKFreq  stm32f4xx_hal_rcc.o
    0x080018c8   0x080018c8   0x00000022   Code   RO          357    .text.HAL_RCC_GetPCLK1Freq  stm32f4xx_hal_rcc.o
    0x080018ea   0x080018ea   0x00000002   PAD
    0x080018ec   0x080018ec   0x000000e6   Code   RO          347    .text.HAL_RCC_GetSysClockFreq  stm32f4xx_hal_rcc.o
    0x080019d2   0x080019d2   0x00000002   PAD
    0x080019d4   0x080019d4   0x000006a4   Code   RO          343    .text.HAL_RCC_OscConfig  stm32f4xx_hal_rcc.o
    0x08002078   0x08002078   0x00000010   Code   RO          137    .text.HAL_SYSTICK_Config  stm32f4xx_hal_cortex.o
    0x08002088   0x08002088   0x00000122   Code   RO          838    .text.HAL_TIMEx_MasterConfigSynchronization  stm32f4xx_hal_tim_ex.o
    0x080021aa   0x080021aa   0x00000002   PAD
    0x080021ac   0x080021ac   0x00000048   Code   RO         1284    .text.HAL_TIM_MspPostInit  LCD_TIM.o
    0x080021f4   0x080021f4   0x00000144   Code   RO          542    .text.HAL_TIM_PWM_ConfigChannel  stm32f4xx_hal_tim.o
    0x08002338   0x08002338   0x00000058   Code   RO          430    .text.HAL_TIM_PWM_Init  stm32f4xx_hal_tim.o
    0x08002390   0x08002390   0x0000003e   Code   RO         1278    .text.HAL_TIM_PWM_MspInit  LCD_TIM.o
    0x080023ce   0x080023ce   0x00000002   PAD
    0x080023d0   0x080023d0   0x00000080   Code   RO          438    .text.HAL_TIM_PWM_Start  stm32f4xx_hal_tim.o
    0x08002450   0x08002450   0x00000004   Code   RO           87    .text.HardFault_Handler  stm32f4xx_it.o
    0x08002454   0x08002454   0x000000b6   Code   RO         1299    .text.LCDErrHandler  LCD_Tools.o
    0x0800250a   0x0800250a   0x00000002   PAD
    0x0800250c   0x0800250c   0x0000004a   Code   RO         1132    .text.LCD_Reset     LCD_Driver.o
    0x08002556   0x08002556   0x00000002   PAD
    0x08002558   0x08002558   0x00000014   Code   RO         1134    .text.LCD_SetBackLight  LCD_Driver.o
    0x0800256c   0x0800256c   0x00000022   Code   RO         1138    .text.LCD_SetGramScanWay  LCD_Driver.o
    0x0800258e   0x0800258e   0x00000002   PAD
    0x08002590   0x08002590   0x00000048   Code   RO         1140    .text.LCD_WriteCMD  LCD_Driver.o
    0x080025d8   0x080025d8   0x00000056   Code   RO         1136    .text.LCD_WriteCMDList  LCD_Driver.o
    0x0800262e   0x0800262e   0x00000002   PAD
    0x08002630   0x08002630   0x00000016   Code   RO         1150    .text.LCD_WriteParam  LCD_Driver.o
    0x08002646   0x08002646   0x00000002   PAD
    0x08002648   0x08002648   0x00000070   Code   RO         1146    .text.LCD_WriteParameters  LCD_Driver.o
    0x080026b8   0x080026b8   0x00000022   Code   RO         1152    .text.LCD_clear     LCD_Driver.o
    0x080026da   0x080026da   0x00000002   PAD
    0x080026dc   0x080026dc   0x0000018e   Code   RO         1148    .text.LCD_fillRectangleBW  LCD_Driver.o
    0x0800286a   0x0800286a   0x00000002   PAD
    0x0800286c   0x0800286c   0x000000ca   Code   RO         1142    .text.LCD_fillRectangleMC  LCD_Driver.o
    0x08002936   0x08002936   0x00000002   PAD
    0x08002938   0x08002938   0x00000070   Code   RO         1130    .text.LCD_init      LCD_Driver.o
    0x080029a8   0x080029a8   0x00000058   Code   RO         1144    .text.LCD_setWindow  LCD_Driver.o
    0x08002a00   0x08002a00   0x0000019e   Code   RO         1265    .text.MX_GPIO_Init  LCD_GPIO.o
    0x08002b9e   0x08002b9e   0x00000002   PAD
    0x08002ba0   0x08002ba0   0x000000aa   Code   RO         1276    .text.MX_TIM4_Init  LCD_TIM.o
    0x08002c4a   0x08002c4a   0x00000002   PAD
    0x08002c4c   0x08002c4c   0x00000004   Code   RO           89    .text.MemManage_Handler  stm32f4xx_it.o
    0x08002c50   0x08002c50   0x00000002   Code   RO           85    .text.NMI_Handler   stm32f4xx_it.o
    0x08002c52   0x08002c52   0x00000002   PAD
    0x08002c54   0x08002c54   0x0000006c   Code   RO          123    .text.NVIC_EncodePriority  stm32f4xx_hal_cortex.o
    0x08002cc0   0x08002cc0   0x00000038   Code   RO         1282    .text.PWM_SetValue  LCD_TIM.o
    0x08002cf8   0x08002cf8   0x00000002   Code   RO           99    .text.PendSV_Handler  stm32f4xx_it.o
    0x08002cfa   0x08002cfa   0x00000002   PAD
    0x08002cfc   0x08002cfc   0x0000000a   Code   RO         1252    .text.SPI4W_Read_Byte  LCD_SPI.o
    0x08002d06   0x08002d06   0x00000002   PAD
    0x08002d08   0x08002d08   0x000000b8   Code   RO         1246    .text.SPI4W_Write_Byte  LCD_SPI.o
    0x08002dc0   0x08002dc0   0x0000004c   Code   RO         1240    .text.SPIInitDevWithoutHAL  LCD_SPI.o
    0x08002e0c   0x08002e0c   0x000000da   Code   RO         1238    .text.SPIInitGPIOsWithoutHAL  LCD_SPI.o
    0x08002ee6   0x08002ee6   0x00000002   PAD
    0x08002ee8   0x08002ee8   0x0000000e   Code   RO         1236    .text.SPIinit       LCD_SPI.o
    0x08002ef6   0x08002ef6   0x00000002   PAD
    0x08002ef8   0x08002ef8   0x0000000a   Code   RO         1244    .text.SPIsetLCDSpeed  LCD_SPI.o
    0x08002f02   0x08002f02   0x00000002   PAD
    0x08002f04   0x08002f04   0x0000004a   Code   RO         1242    .text.SPIsetTPSpeed  LCD_SPI.o
    0x08002f4e   0x08002f4e   0x00000002   PAD
    0x08002f50   0x08002f50   0x00000002   Code   RO           95    .text.SVC_Handler   stm32f4xx_it.o
    0x08002f52   0x08002f52   0x00000002   PAD
    0x08002f54   0x08002f54   0x00000052   Code   RO          139    .text.SysTick_Config  stm32f4xx_hal_cortex.o
    0x08002fa6   0x08002fa6   0x00000002   PAD
    0x08002fa8   0x08002fa8   0x00000008   Code   RO          101    .text.SysTick_Handler  stm32f4xx_it.o
    0x08002fb0   0x08002fb0   0x000000b8   Code   RO         1401    .text.SystemClock_Config  init.o
    0x08003068   0x08003068   0x0000006e   Code   RO           71    .text.SystemInit    system_stm32f4xx.o
    0x080030d6   0x080030d6   0x00000002   PAD
    0x080030d8   0x080030d8   0x00000008   Code   RO         1274    .text.TIM4_Init     LCD_TIM.o
    0x080030e0   0x080030e0   0x0000019a   Code   RO          380    .text.TIM_Base_SetConfig  stm32f4xx_hal_tim.o
    0x0800327a   0x0800327a   0x00000002   PAD
    0x0800327c   0x0800327c   0x00000036   Code   RO          414    .text.TIM_CCxChannelCmd  stm32f4xx_hal_tim.o
    0x080032b2   0x080032b2   0x00000002   PAD
    0x080032b4   0x080032b4   0x000000ea   Code   RO          524    .text.TIM_OC1_SetConfig  stm32f4xx_hal_tim.o
    0x0800339e   0x0800339e   0x00000002   PAD
    0x080033a0   0x080033a0   0x000000f4   Code   RO          526    .text.TIM_OC2_SetConfig  stm32f4xx_hal_tim.o
    0x08003494   0x08003494   0x000000f2   Code   RO          528    .text.TIM_OC3_SetConfig  stm32f4xx_hal_tim.o
    0x08003586   0x08003586   0x00000002   PAD
    0x08003588   0x08003588   0x000000a4   Code   RO          530    .text.TIM_OC4_SetConfig  stm32f4xx_hal_tim.o
    0x0800362c   0x0800362c   0x00000032   Code   RO         1208    .text.TP_InitBasic  LCD_Touch.o
    0x0800365e   0x0800365e   0x00000002   PAD
    0x08003660   0x08003660   0x0000006e   Code   RO         1222    .text.TP_Read_ADC   LCD_Touch.o
    0x080036ce   0x080036ce   0x00000002   PAD
    0x080036d0   0x080036d0   0x00000128   Code   RO         1220    .text.TP_Read_ADC_Average  LCD_Touch.o
    0x080037f8   0x080037f8   0x00000020   Code   RO         1218    .text.TP_Read_ADC_XY  LCD_Touch.o
    0x08003818   0x08003818   0x000000f4   Code   RO         1216    .text.TP_Read_TwiceADC  LCD_Touch.o
    0x0800390c   0x0800390c   0x000000fc   Code   RO         1212    .text.TP_Scan       LCD_Touch.o
    0x08003a08   0x08003a08   0x0000002a   Code   RO         1210    .text.TP_SetDefaultCalibration  LCD_Touch.o
    0x08003a32   0x08003a32   0x00000002   PAD
    0x08003a34   0x08003a34   0x0000001c   Code   RO         1214    .text.TP_get        LCD_Touch.o
    0x08003a50   0x08003a50   0x00000008   Code   RO         1204    .text.TP_pressed    LCD_Touch.o
    0x08003a58   0x08003a58   0x0000001c   Code   RO         1506    .text.USART3_Control  USART_STM32F4xx.o
    0x08003a74   0x08003a74   0x00000018   Code   RO         1488    .text.USART3_GetCapabilities  USART_STM32F4xx.o
    0x08003a8c   0x08003a8c   0x00000018   Code   RO         1512    .text.USART3_GetModemStatus  USART_STM32F4xx.o
    0x08003aa4   0x08003aa4   0x00000010   Code   RO         1504    .text.USART3_GetRxCount  USART_STM32F4xx.o
    0x08003ab4   0x08003ab4   0x00000018   Code   RO         1508    .text.USART3_GetStatus  USART_STM32F4xx.o
    0x08003acc   0x08003acc   0x00000010   Code   RO         1502    .text.USART3_GetTxCount  USART_STM32F4xx.o
    0x08003adc   0x08003adc   0x00000010   Code   RO         1484    .text.USART3_IRQHandler  USART_STM32F4xx.o
    0x08003aec   0x08003aec   0x00000018   Code   RO         1490    .text.USART3_Initialize  USART_STM32F4xx.o
    0x08003b04   0x08003b04   0x0000001c   Code   RO         1494    .text.USART3_PowerControl  USART_STM32F4xx.o
    0x08003b20   0x08003b20   0x0000001c   Code   RO         1498    .text.USART3_Receive  USART_STM32F4xx.o
    0x08003b3c   0x08003b3c   0x0000001c   Code   RO         1496    .text.USART3_Send   USART_STM32F4xx.o
    0x08003b58   0x08003b58   0x0000001c   Code   RO         1510    .text.USART3_SetModemControl  USART_STM32F4xx.o
    0x08003b74   0x08003b74   0x00000020   Code   RO         1500    .text.USART3_Transfer  USART_STM32F4xx.o
    0x08003b94   0x08003b94   0x00000010   Code   RO         1492    .text.USART3_Uninitialize  USART_STM32F4xx.o
    0x08003ba4   0x08003ba4   0x00000d86   Code   RO         1540    .text.USART_Control  USART_STM32F4xx.o
    0x0800492a   0x0800492a   0x00000002   PAD
    0x0800492c   0x0800492c   0x00000010   Code   RO         1514    .text.USART_GetCapabilities  USART_STM32F4xx.o
    0x0800493c   0x0800493c   0x0000006a   Code   RO         1546    .text.USART_GetModemStatus  USART_STM32F4xx.o
    0x080049a6   0x080049a6   0x00000002   PAD
    0x080049a8   0x080049a8   0x0000000e   Code   RO         1538    .text.USART_GetRxCount  USART_STM32F4xx.o
    0x080049b6   0x080049b6   0x00000002   PAD
    0x080049b8   0x080049b8   0x000000d4   Code   RO         1542    .text.USART_GetStatus  USART_STM32F4xx.o
    0x08004a8c   0x08004a8c   0x0000000e   Code   RO         1536    .text.USART_GetTxCount  USART_STM32F4xx.o
    0x08004a9a   0x08004a9a   0x00000002   PAD
    0x08004a9c   0x08004a9c   0x00000402   Code   RO         1482    .text.USART_IRQHandler  USART_STM32F4xx.o
    0x08004e9e   0x08004e9e   0x00000002   PAD
    0x08004ea0   0x08004ea0   0x000000e0   Code   RO         1516    .text.USART_Initialize  USART_STM32F4xx.o
    0x08004f80   0x08004f80   0x0000024c   Code   RO         1528    .text.USART_PeripheralReset  USART_STM32F4xx.o
    0x080051cc   0x080051cc   0x0000045e   Code   RO         1522    .text.USART_PowerControl  USART_STM32F4xx.o
    0x0800562a   0x0800562a   0x00000002   PAD
    0x0800562c   0x0800562c   0x000000e4   Code   RO         1532    .text.USART_Receive  USART_STM32F4xx.o
    0x08005710   0x08005710   0x000000b6   Code   RO         1530    .text.USART_Send    USART_STM32F4xx.o
    0x080057c6   0x080057c6   0x00000002   PAD
    0x080057c8   0x080057c8   0x000000e2   Code   RO         1544    .text.USART_SetModemControl  USART_STM32F4xx.o
    0x080058aa   0x080058aa   0x00000002   PAD
    0x080058ac   0x080058ac   0x00000096   Code   RO         1534    .text.USART_Transfer  USART_STM32F4xx.o
    0x08005942   0x08005942   0x00000002   PAD
    0x08005944   0x08005944   0x000000c0   Code   RO         1520    .text.USART_Uninitialize  USART_STM32F4xx.o
    0x08005a04   0x08005a04   0x00000012   Code   RO         1486    .text.USARTx_GetVersion  USART_STM32F4xx.o
    0x08005a16   0x08005a16   0x00000002   PAD
    0x08005a18   0x08005a18   0x00000004   Code   RO           93    .text.UsageFault_Handler  stm32f4xx_it.o
    0x08005a1c   0x08005a1c   0x00000030   Code   RO         1524    .text.__NVIC_ClearPendingIRQ  USART_STM32F4xx.o
    0x08005a4c   0x08005a4c   0x00000038   Code   RO          131    .text.__NVIC_DisableIRQ  stm32f4xx_hal_cortex.o
    0x08005a84   0x08005a84   0x00000030   Code   RO         1526    .text.__NVIC_EnableIRQ  USART_STM32F4xx.o
    0x08005ab4   0x08005ab4   0x00000010   Code   RO          119    .text.__NVIC_GetPriorityGrouping  stm32f4xx_hal_cortex.o
    0x08005ac4   0x08005ac4   0x00000042   Code   RO          121    .text.__NVIC_SetPriority  stm32f4xx_hal_cortex.o
    0x08005b06   0x08005b06   0x00000002   PAD
    0x08005b08   0x08005b08   0x0000003c   Code   RO          115    .text.__NVIC_SetPriorityGrouping  stm32f4xx_hal_cortex.o
    0x08005b44   0x08005b44   0x00000062   Code   RO         1662    .text.addDescription  converter.o
    0x08005ba6   0x08005ba6   0x00000002   PAD
    0x08005ba8   0x08005ba8   0x00000048   Code   RO         1250    .text.check_SPI_SR  LCD_SPI.o
    0x08005bf0   0x08005bf0   0x00000044   Code   RO         1602    .text.clear         stack.o
    0x08005c34   0x08005c34   0x00000010   Code   RO         1637    .text.clearEchoTerm  display.o
    0x08005c44   0x08005c44   0x00000010   Code   RO         1635    .text.clearStdout   display.o
    0x08005c54   0x08005c54   0x00000028   Code   RO         1416    .text.clearTerm     terminal.o
    0x08005c7c   0x08005c7c   0x00000088   Code   RO         1677    .text.divStack      operations.o
    0x08005d04   0x08005d04   0x00000054   Code   RO         1604    .text.dupeTop       stack.o
    0x08005d58   0x08005d58   0x000000c8   Code   RO         1414    .text.genTerm       terminal.o
    0x08005e20   0x08005e20   0x00000060   Code   RO         1600    .text.getAll        stack.o
    0x08005e80   0x08005e80   0x00000064   Code   RO         1445    .text.getKeyPadInput  keypad.o
    0x08005ee4   0x08005ee4   0x00000040   Code   RO         1451    .text.getValidButton  keypad.o
    0x08005f24   0x08005f24   0x000000d0   Code   RO         1641    .text.initDisplay   display.o
    0x08005ff4   0x08005ff4   0x00000140   Code   RO         1403    .text.initGPIOs     init.o
    0x08006134   0x08006134   0x00000014   Code   RO         1399    .text.initITSboard  init.o
    0x08006148   0x08006148   0x000000b4   Code   RO         1301    .text.itoa          LCD_Tools.o
    0x080061fc   0x080061fc   0x000001d2   Code   RO         1367    .text.lcdPrintS     lcd.o
    0x080063ce   0x080063ce   0x00000002   PAD
    0x080063d0   0x080063d0   0x00000464   Code   RO         1577    .text.main          main.o
    0x08006834   0x08006834   0x000000d2   Code   RO         1441    .text.makeKeyPad    keypad.o
    0x08006906   0x08006906   0x00000002   PAD
    0x08006908   0x08006908   0x000000c6   Code   RO         1675    .text.mulStack      operations.o
    0x080069ce   0x080069ce   0x00000002   PAD
    0x080069d0   0x080069d0   0x00000008   Code   RO         1623    .text.nextChar      scanner.o
    0x080069d8   0x080069d8   0x0000014a   Code   RO         1621    .text.nextToken     scanner.o
    0x08006b22   0x08006b22   0x00000002   PAD
    0x08006b24   0x08006b24   0x0000002a   Code   RO         1592    .text.overflowCheck  stack.o
    0x08006b4e   0x08006b4e   0x00000002   PAD
    0x08006b50   0x08006b50   0x00000046   Code   RO         1610    .text.pop           stack.o
    0x08006b96   0x08006b96   0x00000002   PAD
    0x08006b98   0x08006b98   0x00000246   Code   RO         1443    .text.printButton   keypad.o
    0x08006dde   0x08006dde   0x00000002   PAD
    0x08006de0   0x08006de0   0x0000009c   Code   RO         1422    .text.printChar     terminal.o
    0x08006e7c   0x08006e7c   0x000000b2   Code   RO         1333    .text.printDebugMsg  LCD_Debug.o
    0x08006f2e   0x08006f2e   0x00000002   PAD
    0x08006f30   0x08006f30   0x00000020   Code   RO         1426    .text.printNewLine  terminal.o
    0x08006f50   0x08006f50   0x00000018   Code   RO         1639    .text.printStdout   display.o
    0x08006f68   0x08006f68   0x0000003c   Code   RO         1424    .text.printTerm     terminal.o
    0x08006fa4   0x08006fa4   0x00000028   Code   RO         1643    .text.printToEchoLine  display.o
    0x08006fcc   0x08006fcc   0x0000004e   Code   RO         1575    .text.printTopValue  main.o
    0x0800701a   0x0800701a   0x00000002   PAD
    0x0800701c   0x0800701c   0x00000040   Code   RO         1608    .text.push          stack.o
    0x0800705c   0x0800705c   0x0000002a   Code   RO         1588    .text.safetyCheckOne  stack.o
    0x08007086   0x08007086   0x00000002   PAD
    0x08007088   0x08007088   0x0000002a   Code   RO         1590    .text.safetyCheckTwo  stack.o
    0x080070b2   0x080070b2   0x00000002   PAD
    0x080070b4   0x080070b4   0x00000030   Code   RO         1248    .text.save_restore_AltFn_SPI1_MOSI_Pin  LCD_SPI.o
    0x080070e4   0x080070e4   0x0000016a   Code   RO         1447    .text.selectButton  keypad.o
    0x0800724e   0x0800724e   0x00000002   PAD
    0x08007250   0x08007250   0x000000ae   Code   RO         1562    .text.stdinout_init  stdinout_USART.o
    0x080072fe   0x080072fe   0x00000002   PAD
    0x08007300   0x08007300   0x00000046   Code   RO         1369    .text.stringCopy    lcd.o
    0x08007346   0x08007346   0x00000002   PAD
    0x08007348   0x08007348   0x00000088   Code   RO         1673    .text.subStack      operations.o
    0x080073d0   0x080073d0   0x0000007a   Code   RO         1671    .text.sumStack      operations.o
    0x0800744a   0x0800744a   0x00000002   PAD
    0x0800744c   0x0800744c   0x00000066   Code   RO         1606    .text.swapTop       stack.o
    0x080074b2   0x080074b2   0x00000002   PAD
    0x080074b4   0x080074b4   0x00000040   Code   RO         1598    .text.top           stack.o
    0x080074f4   0x080074f4   0x000000ea   Code   RO         1453    .text.touchCoordinateToKey  keypad.o
    0x080075de   0x080075de   0x00000002   PAD
    0x080075e0   0x080075e0   0x0000002a   Code   RO         1594    .text.underflowCheck  stack.o
    0x0800760a   0x0800760a   0x00000002   PAD
    0x0800760c   0x0800760c   0x0000013a   Code   RO         1660    .text.valueToString  converter.o
    0x08007746   0x08007746   0x0000000e   Code   RO         1802    i.__scatterload_copy  mc_w.l(handlers.o)
    0x08007754   0x08007754   0x00000002   Code   RO         1803    i.__scatterload_null  mc_w.l(handlers.o)
    0x08007756   0x08007756   0x0000000e   Code   RO         1804    i.__scatterload_zeroinit  mc_w.l(handlers.o)
    0x08007764   0x08007764   0x00000010   Data   RO           76    .rodata.AHBPrescTable  system_stm32f4xx.o
    0x08007774   0x08007774   0x00000008   Data   RO           77    .rodata.APBPrescTable  system_stm32f4xx.o
    0x0800777c   0x0800777c   0x00000038   Data   RO         1548    .rodata.Driver_USART3  USART_STM32F4xx.o
    0x080077b4   0x080077b4   0x00000034   Data   RO         1553    .rodata.USART3_Resources  USART_STM32F4xx.o
    0x080077e8   0x080077e8   0x0000000c   Data   RO         1550    .rodata.USART3_rx   USART_STM32F4xx.o
    0x080077f4   0x080077f4   0x0000000c   Data   RO         1549    .rodata.USART3_tx   USART_STM32F4xx.o
    0x08007800   0x08007800   0x00000067   Data   RO         1158    .rodata.initCmds    LCD_Driver.o
    0x08007867   0x08007867   0x00000001   PAD
    0x08007868   0x08007868   0x00000150   Data   RO         1455    .rodata.keypad      keypad.o
    0x080079b8   0x080079b8   0x00000052   Data   RO         1190    .rodata.str1.1      LCD_GUI.o
    0x08007a0a   0x08007a0a   0x00000052   Data   RO         1254    .rodata.str1.1      LCD_SPI.o
    0x08007a5c   0x08007a5c   0x00000052   Data   RO         1287    .rodata.str1.1      LCD_TIM.o
    0x08007aae   0x08007aae   0x0000001c   Data   RO         1336    .rodata.str1.1      LCD_Debug.o
    0x08007aca   0x08007aca   0x00000054   Data   RO         1432    .rodata.str1.1      terminal.o
    0x08007b1e   0x08007b1e   0x0000031e   Data   RO         1579    .rodata.str1.1      main.o
    0x08007e3c   0x08007e3c   0x00000020   Data   RO         1801    Region$$Table       anon$$obj.o


    Execution Region RW_IRAM1 (Exec base: 0x20000000, Load base: 0x08007e60, Size: 0x00000580, Max: 0x00030000, ABSOLUTE)

    Exec Addr    Load Addr    Size         Type   Attr      Idx    E Section Name        Object

    0x20000000   0x08007e60   0x00000008   Data   RW         1108    .data.Consolas40FLASH  fontsFLASH.o
    0x20000008   0x08007e68   0x00000008   Data   RW         1102    .data.Font16FLASH   fontsFLASH.o
    0x20000010   0x08007e70   0x00000004   Data   RW           75    .data.SystemCoreClock  system_stm32f4xx.o
    0x20000014   0x08007e74   0x00000004   Data   RW         1385    .data.crd           lcd.o
    0x20000018   0x08007e78   0x00000018   Data   RW         1652    .data.echoTerm      display.o
    0x20000030   0x08007e90   0x00000004   Data   RW         1386    .data.fontHeight    lcd.o
    0x20000034   0x08007e94   0x00000004   Data   RW         1384    .data.fontWidth     lcd.o
    0x20000038   0x08007e98   0x00000004   Data   RW         1387    .data.lcdFont       lcd.o
    0x2000003c   0x08007e9c   0x00000004   Data   RW         1383    .data.lcdmaxx       lcd.o
    0x20000040   0x08007ea0   0x00000004   Data   RW         1389    .data.lcdmaxy       lcd.o
    0x20000044   0x08007ea4   0x00000001   Data   RW         1625    .data.nextToken.c   scanner.o
    0x20000045   0x08007ea5   0x00000003   PAD
    0x20000048   0x08007ea8   0x00000004   Data   RW         1255    .data.save_restore_AltFn_SPI1_MOSI_Pin.saved_AF  LCD_SPI.o
    0x2000004c   0x08007eac   0x00000018   Data   RW         1651    .data.stdoutTerm    display.o
    0x20000064   0x08007ec4   0x00000001   Data   RW          332    .data.uwTickFreq    stm32f4xx_hal.o
    0x20000065   0x08007ec5   0x00000003   PAD
    0x20000068   0x08007ec8   0x00000004   Data   RW          331    .data.uwTickPrio    stm32f4xx_hal.o
    0x2000006c   0x08007ecc   0x00000004   PAD
    0x20000070        -       0x00000048   Zero   RW          105    .bss.EthHandle      stm32f4xx_it.o
    0x200000b8        -       0x00000014   Zero   RW         1551    .bss.USART3_Info    USART_STM32F4xx.o
    0x200000cc        -       0x00000024   Zero   RW         1552    .bss.USART3_TransferInfo  USART_STM32F4xx.o
    0x200000f0        -       0x00000040   Zero   RW         1286    .bss.htim4          LCD_TIM.o
    0x20000130        -       0x00000002   Zero   RW         1388    .bss.lcdColor       lcd.o
    0x20000132   0x08007ecc   0x00000002   PAD
    0x20000134        -       0x00000004   Zero   RW         1612    .bss.position       stack.o
    0x20000138        -       0x00000018   Zero   RW         1227    .bss.sTP_DEV        LCD_Touch.o
    0x20000150        -       0x00000028   Zero   RW         1613    .bss.stack          stack.o
    0x20000178        -       0x00000004   Zero   RW          333    .bss.uwTick         stm32f4xx_hal.o
    0x2000017c   0x08007ecc   0x00000004   PAD
    0x20000180        -       0x00000400   Zero   RW           61    STACK               startup_stm32f429xx.o


==============================================================================

Image component sizes


      Code (inc. data)   RO Data    RW Data    ZI Data      Debug   Object Name

       178          0         28          0          0       1218   LCD_Debug.o
      1254          0        103          0          0       4585   LCD_Driver.o
       422          0          0          0          0       2719   LCD_GPIO.o
      1284          0         82          0          0       6731   LCD_GUI.o
       706          0         82          4          0       5479   LCD_SPI.o
       368          0         82          0         64       6175   LCD_TIM.o
       410          0          0          0          0       3127   LCD_Tools.o
      1062          8          0          0         24       6470   LCD_Touch.o
      8678         52        132          0         56      22531   USART_STM32F4xx.o
       412          0          0          0          0       1403   converter.o
       304          0          0         48          0       2400   display.o
       232          0          0          0          0       2454   error.o
         0          0          0         16          0       1916   fontsFLASH.o
       524          0          0          0          0       3913   init.o
      1552          0        336          0          0       5211   keypad.o
       536          0          0         24          2       3903   lcd.o
      1202        146        798          0          0       2283   main.o
       592          0          0          0          0       1687   operations.o
       338         74          0          1          0       1113   scanner.o
       716          0          0          0         44       2446   stack.o
        36          8        428          0       1024       1020   startup_stm32f429xx.o
       174          0          0          0          0       1583   stdinout_USART.o
       264          0          0          5          4       7936   stm32f4xx_hal.o
       490          0          0          0          0       9997   stm32f4xx_hal_cortex.o
       234          0          0          0          0       8868   stm32f4xx_hal_dma.o
       218          0          0          0          0      16166   stm32f4xx_hal_eth.o
      1754          0          0          0          0       5585   stm32f4xx_hal_gpio.o
       190          0          0          0          0       4841   stm32f4xx_hal_pwr_ex.o
      2586          0          0          0          0       8122   stm32f4xx_hal_rcc.o
      1888         14          0          0          0      31940   stm32f4xx_hal_tim.o
       290          0          0          0          0      13194   stm32f4xx_hal_tim_ex.o
        48          0          0          0         72       4905   stm32f4xx_it.o
       110          0         24          4          0       2898   system_stm32f4xx.o
       488          0         84          0          0       3382   terminal.o

    ----------------------------------------------------------------------
     29694        302       2212        108       1300     208201   Object Totals
         0          0         32          0          0          0   (incl. Generated)
       154          0          1          6         10          0   (incl. Padding)

    ----------------------------------------------------------------------

      Code (inc. data)   RO Data    RW Data    ZI Data      Debug   Library Member Name

         0          0          0          0          0          0   entry.o
         0          0          0          0          0          0   entry10a.o
         0          0          0          0          0          0   entry11a.o
         8          4          0          0          0          0   entry2.o
         4          0          0          0          0          0   entry5.o
         0          0          0          0          0          0   entry7b.o
         0          0          0          0          0          0   entry8b.o
         8          4          0          0          0          0   entry9a.o
        30          0          0          0          0          0   handlers.o
        48         10          0          0          0         68   init.o
        98          0          0          0          0         84   ldiv.o
        30          0          0          0          0         68   llshl.o
        32          0          0          0          0         68   llushr.o
        36          0          0          0          0         68   memcpya.o
        36          0          0          0          0        108   memseta.o
        14          0          0          0          0         68   strlen.o
        98          0          0          0          0         92   uldiv.o

    ----------------------------------------------------------------------
       442         18          0          0          0        624   Library Totals
         0          0          0          0          0          0   (incl. Padding)

    ----------------------------------------------------------------------

      Code (inc. data)   RO Data    RW Data    ZI Data      Debug   Library Name

       442         18          0          0          0        624   mc_w.l

    ----------------------------------------------------------------------
       442         18          0          0          0        624   Library Totals

    ----------------------------------------------------------------------

==============================================================================


      Code (inc. data)   RO Data    RW Data    ZI Data      Debug   

     30136        320       2212        108       1300     208201   Grand Totals
     30136        320       2212        108       1300     208201   ELF Image Totals
     30136        320       2212        108          0          0   ROM Totals

==============================================================================

    Total RO  Size (Code + RO Data)                32348 (  31.59kB)
    Total RW  Size (RW Data + ZI Data)              1408 (   1.38kB)
    Total ROM Size (Code + RO Data + RW Data)      32456 (  31.70kB)

==============================================================================

