Component: Arm Compiler for Embedded 6.24 Tool: armlink [5f371500]

==============================================================================

Section Cross References

    stm32f4xx_nucleo_144.o(.ARM.exidx.text.BSP_GetVersion) refers to stm32f4xx_nucleo_144.o(.text.BSP_GetVersion) for [Anonymous Symbol]
    stm32f4xx_nucleo_144.o(.text.BSP_LED_Init) refers to stm32f4xx_nucleo_144.o(.rodata.GPIO_PIN) for GPIO_PIN
    stm32f4xx_nucleo_144.o(.text.BSP_LED_Init) refers to stm32f4xx_nucleo_144.o(.data.GPIO_PORT) for GPIO_PORT
    stm32f4xx_nucleo_144.o(.text.BSP_LED_Init) refers to stm32f4xx_hal_gpio.o(.text.HAL_GPIO_Init) for HAL_GPIO_Init
    stm32f4xx_nucleo_144.o(.text.BSP_LED_Init) refers to stm32f4xx_hal_gpio.o(.text.HAL_GPIO_WritePin) for HAL_GPIO_WritePin
    stm32f4xx_nucleo_144.o(.ARM.exidx.text.BSP_LED_Init) refers to stm32f4xx_nucleo_144.o(.text.BSP_LED_Init) for [Anonymous Symbol]
    stm32f4xx_nucleo_144.o(.text.BSP_LED_DeInit) refers to stm32f4xx_nucleo_144.o(.data.GPIO_PORT) for GPIO_PORT
    stm32f4xx_nucleo_144.o(.text.BSP_LED_DeInit) refers to stm32f4xx_nucleo_144.o(.rodata.GPIO_PIN) for GPIO_PIN
    stm32f4xx_nucleo_144.o(.text.BSP_LED_DeInit) refers to stm32f4xx_hal_gpio.o(.text.HAL_GPIO_WritePin) for HAL_GPIO_WritePin
    stm32f4xx_nucleo_144.o(.text.BSP_LED_DeInit) refers to stm32f4xx_hal_gpio.o(.text.HAL_GPIO_DeInit) for HAL_GPIO_DeInit
    stm32f4xx_nucleo_144.o(.ARM.exidx.text.BSP_LED_DeInit) refers to stm32f4xx_nucleo_144.o(.text.BSP_LED_DeInit) for [Anonymous Symbol]
    stm32f4xx_nucleo_144.o(.text.BSP_LED_On) refers to stm32f4xx_nucleo_144.o(.data.GPIO_PORT) for GPIO_PORT
    stm32f4xx_nucleo_144.o(.text.BSP_LED_On) refers to stm32f4xx_nucleo_144.o(.rodata.GPIO_PIN) for GPIO_PIN
    stm32f4xx_nucleo_144.o(.text.BSP_LED_On) refers to stm32f4xx_hal_gpio.o(.text.HAL_GPIO_WritePin) for HAL_GPIO_WritePin
    stm32f4xx_nucleo_144.o(.ARM.exidx.text.BSP_LED_On) refers to stm32f4xx_nucleo_144.o(.text.BSP_LED_On) for [Anonymous Symbol]
    stm32f4xx_nucleo_144.o(.text.BSP_LED_Off) refers to stm32f4xx_nucleo_144.o(.data.GPIO_PORT) for GPIO_PORT
    stm32f4xx_nucleo_144.o(.text.BSP_LED_Off) refers to stm32f4xx_nucleo_144.o(.rodata.GPIO_PIN) for GPIO_PIN
    stm32f4xx_nucleo_144.o(.text.BSP_LED_Off) refers to stm32f4xx_hal_gpio.o(.text.HAL_GPIO_WritePin) for HAL_GPIO_WritePin
    stm32f4xx_nucleo_144.o(.ARM.exidx.text.BSP_LED_Off) refers to stm32f4xx_nucleo_144.o(.text.BSP_LED_Off) for [Anonymous Symbol]
    stm32f4xx_nucleo_144.o(.text.BSP_LED_Toggle) refers to stm32f4xx_nucleo_144.o(.data.GPIO_PORT) for GPIO_PORT
    stm32f4xx_nucleo_144.o(.text.BSP_LED_Toggle) refers to stm32f4xx_nucleo_144.o(.rodata.GPIO_PIN) for GPIO_PIN
    stm32f4xx_nucleo_144.o(.text.BSP_LED_Toggle) refers to stm32f4xx_hal_gpio.o(.text.HAL_GPIO_TogglePin) for HAL_GPIO_TogglePin
    stm32f4xx_nucleo_144.o(.ARM.exidx.text.BSP_LED_Toggle) refers to stm32f4xx_nucleo_144.o(.text.BSP_LED_Toggle) for [Anonymous Symbol]
    stm32f4xx_nucleo_144.o(.text.BSP_PB_Init) refers to stm32f4xx_nucleo_144.o(.rodata.BUTTON_PIN) for BUTTON_PIN
    stm32f4xx_nucleo_144.o(.text.BSP_PB_Init) refers to stm32f4xx_nucleo_144.o(.data.BUTTON_PORT) for BUTTON_PORT
    stm32f4xx_nucleo_144.o(.text.BSP_PB_Init) refers to stm32f4xx_hal_gpio.o(.text.HAL_GPIO_Init) for HAL_GPIO_Init
    stm32f4xx_nucleo_144.o(.text.BSP_PB_Init) refers to stm32f4xx_nucleo_144.o(.rodata.BUTTON_IRQn) for BUTTON_IRQn
    stm32f4xx_nucleo_144.o(.text.BSP_PB_Init) refers to stm32f4xx_hal_cortex.o(.text.HAL_NVIC_SetPriority) for HAL_NVIC_SetPriority
    stm32f4xx_nucleo_144.o(.text.BSP_PB_Init) refers to stm32f4xx_hal_cortex.o(.text.HAL_NVIC_EnableIRQ) for HAL_NVIC_EnableIRQ
    stm32f4xx_nucleo_144.o(.ARM.exidx.text.BSP_PB_Init) refers to stm32f4xx_nucleo_144.o(.text.BSP_PB_Init) for [Anonymous Symbol]
    stm32f4xx_nucleo_144.o(.text.BSP_PB_DeInit) refers to stm32f4xx_nucleo_144.o(.rodata.BUTTON_PIN) for BUTTON_PIN
    stm32f4xx_nucleo_144.o(.text.BSP_PB_DeInit) refers to stm32f4xx_nucleo_144.o(.rodata.BUTTON_IRQn) for BUTTON_IRQn
    stm32f4xx_nucleo_144.o(.text.BSP_PB_DeInit) refers to stm32f4xx_hal_cortex.o(.text.HAL_NVIC_DisableIRQ) for HAL_NVIC_DisableIRQ
    stm32f4xx_nucleo_144.o(.text.BSP_PB_DeInit) refers to stm32f4xx_nucleo_144.o(.data.BUTTON_PORT) for BUTTON_PORT
    stm32f4xx_nucleo_144.o(.text.BSP_PB_DeInit) refers to stm32f4xx_hal_gpio.o(.text.HAL_GPIO_DeInit) for HAL_GPIO_DeInit
    stm32f4xx_nucleo_144.o(.ARM.exidx.text.BSP_PB_DeInit) refers to stm32f4xx_nucleo_144.o(.text.BSP_PB_DeInit) for [Anonymous Symbol]
    stm32f4xx_nucleo_144.o(.text.BSP_PB_GetState) refers to stm32f4xx_nucleo_144.o(.data.BUTTON_PORT) for BUTTON_PORT
    stm32f4xx_nucleo_144.o(.text.BSP_PB_GetState) refers to stm32f4xx_nucleo_144.o(.rodata.BUTTON_PIN) for BUTTON_PIN
    stm32f4xx_nucleo_144.o(.text.BSP_PB_GetState) refers to stm32f4xx_hal_gpio.o(.text.HAL_GPIO_ReadPin) for HAL_GPIO_ReadPin
[...]
    [Anonymous Symbol]                       0x08001038   Section        0  stm32f4xx_hal.o(.text.HAL_Delay)
    [Anonymous Symbol]                       0x0800107c   Section        0  stm32f4xx_hal_eth.o(.text.HAL_ETH_ErrorCallback)
    [Anonymous Symbol]                       0x08001084   Section        0  stm32f4xx_hal_eth.o(.text.HAL_ETH_IRQHandler)
    [Anonymous Symbol]                       0x08001148   Section        0  stm32f4xx_hal_eth.o(.text.HAL_ETH_RxCpltCallback)
    [Anonymous Symbol]                       0x08001150   Section        0  stm32f4xx_hal_eth.o(.text.HAL_ETH_TxCpltCallback)
    [Anonymous Symbol]                       0x08001158   Section        0  stm32f4xx_hal_gpio.o(.text.HAL_GPIO_DeInit)
    [Anonymous Symbol]                       0x080013b4   Section        0  stm32f4xx_hal_gpio.o(.text.HAL_GPIO_Init)
    [Anonymous Symbol]                       0x080017a4   Section        0  stm32f4xx_hal_gpio.o(.text.HAL_GPIO_ReadPin)
    [Anonymous Symbol]                       0x080017d4   Section        0  stm32f4xx_hal_gpio.o(.text.HAL_GPIO_TogglePin)
    [Anonymous Symbol]                       0x08001808   Section        0  stm32f4xx_hal_gpio.o(.text.HAL_GPIO_WritePin)
    [Anonymous Symbol]                       0x08001838   Section        0  stm32f4xx_hal.o(.text.HAL_GetTick)
    [Anonymous Symbol]                       0x08001844   Section        0  stm32f4xx_hal.o(.text.HAL_IncTick)
    [Anonymous Symbol]                       0x08001860   Section        0  stm32f4xx_hal.o(.text.HAL_Init)
    [Anonymous Symbol]                       0x08001890   Section        0  stm32f4xx_hal.o(.text.HAL_InitTick)
    [Anonymous Symbol]                       0x08001900   Section        0  stm32f4xx_hal.o(.text.HAL_MspInit)
    [Anonymous Symbol]                       0x08001904   Section        0  stm32f4xx_hal_cortex.o(.text.HAL_NVIC_DisableIRQ)
    [Anonymous Symbol]                       0x08001918   Section        0  stm32f4xx_hal_cortex.o(.text.HAL_NVIC_SetPriority)
    [Anonymous Symbol]                       0x0800194c   Section        0  stm32f4xx_hal_cortex.o(.text.HAL_NVIC_SetPriorityGrouping)
    [Anonymous Symbol]                       0x0800195c   Section        0  stm32f4xx_hal_pwr_ex.o(.text.HAL_PWREx_EnableOverDrive)
    [Anonymous Symbol]                       0x08001a1c   Section        0  stm32f4xx_hal_rcc.o(.text.HAL_RCC_ClockConfig)
    [Anonymous Symbol]                       0x08001c80   Section        0  stm32f4xx_hal_rcc.o(.text.HAL_RCC_GetHCLKFreq)
    [Anonymous Symbol]                       0x08001c8c   Section        0  stm32f4xx_hal_rcc.o(.text.HAL_RCC_GetPCLK1Freq)
    [Anonymous Symbol]                       0x08001cb0   Section        0  stm32f4xx_hal_rcc.o(.text.HAL_RCC_GetSysClockFreq)
    [Anonymous Symbol]                       0x08001d98   Section        0  stm32f4xx_hal_rcc.o(.text.HAL_RCC_OscConfig)
    [Anonymous Symbol]                       0x0800243c   Section        0  stm32f4xx_hal_cortex.o(.text.HAL_SYSTICK_Config)
    [Anonymous Symbol]                       0x0800244c   Section        0  stm32f4xx_hal_tim_ex.o(.text.HAL_TIMEx_MasterConfigSynchronization)
    HAL_TIM_MspPostInit                      0x08002571   Thumb Code    72  LCD_TIM.o(.text.HAL_TIM_MspPostInit)
    [Anonymous Symbol]                       0x08002570   Section        0  LCD_TIM.o(.text.HAL_TIM_MspPostInit)
    [Anonymous Symbol]                       0x080025b8   Section        0  stm32f4xx_hal_tim.o(.text.HAL_TIM_PWM_ConfigChannel)
    [Anonymous Symbol]                       0x080026fc   Section        0  stm32f4xx_hal_tim.o(.text.HAL_TIM_PWM_Init)
    [Anonymous Symbol]                       0x08002754   Section        0  LCD_TIM.o(.text.HAL_TIM_PWM_MspInit)
    [Anonymous Symbol]                       0x08002794   Section        0  stm32f4xx_hal_tim.o(.text.HAL_TIM_PWM_Start)
    [Anonymous Symbol]                       0x08002814   Section        0  stm32f4xx_it.o(.text.HardFault_Handler)
    [Anonymous Symbol]                       0x08002818   Section        0  LCD_Tools.o(.text.LCDErrHandler)
    LCD_Reset                                0x080028d1   Thumb Code    74  LCD_Driver.o(.text.LCD_Reset)
    [Anonymous Symbol]                       0x080028d0   Section        0  LCD_Driver.o(.text.LCD_Reset)
    LCD_SetBackLight                         0x0800291d   Thumb Code    20  LCD_Driver.o(.text.LCD_SetBackLight)
    [Anonymous Symbol]                       0x0800291c   Section        0  LCD_Driver.o(.text.LCD_SetBackLight)
    LCD_SetGramScanWay                       0x08002931   Thumb Code    34  LCD_Driver.o(.text.LCD_SetGramScanWay)
    [Anonymous Symbol]                       0x08002930   Section        0  LCD_Driver.o(.text.LCD_SetGramScanWay)
    LCD_WriteCMD                             0x08002955   Thumb Code    72  LCD_Driver.o(.text.LCD_WriteCMD)
    [Anonymous Symbol]                       0x08002954   Section        0  LCD_Driver.o(.text.LCD_WriteCMD)
    LCD_WriteCMDList                         0x0800299d   Thumb Code    86  LCD_Driver.o(.text.LCD_WriteCMDList)
    [Anonymous Symbol]                       0x0800299c   Section        0  LCD_Driver.o(.text.LCD_WriteCMDList)
    LCD_WriteParam                           0x080029f5   Thumb Code    22  LCD_Driver.o(.text.LCD_WriteParam)
    [Anonymous Symbol]                       0x080029f4   Section        0  LCD_Driver.o(.text.LCD_WriteParam)
    LCD_WriteParameters                      0x08002a0d   Thumb Code   112  LCD_Driver.o(.text.LCD_WriteParameters)
    [Anonymous Symbol]                       0x08002a0c   Section        0  LCD_Driver.o(.text.LCD_WriteParameters)
    [Anonymous Symbol]                       0x08002a7c   Section        0  LCD_Driver.o(.text.LCD_clear)
    [Anonymous Symbol]                       0x08002aa0   Section        0  LCD_Driver.o(.text.LCD_fillRectangleBW)
    [Anonymous Symbol]                       0x08002c30   Section        0  LCD_Driver.o(.text.LCD_fillRectangleMC)
    [Anonymous Symbol]                       0x08002cfc   Section        0  LCD_Driver.o(.text.LCD_init)
    LCD_setWindow                            0x08002d6d   Thumb Code    88  LCD_Driver.o(.text.LCD_setWindow)
    [Anonymous Symbol]                       0x08002d6c   Section        0  LCD_Driver.o(.text.LCD_setWindow)
    MX_GPIO_Init                             0x08002dc5   Thumb Code   414  LCD_GPIO.o(.text.MX_GPIO_Init)
    [Anonymous Symbol]                       0x08002dc4   Section        0  LCD_GPIO.o(.text.MX_GPIO_Init)
    MX_TIM4_Init                             0x08002f65   Thumb Code   170  LCD_TIM.o(.text.MX_TIM4_Init)
    [Anonymous Symbol]                       0x08002f64   Section        0  LCD_TIM.o(.text.MX_TIM4_Init)
    [Anonymous Symbol]                       0x08003010   Section        0  stm32f4xx_it.o(.text.MemManage_Handler)
    [Anonymous Symbol]                       0x08003014   Section        0  stm32f4xx_it.o(.text.NMI_Handler)
    NVIC_EncodePriority                      0x08003019   Thumb Code   108  stm32f4xx_hal_cortex.o(.text.NVIC_EncodePriority)
    [Anonymous Symbol]                       0x08003018   Section        0  stm32f4xx_hal_cortex.o(.text.NVIC_EncodePriority)
    [Anonymous Symbol]                       0x08003084   Section        0  LCD_TIM.o(.text.PWM_SetValue)
    [Anonymous Symbol]                       0x080030bc   Section        0  stm32f4xx_it.o(.text.PendSV_Handler)
    [Anonymous Symbol]                       0x080030c0   Section        0  LCD_SPI.o(.text.SPI4W_Write_Byte)
    SPIInitDevWithoutHAL                     0x08003179   Thumb Code    76  LCD_SPI.o(.text.SPIInitDevWithoutHAL)
    [Anonymous Symbol]                       0x08003178   Section        0  LCD_SPI.o(.text.SPIInitDevWithoutHAL)
    SPIInitGPIOsWithoutHAL                   0x080031c5   Thumb Code   218  LCD_SPI.o(.text.SPIInitGPIOsWithoutHAL)
    [Anonymous Symbol]                       0x080031c4   Section        0  LCD_SPI.o(.text.SPIInitGPIOsWithoutHAL)
    [Anonymous Symbol]                       0x080032a0   Section        0  LCD_SPI.o(.text.SPIinit)
    [Anonymous Symbol]                       0x080032b0   Section        0  stm32f4xx_it.o(.text.SVC_Handler)
    SysTick_Config                           0x080032b5   Thumb Code    82  stm32f4xx_hal_cortex.o(.text.SysTick_Config)
    [Anonymous Symbol]                       0x080032b4   Section        0  stm32f4xx_hal_cortex.o(.text.SysTick_Config)
    [Anonymous Symbol]                       0x08003308   Section        0  stm32f4xx_it.o(.text.SysTick_Handler)
    SystemClock_Config                       0x08003311   Thumb Code   184  init.o(.text.SystemClock_Config)
    [Anonymous Symbol]                       0x08003310   Section        0  init.o(.text.SystemClock_Config)
    [Anonymous Symbol]                       0x080033c8   Section        0  system_stm32f4xx.o(.text.SystemInit)
    [Anonymous Symbol]                       0x08003438   Section        0  LCD_TIM.o(.text.TIM4_Init)
    [Anonymous Symbol]                       0x08003440   Section        0  stm32f4xx_hal_tim.o(.text.TIM_Base_SetConfig)
    [Anonymous Symbol]                       0x080035dc   Section        0  stm32f4xx_hal_tim.o(.text.TIM_CCxChannelCmd)
    TIM_OC1_SetConfig                        0x08003615   Thumb Code   234  stm32f4xx_hal_tim.o(.text.TIM_OC1_SetConfig)
    [Anonymous Symbol]                       0x08003614   Section        0  stm32f4xx_hal_tim.o(.text.TIM_OC1_SetConfig)
    [Anonymous Symbol]                       0x08003700   Section        0  stm32f4xx_hal_tim.o(.text.TIM_OC2_SetConfig)
    TIM_OC3_SetConfig                        0x080037f5   Thumb Code   242  stm32f4xx_hal_tim.o(.text.TIM_OC3_SetConfig)
    [Anonymous Symbol]                       0x080037f4   Section        0  stm32f4xx_hal_tim.o(.text.TIM_OC3_SetConfig)
    TIM_OC4_SetConfig                        0x080038e9   Thumb Code   164  stm32f4xx_hal_tim.o(.text.TIM_OC4_SetConfig)
    [Anonymous Symbol]                       0x080038e8   Section        0  stm32f4xx_hal_tim.o(.text.TIM_OC4_SetConfig)
    [Anonymous Symbol]                       0x0800398c   Section        0  LCD_Touch.o(.text.TP_InitBasic)
    TP_SetDefaultCalibration                 0x080039c1   Thumb Code    42  LCD_Touch.o(.text.TP_SetDefaultCalibration)
    [Anonymous Symbol]                       0x080039c0   Section        0  LCD_Touch.o(.text.TP_SetDefaultCalibration)
    USART3_Control                           0x080039ed   Thumb Code    28  USART_STM32F4xx.o(.text.USART3_Control)
    [Anonymous Symbol]                       0x080039ec   Section        0  USART_STM32F4xx.o(.text.USART3_Control)
    USART3_GetCapabilities                   0x08003a09   Thumb Code    24  USART_STM32F4xx.o(.text.USART3_GetCapabilities)
    [Anonymous Symbol]                       0x08003a08   Section        0  USART_STM32F4xx.o(.text.USART3_GetCapabilities)
    USART3_GetModemStatus                    0x08003a21   Thumb Code    24  USART_STM32F4xx.o(.text.USART3_GetModemStatus)
    [Anonymous Symbol]                       0x08003a20   Section        0  USART_STM32F4xx.o(.text.USART3_GetModemStatus)
    USART3_GetRxCount                        0x08003a39   Thumb Code    16  USART_STM32F4xx.o(.text.USART3_GetRxCount)
    [Anonymous Symbol]                       0x08003a38   Section        0  USART_STM32F4xx.o(.text.USART3_GetRxCount)
    USART3_GetStatus                         0x08003a49   Thumb Code    24  USART_STM32F4xx.o(.text.USART3_GetStatus)
    [Anonymous Symbol]                       0x08003a48   Section        0  USART_STM32F4xx.o(.text.USART3_GetStatus)
    USART3_GetTxCount                        0x08003a61   Thumb Code    16  USART_STM32F4xx.o(.text.USART3_GetTxCount)
    [Anonymous Symbol]                       0x08003a60   Section        0  USART_STM32F4xx.o(.text.USART3_GetTxCount)
    [Anonymous Symbol]                       0x08003a70   Section        0  USART_STM32F4xx.o(.text.USART3_IRQHandler)
    USART3_Initialize                        0x08003a81   Thumb Code    24  USART_STM32F4xx.o(.text.USART3_Initialize)
    [Anonymous Symbol]                       0x08003a80   Section        0  USART_STM32F4xx.o(.text.USART3_Initialize)
    USART3_PowerControl                      0x08003a99   Thumb Code    28  USART_STM32F4xx.o(.text.USART3_PowerControl)
    [Anonymous Symbol]                       0x08003a98   Section        0  USART_STM32F4xx.o(.text.USART3_PowerControl)
    USART3_Receive                           0x08003ab5   Thumb Code    28  USART_STM32F4xx.o(.text.USART3_Receive)
    [Anonymous Symbol]                       0x08003ab4   Section        0  USART_STM32F4xx.o(.text.USART3_Receive)
    USART3_Send                              0x08003ad1   Thumb Code    28  USART_STM32F4xx.o(.text.USART3_Send)
    [Anonymous Symbol]                       0x08003ad0   Section        0  USART_STM32F4xx.o(.text.USART3_Send)
    USART3_SetModemControl                   0x08003aed   Thumb Code    28  USART_STM32F4xx.o(.text.USART3_SetModemControl)
    [Anonymous Symbol]                       0x08003aec   Section        0  USART_STM32F4xx.o(.text.USART3_SetModemControl)
    USART3_Transfer                          0x08003b09   Thumb Code    32  USART_STM32F4xx.o(.text.USART3_Transfer)
    [Anonymous Symbol]                       0x08003b08   Section        0  USART_STM32F4xx.o(.text.USART3_Transfer)
    USART3_Uninitialize                      0x08003b29   Thumb Code    16  USART_STM32F4xx.o(.text.USART3_Uninitialize)
    [Anonymous Symbol]                       0x08003b28   Section        0  USART_STM32F4xx.o(.text.USART3_Uninitialize)
    USART_Control                            0x08003b39   Thumb Code  3462  USART_STM32F4xx.o(.text.USART_Control)
    [Anonymous Symbol]                       0x08003b38   Section        0  USART_STM32F4xx.o(.text.USART_Control)
    USART_GetCapabilities                    0x080048c1   Thumb Code    16  USART_STM32F4xx.o(.text.USART_GetCapabilities)
    [Anonymous Symbol]                       0x080048c0   Section        0  USART_STM32F4xx.o(.text.USART_GetCapabilities)
    USART_GetModemStatus                     0x080048d1   Thumb Code   106  USART_STM32F4xx.o(.text.USART_GetModemStatus)
    [Anonymous Symbol]                       0x080048d0   Section        0  USART_STM32F4xx.o(.text.USART_GetModemStatus)
    USART_GetRxCount                         0x0800493d   Thumb Code    14  USART_STM32F4xx.o(.text.USART_GetRxCount)
    [Anonymous Symbol]                       0x0800493c   Section        0  USART_STM32F4xx.o(.text.USART_GetRxCount)
    USART_GetStatus                          0x0800494d   Thumb Code   212  USART_STM32F4xx.o(.text.USART_GetStatus)
    [Anonymous Symbol]                       0x0800494c   Section        0  USART_STM32F4xx.o(.text.USART_GetStatus)
    USART_GetTxCount                         0x08004a21   Thumb Code    14  USART_STM32F4xx.o(.text.USART_GetTxCount)
    [Anonymous Symbol]                       0x08004a20   Section        0  USART_STM32F4xx.o(.text.USART_GetTxCount)
    [Anonymous Symbol]                       0x08004a30   Section        0  USART_STM32F4xx.o(.text.USART_IRQHandler)
    USART_Initialize                         0x08004e35   Thumb Code   224  USART_STM32F4xx.o(.text.USART_Initialize)
    [Anonymous Symbol]                       0x08004e34   Section        0  USART_STM32F4xx.o(.text.USART_Initialize)
    USART_PeripheralReset                    0x08004f15   Thumb Code   588  USART_STM32F4xx.o(.text.USART_PeripheralReset)
    [Anonymous Symbol]                       0x08004f14   Section        0  USART_STM32F4xx.o(.text.USART_PeripheralReset)
    USART_PowerControl                       0x08005161   Thumb Code  1118  USART_STM32F4xx.o(.text.USART_PowerControl)
    [Anonymous Symbol]                       0x08005160   Section        0  USART_STM32F4xx.o(.text.USART_PowerControl)
    USART_Receive                            0x080055c1   Thumb Code   228  USART_STM32F4xx.o(.text.USART_Receive)
    [Anonymous Symbol]                       0x080055c0   Section        0  USART_STM32F4xx.o(.text.USART_Receive)
    USART_Send                               0x080056a5   Thumb Code   182  USART_STM32F4xx.o(.text.USART_Send)
    [Anonymous Symbol]                       0x080056a4   Section        0  USART_STM32F4xx.o(.text.USART_Send)
    USART_SetModemControl                    0x0800575d   Thumb Code   226  USART_STM32F4xx.o(.text.USART_SetModemControl)
    [Anonymous Symbol]                       0x0800575c   Section        0  USART_STM32F4xx.o(.text.USART_SetModemControl)
    USART_Transfer                           0x08005841   Thumb Code   150  USART_STM32F4xx.o(.text.USART_Transfer)
    [Anonymous Symbol]                       0x08005840   Section        0  USART_STM32F4xx.o(.text.USART_Transfer)
    USART_Uninitialize                       0x080058d9   Thumb Code   192  USART_STM32F4xx.o(.text.USART_Uninitialize)
    [Anonymous Symbol]                       0x080058d8   Section        0  USART_STM32F4xx.o(.text.USART_Uninitialize)
    USARTx_GetVersion                        0x08005999   Thumb Code    18  USART_STM32F4xx.o(.text.USARTx_GetVersion)
    [Anonymous Symbol]                       0x08005998   Section        0  USART_STM32F4xx.o(.text.USARTx_GetVersion)
    [Anonymous Symbol]                       0x080059ac   Section        0  stm32f4xx_it.o(.text.UsageFault_Handler)
    __NVIC_ClearPendingIRQ                   0x080059b1   Thumb Code    48  USART_STM32F4xx.o(.text.__NVIC_ClearPendingIRQ)
    [Anonymous Symbol]                       0x080059b0   Section        0  USART_STM32F4xx.o(.text.__NVIC_ClearPendingIRQ)
    __NVIC_DisableIRQ                        0x080059e1   Thumb Code    56  stm32f4xx_hal_cortex.o(.text.__NVIC_DisableIRQ)
    [Anonymous Symbol]                       0x080059e0   Section        0  stm32f4xx_hal_cortex.o(.text.__NVIC_DisableIRQ)
    __NVIC_EnableIRQ                         0x08005a19   Thumb Code    48  USART_STM32F4xx.o(.text.__NVIC_EnableIRQ)
    [Anonymous Symbol]                       0x08005a18   Section        0  USART_STM32F4xx.o(.text.__NVIC_EnableIRQ)
    __NVIC_GetPriorityGrouping               0x08005a49   Thumb Code    16  stm32f4xx_hal_cortex.o(.text.__NVIC_GetPriorityGrouping)
    [Anonymous Symbol]                       0x08005a48   Section        0  stm32f4xx_hal_cortex.o(.text.__NVIC_GetPriorityGrouping)
    __NVIC_SetPriority                       0x08005a59   Thumb Code    66  stm32f4xx_hal_cortex.o(.text.__NVIC_SetPriority)
    [Anonymous Symbol]                       0x08005a58   Section        0  stm32f4xx_hal_cortex.o(.text.__NVIC_SetPriority)
    __NVIC_SetPriorityGrouping               0x08005a9d   Thumb Code    60  stm32f4xx_hal_cortex.o(.text.__NVIC_SetPriorityGrouping)
    [Anonymous Symbol]                       0x08005a9c   Section        0  stm32f4xx_hal_cortex.o(.text.__NVIC_SetPriorityGrouping)
    check_SPI_SR                             0x08005ad9   Thumb Code    72  LCD_SPI.o(.text.check_SPI_SR)
    [Anonymous Symbol]                       0x08005ad8   Section        0  LCD_SPI.o(.text.check_SPI_SR)
    convertValue                             0x08005b21   Thumb Code    72  display.o(.text.convertValue)
    [Anonymous Symbol]                       0x08005b20   Section        0  display.o(.text.convertValue)
    [Anonymous Symbol]                       0x08005b68   Section        0  display.o(.text.displayPrintHandler)
    [Anonymous Symbol]                       0x08005c18   Section        0  rotary_decoder.o(.text.encoderUpdate)
    getPhase                                 0x08005e29   Thumb Code   400  rotary_decoder.o(.text.getPhase)
    [Anonymous Symbol]                       0x08005e28   Section        0  rotary_decoder.o(.text.getPhase)
    [Anonymous Symbol]                       0x08005fb8   Section        0  rotary_decoder.o(.text.initDecoder)
    [Anonymous Symbol]                       0x08006008   Section        0  display.o(.text.initDisplay)
    initGPIOs                                0x08006069   Thumb Code   320  init.o(.text.initGPIOs)
    [Anonymous Symbol]                       0x08006068   Section        0  init.o(.text.initGPIOs)
    [Anonymous Symbol]                       0x080061a8   Section        0  init.o(.text.initITSboard)
    [Anonymous Symbol]                       0x080061bc   Section        0  led.o(.text.initLed)
    [Anonymous Symbol]                       0x080061d8   Section        0  timer.o(.text.initTimer)
    [Anonymous Symbol]                       0x0800621c   Section        0  LCD_Tools.o(.text.itoa)
    [Anonymous Symbol]                       0x080062d0   Section        0  lcd.o(.text.lcdGotoXY)
    [Anonymous Symbol]                       0x0800630c   Section        0  lcd.o(.text.lcdPrintC)
    [Anonymous Symbol]                       0x080063ec   Section        0  lcd.o(.text.lcdPrintS)
    lcdValuePrinter                          0x080065c1   Thumb Code   116  display.o(.text.lcdValuePrinter)
    [Anonymous Symbol]                       0x080065c0   Section        0  display.o(.text.lcdValuePrinter)
    ledPhaseCountClear                       0x08006635   Thumb Code    16  led.o(.text.ledPhaseCountClear)
    [Anonymous Symbol]                       0x08006634   Section        0  led.o(.text.ledPhaseCountClear)
    [Anonymous Symbol]                       0x08006644   Section        0  led.o(.text.ledPhaseValue)
    [Anonymous Symbol]                       0x08006660   Section        0  led.o(.text.ledSetDirection)
    [Anonymous Symbol]                       0x080066b8   Section        0  led.o(.text.ledSetError)
    [Anonymous Symbol]                       0x080066cc   Section        0  led.o(.text.ledStatusClear)
    [Anonymous Symbol]                       0x080066dc   Section        0  main.o(.text.main)
    [Anonymous Symbol]                       0x0800686c   Section        0  LCD_Debug.o(.text.printDebugMsg)
    [Anonymous Symbol]                       0x08006920   Section        0  buttons.o(.text.readButtons)
    save_restore_AltFn_SPI1_MOSI_Pin         0x08006945   Thumb Code    48  LCD_SPI.o(.text.save_restore_AltFn_SPI1_MOSI_Pin)
    [Anonymous Symbol]                       0x08006944   Section        0  LCD_SPI.o(.text.save_restore_AltFn_SPI1_MOSI_Pin)
    [Anonymous Symbol]                       0x08006974   Section        0  stdinout_USART.o(.text.stdinout_init)
    stringCopy                               0x08006a25   Thumb Code    70  lcd.o(.text.stringCopy)
    [Anonymous Symbol]                       0x08006a24   Section        0  lcd.o(.text.stringCopy)
    i.__0snprintf                            0x08006a6c   Section        0  printfa.o(i.__0snprintf)
    i.__scatterload_copy                     0x08006aa0   Section       14  handlers.o(i.__scatterload_copy)
    i.__scatterload_null                     0x08006aae   Section        2  handlers.o(i.__scatterload_null)
    i.__scatterload_zeroinit                 0x08006ab0   Section       14  handlers.o(i.__scatterload_zeroinit)
    _fp_digits                               0x08006ac1   Thumb Code   366  printfa.o(i._fp_digits)
    i._fp_digits                             0x08006ac0   Section        0  printfa.o(i._fp_digits)
    _printf_core                             0x08006c45   Thumb Code  1744  printfa.o(i._printf_core)
    i._printf_core                           0x08006c44   Section        0  printfa.o(i._printf_core)
    _printf_post_padding                     0x08007321   Thumb Code    36  printfa.o(i._printf_post_padding)
    i._printf_post_padding                   0x08007320   Section        0  printfa.o(i._printf_post_padding)
    _printf_pre_padding                      0x08007345   Thumb Code    46  printfa.o(i._printf_pre_padding)
    i._printf_pre_padding                    0x08007344   Section        0  printfa.o(i._printf_pre_padding)
    _snputc                                  0x08007373   Thumb Code    22  printfa.o(i._snputc)
    i._snputc                                0x08007372   Section        0  printfa.o(i._snputc)
    USART3_Resources                         0x080073d8   Data          52  USART_STM32F4xx.o(.rodata.USART3_Resources)
    [Anonymous Symbol]                       0x080073d8   Section        0  USART_STM32F4xx.o(.rodata.USART3_Resources)
    USART3_rx                                0x0800740c   Data          12  USART_STM32F4xx.o(.rodata.USART3_rx)
    [Anonymous Symbol]                       0x0800740c   Section        0  USART_STM32F4xx.o(.rodata.USART3_rx)
    USART3_tx                                0x08007418   Data          12  USART_STM32F4xx.o(.rodata.USART3_tx)
    [Anonymous Symbol]                       0x08007418   Section        0  USART_STM32F4xx.o(.rodata.USART3_tx)
    .L.str                                   0x0800748b   Data          82  LCD_GUI.o(.rodata.str1.1)
    [Anonymous Symbol]                       0x0800748b   Section        0  LCD_GUI.o(.rodata.str1.1)
    .L.str                                   0x080074dd   Data          82  LCD_SPI.o(.rodata.str1.1)
    [Anonymous Symbol]                       0x080074dd   Section        0  LCD_SPI.o(.rodata.str1.1)
    .L.str                                   0x0800752f   Data          82  LCD_TIM.o(.rodata.str1.1)
    [Anonymous Symbol]                       0x0800752f   Section        0  LCD_TIM.o(.rodata.str1.1)
    .L.str.1                                 0x08007581   Data           6  LCD_Debug.o(.rodata.str1.1)
    [Anonymous Symbol]                       0x08007581   Section        0  LCD_Debug.o(.rodata.str1.1)
    .L.str                                   0x08007587   Data          22  LCD_Debug.o(.rodata.str1.1)
    .L.str                                   0x0800759d   Data           8  display.o(.rodata.str1.1)
    [Anonymous Symbol]                       0x0800759d   Section        0  display.o(.rodata.str1.1)
    .L.str.2                                 0x080075a5   Data          17  display.o(.rodata.str1.1)
    .L.str.1                                 0x080075b6   Data           5  display.o(.rodata.str1.1)
    .L.str.3                                 0x080075bb   Data           7  display.o(.rodata.str1.1)
    .L.str.4                                 0x080075c2   Data           7  display.o(.rodata.str1.1)
    crd                                      0x2000000c   Data           4  lcd.o(.data.crd)
    [Anonymous Symbol]                       0x2000000c   Section        0  lcd.o(.data.crd)
    fontHeight                               0x20000010   Data           4  lcd.o(.data.fontHeight)
    [Anonymous Symbol]                       0x20000010   Section        0  lcd.o(.data.fontHeight)
    fontWidth                                0x20000014   Data           4  lcd.o(.data.fontWidth)
    [Anonymous Symbol]                       0x20000014   Section        0  lcd.o(.data.fontWidth)
    lcdFont                                  0x20000018   Data           4  lcd.o(.data.lcdFont)
    [Anonymous Symbol]                       0x20000018   Section        0  lcd.o(.data.lcdFont)
    lcdmaxx                                  0x2000001c   Data           4  lcd.o(.data.lcdmaxx)
    [Anonymous Symbol]                       0x2000001c   Section        0  lcd.o(.data.lcdmaxx)
    lcdmaxy                                  0x20000020   Data           4  lcd.o(.data.lcdmaxy)
    [Anonymous Symbol]                       0x20000020   Section        0  lcd.o(.data.lcdmaxy)
    save_restore_AltFn_SPI1_MOSI_Pin.saved_AF 0x20000024   Data           4  LCD_SPI.o(.data.save_restore_AltFn_SPI1_MOSI_Pin.saved_AF)
    [Anonymous Symbol]                       0x20000024   Section        0  LCD_SPI.o(.data.save_restore_AltFn_SPI1_MOSI_Pin.saved_AF)
    USART3_Info                              0x20000078   Data          20  USART_STM32F4xx.o(.bss.USART3_Info)
    [Anonymous Symbol]                       0x20000078   Section        0  USART_STM32F4xx.o(.bss.USART3_Info)
    USART3_TransferInfo                      0x2000008c   Data          36  USART_STM32F4xx.o(.bss.USART3_TransferInfo)
    [Anonymous Symbol]                       0x2000008c   Section        0  USART_STM32F4xx.o(.bss.USART3_TransferInfo)
    angle                                    0x200000b0   Data           8  main.o(.bss.angle)
    [Anonymous Symbol]                       0x200000b0   Section        0  main.o(.bss.angle)
    angleToPrint                             0x200000b8   Data           8  main.o(.bss.angleToPrint)
    [Anonymous Symbol]                       0x200000b8   Section        0  main.o(.bss.angleToPrint)
    currentTransition                        0x200000c0   Data           4  rotary_decoder.o(.bss.currentTransition)
    [Anonymous Symbol]                       0x200000c0   Section        0  rotary_decoder.o(.bss.currentTransition)
    direction                                0x200000c4   Data           2  main.o(.bss.direction)
    [Anonymous Symbol]                       0x200000c4   Section        0  main.o(.bss.direction)
    displayPrintHandler.currentPrinter       0x200000c8   Data           4  display.o(.bss.displayPrintHandler.currentPrinter)
    [Anonymous Symbol]                       0x200000c8   Section        0  display.o(.bss.displayPrintHandler.currentPrinter)
    fehler                                   0x200000cc   Data           1  main.o(.bss.fehler)
    [Anonymous Symbol]                       0x200000cc   Section        0  main.o(.bss.fehler)
    htim4                                    0x200000d0   Data          64  LCD_TIM.o(.bss.htim4)
    [Anonymous Symbol]                       0x200000d0   Section        0  LCD_TIM.o(.bss.htim4)
    isReadyToPrint                           0x20000110   Data           1  main.o(.bss.isReadyToPrint)
    [Anonymous Symbol]                       0x20000110   Section        0  main.o(.bss.isReadyToPrint)
    lastActivity                             0x20000114   Data           4  rotary_decoder.o(.bss.lastActivity)
    [Anonymous Symbol]                       0x20000114   Section        0  rotary_decoder.o(.bss.lastActivity)
    lastPhase                                0x20000118   Data           2  rotary_decoder.o(.bss.lastPhase)
    [Anonymous Symbol]                       0x20000118   Section        0  rotary_decoder.o(.bss.lastPhase)
    lastPrintedAngle                         0x20000120   Data           8  main.o(.bss.lastPrintedAngle)
    [Anonymous Symbol]                       0x20000120   Section        0  main.o(.bss.lastPrintedAngle)
    lcdColor                                 0x20000128   Data           2  lcd.o(.bss.lcdColor)
    [Anonymous Symbol]                       0x20000128   Section        0  lcd.o(.bss.lcdColor)
    lcdValuePrinter.pos                      0x2000012c   Data           4  display.o(.bss.lcdValuePrinter.pos)
    [Anonymous Symbol]                       0x2000012c   Section        0  display.o(.bss.lcdValuePrinter.pos)
    lcdValuePrinter.str                      0x20000130   Data          50  display.o(.bss.lcdValuePrinter.str)
    [Anonymous Symbol]                       0x20000130   Section        0  display.o(.bss.lcdValuePrinter.str)
    sTP_DEV                                  0x20000164   Data          24  LCD_Touch.o(.bss.sTP_DEV)
    [Anonymous Symbol]                       0x20000164   Section        0  LCD_Touch.o(.bss.sTP_DEV)
    speed                                    0x20000180   Data           8  main.o(.bss.speed)
    [Anonymous Symbol]                       0x20000180   Section        0  main.o(.bss.speed)
    time1                                    0x20000188   Data           4  rotary_decoder.o(.bss.time1)
    [Anonymous Symbol]                       0x20000188   Section        0  rotary_decoder.o(.bss.time1)
    STACK                                    0x20000198   Section     1024  startup_stm32f429xx.o(STACK)

    Global Symbols

    Symbol Name                              Value     Ov Type        Size  Object(Section)

    BuildAttributes$$THM_ISAv4$E$P$D$K$B$S$7EM$VFPi3$EXTD16$VFPS$VFMA$PE$A:L22UL41UL21$X:L11$S22US41US21$IEEE1$IW$~IW$USESV6$~STKCKD$USESV7$~SHL$OTIME$ROPI$IEEEJ$EBA8$MICROLIB$REQ8$PRES8$EABIv2 0x00000000   Number         0  anon$$obj.o ABSOLUTE
    __cpp_initialize__aeabi_                  - Undefined Weak Reference
    __cxa_finalize                            - Undefined Weak Reference
    __decompress                              - Undefined Weak Reference
    _clock_init                               - Undefined Weak Reference
    _microlib_exit                            - Undefined Weak Reference
    __Vectors_Size                           0x000001ac   Number         0  startup_stm32f429xx.o ABSOLUTE
    __Vectors                                0x08000000   Data           4  startup_stm32f429xx.o(RESET)
    __Vectors_End                            0x080001ac   Data           0  startup_stm32f429xx.o(RESET)
    __main                                   0x080001ad   Thumb Code     0  entry.o(.ARM.Collect$$$$00000000)
    _main_stk                                0x080001ad   Thumb Code     0  entry2.o(.ARM.Collect$$$$00000001)
    _main_scatterload                        0x080001b1   Thumb Code     0  entry5.o(.ARM.Collect$$$$00000004)
    __main_after_scatterload                 0x080001b5   Thumb Code     0  entry5.o(.ARM.Collect$$$$00000004)
    _main_clock                              0x080001b5   Thumb Code     0  entry7b.o(.ARM.Collect$$$$00000008)
    _main_cpp_init                           0x080001b5   Thumb Code     0  entry8b.o(.ARM.Collect$$$$0000000A)
    _main_init                               0x080001b5   Thumb Code     0  entry9a.o(.ARM.Collect$$$$0000000B)
    __rt_final_cpp                           0x080001bd   Thumb Code     0  entry10a.o(.ARM.Collect$$$$0000000D)
    __rt_final_exit                          0x080001bd   Thumb Code     0  entry11a.o(.ARM.Collect$$$$0000000F)
    Reset_Handler                            0x080001c1   Thumb Code     8  startup_stm32f429xx.o(.text)
    ADC_IRQHandler                           0x080001db   Thumb Code     0  startup_stm32f429xx.o(.text)
    CAN1_RX0_IRQHandler                      0x080001db   Thumb Code     0  startup_stm32f429xx.o(.text)
    CAN1_RX1_IRQHandler                      0x080001db   Thumb Code     0  startup_stm32f429xx.o(.text)
    CAN1_SCE_IRQHandler                      0x080001db   Thumb Code     0  startup_stm32f429xx.o(.text)
    CAN1_TX_IRQHandler                       0x080001db   Thumb Code     0  startup_stm32f429xx.o(.text)
    CAN2_RX0_IRQHandler                      0x080001db   Thumb Code     0  startup_stm32f429xx.o(.text)
    CAN2_RX1_IRQHandler                      0x080001db   Thumb Code     0  startup_stm32f429xx.o(.text)
    CAN2_SCE_IRQHandler                      0x080001db   Thumb Code     0  startup_stm32f429xx.o(.text)
    CAN2_TX_IRQHandler                       0x080001db   Thumb Code     0  startup_stm32f429xx.o(.text)
    DCMI_IRQHandler                          0x080001db   Thumb Code     0  startup_stm32f429xx.o(.text)
    DMA1_Stream0_IRQHandler                  0x080001db   Thumb Code     0  startup_stm32f429xx.o(.text)
    DMA1_Stream1_IRQHandler                  0x080001db   Thumb Code     0  startup_stm32f429xx.o(.text)
    DMA1_Stream2_IRQHandler                  0x080001db   Thumb Code     0  startup_stm32f429xx.o(.text)
    DMA1_Stream3_IRQHandler                  0x080001db   Thumb Code     0  startup_stm32f429xx.o(.text)
    DMA1_Stream4_IRQHandler                  0x080001db   Thumb Code     0  startup_stm32f429xx.o(.text)
    DMA1_Stream5_IRQHandler                  0x080001db   Thumb Code     0  startup_stm32f429xx.o(.text)
    DMA1_Stream6_IRQHandler                  0x080001db   Thumb Code     0  startup_stm32f429xx.o(.text)
    DMA1_Stream7_IRQHandler                  0x080001db   Thumb Code     0  startup_stm32f429xx.o(.text)
    DMA2D_IRQHandler                         0x080001db   Thumb Code     0  startup_stm32f429xx.o(.text)
    DMA2_Stream0_IRQHandler                  0x080001db   Thumb Code     0  startup_stm32f429xx.o(.text)
    DMA2_Stream1_IRQHandler                  0x080001db   Thumb Code     0  startup_stm32f429xx.o(.text)
    DMA2_Stream2_IRQHandler                  0x080001db   Thumb Code     0  startup_stm32f429xx.o(.text)
    DMA2_Stream3_IRQHandler                  0x080001db   Thumb Code     0  startup_stm32f429xx.o(.text)
    DMA2_Stream4_IRQHandler                  0x080001db   Thumb Code     0  startup_stm32f429xx.o(.text)
    DMA2_Stream5_IRQHandler                  0x080001db   Thumb Code     0  startup_stm32f429xx.o(.text)
    DMA2_Stream6_IRQHandler                  0x080001db   Thumb Code     0  startup_stm32f429xx.o(.text)
    DMA2_Stream7_IRQHandler                  0x080001db   Thumb Code     0  startup_stm32f429xx.o(.text)
    ETH_WKUP_IRQHandler                      0x080001db   Thumb Code     0  startup_stm32f429xx.o(.text)
    EXTI0_IRQHandler                         0x080001db   Thumb Code     0  startup_stm32f429xx.o(.text)
    EXTI15_10_IRQHandler                     0x080001db   Thumb Code     0  startup_stm32f429xx.o(.text)
    EXTI1_IRQHandler                         0x080001db   Thumb Code     0  startup_stm32f429xx.o(.text)
    EXTI2_IRQHandler                         0x080001db   Thumb Code     0  startup_stm32f429xx.o(.text)
    EXTI3_IRQHandler                         0x080001db   Thumb Code     0  startup_stm32f429xx.o(.text)
    EXTI4_IRQHandler                         0x080001db   Thumb Code     0  startup_stm32f429xx.o(.text)
    EXTI9_5_IRQHandler                       0x080001db   Thumb Code     0  startup_stm32f429xx.o(.text)
    FLASH_IRQHandler                         0x080001db   Thumb Code     0  startup_stm32f429xx.o(.text)
    FMC_IRQHandler                           0x080001db   Thumb Code     0  startup_stm32f429xx.o(.text)
    FPU_IRQHandler                           0x080001db   Thumb Code     0  startup_stm32f429xx.o(.text)
    HASH_RNG_IRQHandler                      0x080001db   Thumb Code     0  startup_stm32f429xx.o(.text)
    I2C1_ER_IRQHandler                       0x080001db   Thumb Code     0  startup_stm32f429xx.o(.text)
    I2C1_EV_IRQHandler                       0x080001db   Thumb Code     0  startup_stm32f429xx.o(.text)
    I2C2_ER_IRQHandler                       0x080001db   Thumb Code     0  startup_stm32f429xx.o(.text)
    I2C2_EV_IRQHandler                       0x080001db   Thumb Code     0  startup_stm32f429xx.o(.text)
    I2C3_ER_IRQHandler                       0x080001db   Thumb Code     0  startup_stm32f429xx.o(.text)
    I2C3_EV_IRQHandler                       0x080001db   Thumb Code     0  startup_stm32f429xx.o(.text)
    LTDC_ER_IRQHandler                       0x080001db   Thumb Code     0  startup_stm32f429xx.o(.text)
    LTDC_IRQHandler                          0x080001db   Thumb Code     0  startup_stm32f429xx.o(.text)
    OTG_FS_IRQHandler                        0x080001db   Thumb Code     0  startup_stm32f429xx.o(.text)
    OTG_FS_WKUP_IRQHandler                   0x080001db   Thumb Code     0  startup_stm32f429xx.o(.text)
    OTG_HS_EP1_IN_IRQHandler                 0x080001db   Thumb Code     0  startup_stm32f429xx.o(.text)
    OTG_HS_EP1_OUT_IRQHandler                0x080001db   Thumb Code     0  startup_stm32f429xx.o(.text)
    OTG_HS_IRQHandler                        0x080001db   Thumb Code     0  startup_stm32f429xx.o(.text)
    OTG_HS_WKUP_IRQHandler                   0x080001db   Thumb Code     0  startup_stm32f429xx.o(.text)
    PVD_IRQHandler                           0x080001db   Thumb Code     0  startup_stm32f429xx.o(.text)
    RCC_IRQHandler                           0x080001db   Thumb Code     0  startup_stm32f429xx.o(.text)
    RTC_Alarm_IRQHandler                     0x080001db   Thumb Code     0  startup_stm32f429xx.o(.text)
    RTC_WKUP_IRQHandler                      0x080001db   Thumb Code     0  startup_stm32f429xx.o(.text)
    SAI1_IRQHandler                          0x080001db   Thumb Code     0  startup_stm32f429xx.o(.text)
    SDIO_IRQHandler                          0x080001db   Thumb Code     0  startup_stm32f429xx.o(.text)
    SPI1_IRQHandler                          0x080001db   Thumb Code     0  startup_stm32f429xx.o(.text)
    SPI2_IRQHandler                          0x080001db   Thumb Code     0  startup_stm32f429xx.o(.text)
    SPI3_IRQHandler                          0x080001db   Thumb Code     0  startup_stm32f429xx.o(.text)
    SPI4_IRQHandler                          0x080001db   Thumb Code     0  startup_stm32f429xx.o(.text)
    SPI5_IRQHandler                          0x080001db   Thumb Code     0  startup_stm32f429xx.o(.text)
    SPI6_IRQHandler                          0x080001db   Thumb Code     0  startup_stm32f429xx.o(.text)
    TAMP_STAMP_IRQHandler                    0x080001db   Thumb Code     0  startup_stm32f429xx.o(.text)
    TIM1_BRK_TIM9_IRQHandler                 0x080001db   Thumb Code     0  startup_stm32f429xx.o(.text)
    TIM1_CC_IRQHandler                       0x080001db   Thumb Code     0  startup_stm32f429xx.o(.text)
    TIM1_TRG_COM_TIM11_IRQHandler            0x080001db   Thumb Code     0  startup_stm32f429xx.o(.text)
    TIM1_UP_TIM10_IRQHandler                 0x080001db   Thumb Code     0  startup_stm32f429xx.o(.text)
    TIM2_IRQHandler                          0x080001db   Thumb Code     0  startup_stm32f429xx.o(.text)
    TIM3_IRQHandler                          0x080001db   Thumb Code     0  startup_stm32f429xx.o(.text)
    TIM4_IRQHandler                          0x080001db   Thumb Code     0  startup_stm32f429xx.o(.text)
    TIM5_IRQHandler                          0x080001db   Thumb Code     0  startup_stm32f429xx.o(.text)
    TIM6_DAC_IRQHandler                      0x080001db   Thumb Code     0  startup_stm32f429xx.o(.text)
    TIM7_IRQHandler                          0x080001db   Thumb Code     0  startup_stm32f429xx.o(.text)
    TIM8_BRK_TIM12_IRQHandler                0x080001db   Thumb Code     0  startup_stm32f429xx.o(.text)
    TIM8_CC_IRQHandler                       0x080001db   Thumb Code     0  startup_stm32f429xx.o(.text)
    TIM8_TRG_COM_TIM14_IRQHandler            0x080001db   Thumb Code     0  startup_stm32f429xx.o(.text)
    TIM8_UP_TIM13_IRQHandler                 0x080001db   Thumb Code     0  startup_stm32f429xx.o(.text)
    UART4_IRQHandler                         0x080001db   Thumb Code     0  startup_stm32f429xx.o(.text)
    UART5_IRQHandler                         0x080001db   Thumb Code     0  startup_stm32f429xx.o(.text)
    UART7_IRQHandler                         0x080001db   Thumb Code     0  startup_stm32f429xx.o(.text)
    UART8_IRQHandler                         0x080001db   Thumb Code     0  startup_stm32f429xx.o(.text)
    USART1_IRQHandler                        0x080001db   Thumb Code     0  startup_stm32f429xx.o(.text)
    USART2_IRQHandler                        0x080001db   Thumb Code     0  startup_stm32f429xx.o(.text)
    USART6_IRQHandler                        0x080001db   Thumb Code     0  startup_stm32f429xx.o(.text)
    WWDG_IRQHandler                          0x080001db   Thumb Code     0  startup_stm32f429xx.o(.text)
    __aeabi_uldivmod                         0x080001e5   Thumb Code    98  uldiv.o(.text)
    __aeabi_ldivmod                          0x08000247   Thumb Code    98  ldiv.o(.text)
    __aeabi_memset                           0x080002a9   Thumb Code    14  memseta.o(.text)
    __aeabi_memset4                          0x080002a9   Thumb Code     0  memseta.o(.text)
    __aeabi_memset8                          0x080002a9   Thumb Code     0  memseta.o(.text)
    __aeabi_memclr                           0x080002b7   Thumb Code     4  memseta.o(.text)
    __aeabi_memclr4                          0x080002b7   Thumb Code     0  memseta.o(.text)
    __aeabi_memclr8                          0x080002b7   Thumb Code     0  memseta.o(.text)
    _memset$wrapper                          0x080002bb   Thumb Code    18  memseta.o(.text)
    strlen                                   0x080002cd   Thumb Code    14  strlen.o(.text)
    __aeabi_dmul                             0x080002db   Thumb Code   228  dmul.o(.text)
    __aeabi_ddiv                             0x080003bf   Thumb Code   222  ddiv.o(.text)
    __aeabi_dcmpeq                           0x0800049d   Thumb Code    56  dcmpeq.o(.text)
    __aeabi_i2d                              0x080004d5   Thumb Code    34  dflti.o(.text)
    __aeabi_ui2d                             0x080004f7   Thumb Code    26  dfltui.o(.text)
    __aeabi_uidiv                            0x08000511   Thumb Code     0  uidiv.o(.text)
    __aeabi_uidivmod                         0x08000511   Thumb Code    44  uidiv.o(.text)
    __aeabi_llsl                             0x0800053d   Thumb Code    30  llshl.o(.text)
    _ll_shift_l                              0x0800053d   Thumb Code     0  llshl.o(.text)
    __aeabi_llsr                             0x0800055b   Thumb Code    32  llushr.o(.text)
    _ll_ushift_r                             0x0800055b   Thumb Code     0  llushr.o(.text)
    __I$use$fp                               0x0800057b   Thumb Code     0  iusefp.o(.text)
    _double_round                            0x0800057b   Thumb Code    30  depilogue.o(.text)
    _double_epilogue                         0x08000599   Thumb Code   156  depilogue.o(.text)
    __aeabi_dadd                             0x08000635   Thumb Code   322  dadd.o(.text)
    __aeabi_dsub                             0x08000777   Thumb Code     6  dadd.o(.text)
    __aeabi_drsub                            0x0800077d   Thumb Code     6  dadd.o(.text)
    __aeabi_d2ulz                            0x08000783   Thumb Code    48  dfixul.o(.text)
    __aeabi_cdrcmple                         0x080007b5   Thumb Code    48  cdrcmple.o(.text)
    __scatterload                            0x080007e5   Thumb Code    38  init.o(.text)
    __scatterload_rt2                        0x080007e5   Thumb Code     0  init.o(.text)
    __aeabi_lasr                             0x08000815   Thumb Code    36  llsshr.o(.text)
    _ll_sshift_r                             0x08000815   Thumb Code     0  llsshr.o(.text)
    BusFault_Handler                         0x08000839   Thumb Code     4  stm32f4xx_it.o(.text.BusFault_Handler)
    DebugMon_Handler                         0x0800083d   Thumb Code     2  stm32f4xx_it.o(.text.DebugMon_Handler)
    Driver_Delay_ms                          0x08000841   Thumb Code    16  LCD_Tools.o(.text.Driver_Delay_ms)
    Driver_Delay_us                          0x08000851   Thumb Code    32  LCD_Tools.o(.text.Driver_Delay_us)
    ETH_IRQHandler                           0x08000871   Thumb Code    16  stm32f4xx_it.o(.text.ETH_IRQHandler)
    Error_Handler                            0x08000a5d   Thumb Code   232  error.o(.text.Error_Handler)
    GPIO_Init                                0x08000b45   Thumb Code     8  LCD_GPIO.o(.text.GPIO_Init)
    GUI_disChar                              0x08000b4d   Thumb Code   188  LCD_GUI.o(.text.GUI_disChar)
    GUI_disNum                               0x08000c09   Thumb Code   104  LCD_GUI.o(.text.GUI_disNum)
    GUI_disStr                               0x08000c71   Thumb Code   276  LCD_GUI.o(.text.GUI_disStr)
    GUI_drawRectangle                        0x08000d85   Thumb Code   426  LCD_GUI.o(.text.GUI_drawRectangle)
    GUI_init                                 0x08000f31   Thumb Code    28  LCD_GUI.o(.text.GUI_init)
    HAL_DMA_Abort                            0x08000f4d   Thumb Code   234  stm32f4xx_hal_dma.o(.text.HAL_DMA_Abort)
    HAL_Delay                                0x08001039   Thumb Code    66  stm32f4xx_hal.o(.text.HAL_Delay)
    HAL_ETH_ErrorCallback                    0x0800107d   Thumb Code     8  stm32f4xx_hal_eth.o(.text.HAL_ETH_ErrorCallback)
    HAL_ETH_IRQHandler                       0x08001085   Thumb Code   194  stm32f4xx_hal_eth.o(.text.HAL_ETH_IRQHandler)
    HAL_ETH_RxCpltCallback                   0x08001149   Thumb Code     8  stm32f4xx_hal_eth.o(.text.HAL_ETH_RxCpltCallback)
    HAL_ETH_TxCpltCallback                   0x08001151   Thumb Code     8  stm32f4xx_hal_eth.o(.text.HAL_ETH_TxCpltCallback)
    HAL_GPIO_DeInit                          0x08001159   Thumb Code   604  stm32f4xx_hal_gpio.o(.text.HAL_GPIO_DeInit)
    HAL_GPIO_Init                            0x080013b5   Thumb Code  1008  stm32f4xx_hal_gpio.o(.text.HAL_GPIO_Init)
    HAL_GPIO_ReadPin                         0x080017a5   Thumb Code    46  stm32f4xx_hal_gpio.o(.text.HAL_GPIO_ReadPin)
    HAL_GPIO_TogglePin                       0x080017d5   Thumb Code    50  stm32f4xx_hal_gpio.o(.text.HAL_GPIO_TogglePin)
    HAL_GPIO_WritePin                        0x08001809   Thumb Code    46  stm32f4xx_hal_gpio.o(.text.HAL_GPIO_WritePin)
    HAL_GetTick                              0x08001839   Thumb Code    12  stm32f4xx_hal.o(.text.HAL_GetTick)
    HAL_IncTick                              0x08001845   Thumb Code    26  stm32f4xx_hal.o(.text.HAL_IncTick)
    HAL_Init                                 0x08001861   Thumb Code    46  stm32f4xx_hal.o(.text.HAL_Init)
    HAL_InitTick                             0x08001891   Thumb Code   112  stm32f4xx_hal.o(.text.HAL_InitTick)
    HAL_MspInit                              0x08001901   Thumb Code     2  stm32f4xx_hal.o(.text.HAL_MspInit)
    HAL_NVIC_DisableIRQ                      0x08001905   Thumb Code    20  stm32f4xx_hal_cortex.o(.text.HAL_NVIC_DisableIRQ)
    HAL_NVIC_SetPriority                     0x08001919   Thumb Code    50  stm32f4xx_hal_cortex.o(.text.HAL_NVIC_SetPriority)
    HAL_NVIC_SetPriorityGrouping             0x0800194d   Thumb Code    16  stm32f4xx_hal_cortex.o(.text.HAL_NVIC_SetPriorityGrouping)
    HAL_PWREx_EnableOverDrive                0x0800195d   Thumb Code   190  stm32f4xx_hal_pwr_ex.o(.text.HAL_PWREx_EnableOverDrive)
    HAL_RCC_ClockConfig                      0x08001a1d   Thumb Code   610  stm32f4xx_hal_rcc.o(.text.HAL_RCC_ClockConfig)
    HAL_RCC_GetHCLKFreq                      0x08001c81   Thumb Code    12  stm32f4xx_hal_rcc.o(.text.HAL_RCC_GetHCLKFreq)
    HAL_RCC_GetPCLK1Freq                     0x08001c8d   Thumb Code    34  stm32f4xx_hal_rcc.o(.text.HAL_RCC_GetPCLK1Freq)
    HAL_RCC_GetSysClockFreq                  0x08001cb1   Thumb Code   230  stm32f4xx_hal_rcc.o(.text.HAL_RCC_GetSysClockFreq)
    HAL_RCC_OscConfig                        0x08001d99   Thumb Code  1700  stm32f4xx_hal_rcc.o(.text.HAL_RCC_OscConfig)
    HAL_SYSTICK_Config                       0x0800243d   Thumb Code    16  stm32f4xx_hal_cortex.o(.text.HAL_SYSTICK_Config)
    HAL_TIMEx_MasterConfigSynchronization    0x0800244d   Thumb Code   290  stm32f4xx_hal_tim_ex.o(.text.HAL_TIMEx_MasterConfigSynchronization)
    HAL_TIM_PWM_ConfigChannel                0x080025b9   Thumb Code   324  stm32f4xx_hal_tim.o(.text.HAL_TIM_PWM_ConfigChannel)
    HAL_TIM_PWM_Init                         0x080026fd   Thumb Code    88  stm32f4xx_hal_tim.o(.text.HAL_TIM_PWM_Init)
    HAL_TIM_PWM_MspInit                      0x08002755   Thumb Code    62  LCD_TIM.o(.text.HAL_TIM_PWM_MspInit)
    HAL_TIM_PWM_Start                        0x08002795   Thumb Code   128  stm32f4xx_hal_tim.o(.text.HAL_TIM_PWM_Start)
    HardFault_Handler                        0x08002815   Thumb Code     4  stm32f4xx_it.o(.text.HardFault_Handler)
    LCDErrHandler                            0x08002819   Thumb Code   182  LCD_Tools.o(.text.LCDErrHandler)
    LCD_clear                                0x08002a7d   Thumb Code    34  LCD_Driver.o(.text.LCD_clear)
    LCD_fillRectangleBW                      0x08002aa1   Thumb Code   398  LCD_Driver.o(.text.LCD_fillRectangleBW)
    LCD_fillRectangleMC                      0x08002c31   Thumb Code   202  LCD_Driver.o(.text.LCD_fillRectangleMC)
    LCD_init                                 0x08002cfd   Thumb Code   112  LCD_Driver.o(.text.LCD_init)
    MemManage_Handler                        0x08003011   Thumb Code     4  stm32f4xx_it.o(.text.MemManage_Handler)
    NMI_Handler                              0x08003015   Thumb Code     2  stm32f4xx_it.o(.text.NMI_Handler)
    PWM_SetValue                             0x08003085   Thumb Code    56  LCD_TIM.o(.text.PWM_SetValue)
    PendSV_Handler                           0x080030bd   Thumb Code     2  stm32f4xx_it.o(.text.PendSV_Handler)
    SPI4W_Write_Byte                         0x080030c1   Thumb Code   184  LCD_SPI.o(.text.SPI4W_Write_Byte)
    SPIinit                                  0x080032a1   Thumb Code    14  LCD_SPI.o(.text.SPIinit)
    SVC_Handler                              0x080032b1   Thumb Code     2  stm32f4xx_it.o(.text.SVC_Handler)
    SysTick_Handler                          0x08003309   Thumb Code     8  stm32f4xx_it.o(.text.SysTick_Handler)
    SystemInit                               0x080033c9   Thumb Code   110  system_stm32f4xx.o(.text.SystemInit)
    TIM4_Init                                0x08003439   Thumb Code     8  LCD_TIM.o(.text.TIM4_Init)
    TIM_Base_SetConfig                       0x08003441   Thumb Code   410  stm32f4xx_hal_tim.o(.text.TIM_Base_SetConfig)
    TIM_CCxChannelCmd                        0x080035dd   Thumb Code    54  stm32f4xx_hal_tim.o(.text.TIM_CCxChannelCmd)
    TIM_OC2_SetConfig                        0x08003701   Thumb Code   244  stm32f4xx_hal_tim.o(.text.TIM_OC2_SetConfig)
    TP_InitBasic                             0x0800398d   Thumb Code    50  LCD_Touch.o(.text.TP_InitBasic)
    USART3_IRQHandler                        0x08003a71   Thumb Code    16  USART_STM32F4xx.o(.text.USART3_IRQHandler)
    USART_IRQHandler                         0x08004a31   Thumb Code  1026  USART_STM32F4xx.o(.text.USART_IRQHandler)
    UsageFault_Handler                       0x080059ad   Thumb Code     4  stm32f4xx_it.o(.text.UsageFault_Handler)
    displayPrintHandler                      0x08005b69   Thumb Code   174  display.o(.text.displayPrintHandler)
    encoderUpdate                            0x08005c19   Thumb Code   504  rotary_decoder.o(.text.encoderUpdate)
    initDecoder                              0x08005fb9   Thumb Code    78  rotary_decoder.o(.text.initDecoder)
    initDisplay                              0x08006009   Thumb Code    96  display.o(.text.initDisplay)
    initITSboard                             0x080061a9   Thumb Code    20  init.o(.text.initITSboard)
    initLed                                  0x080061bd   Thumb Code    26  led.o(.text.initLed)
    initTimer                                0x080061d9   Thumb Code    66  timer.o(.text.initTimer)
    itoa                                     0x0800621d   Thumb Code   180  LCD_Tools.o(.text.itoa)
    lcdGotoXY                                0x080062d1   Thumb Code    58  lcd.o(.text.lcdGotoXY)
    lcdPrintC                                0x0800630d   Thumb Code   222  lcd.o(.text.lcdPrintC)
    lcdPrintS                                0x080063ed   Thumb Code   466  lcd.o(.text.lcdPrintS)
    ledPhaseValue                            0x08006645   Thumb Code    28  led.o(.text.ledPhaseValue)
    ledSetDirection                          0x08006661   Thumb Code    86  led.o(.text.ledSetDirection)
    ledSetError                              0x080066b9   Thumb Code    20  led.o(.text.ledSetError)
    ledStatusClear                           0x080066cd   Thumb Code    16  led.o(.text.ledStatusClear)
    main                                     0x080066dd   Thumb Code   398  main.o(.text.main)
    printDebugMsg                            0x0800686d   Thumb Code   178  LCD_Debug.o(.text.printDebugMsg)
    readButtons                              0x08006921   Thumb Code    36  buttons.o(.text.readButtons)
    stdinout_init                            0x08006975   Thumb Code   174  stdinout_USART.o(.text.stdinout_init)
    __0snprintf                              0x08006a6d   Thumb Code    48  printfa.o(i.__0snprintf)
    __1snprintf                              0x08006a6d   Thumb Code     0  printfa.o(i.__0snprintf)
    __2snprintf                              0x08006a6d   Thumb Code     0  printfa.o(i.__0snprintf)
    __c89snprintf                            0x08006a6d   Thumb Code     0  printfa.o(i.__0snprintf)
    snprintf                                 0x08006a6d   Thumb Code     0  printfa.o(i.__0snprintf)
    __scatterload_copy                       0x08006aa1   Thumb Code    14  handlers.o(i.__scatterload_copy)
    __scatterload_null                       0x08006aaf   Thumb Code     2  handlers.o(i.__scatterload_null)
    __scatterload_zeroinit                   0x08006ab1   Thumb Code    14  handlers.o(i.__scatterload_zeroinit)
    AHBPrescTable                            0x08007388   Data          16  system_stm32f4xx.o(.rodata.AHBPrescTable)
    APBPrescTable                            0x08007398   Data           8  system_stm32f4xx.o(.rodata.APBPrescTable)
    Driver_USART3                            0x080073a0   Data          56  USART_STM32F4xx.o(.rodata.Driver_USART3)
    initCmds                                 0x08007424   Data         103  LCD_Driver.o(.rodata.initCmds)
    Region$$Table$$Base                      0x080075cc   Number         0  anon$$obj.o(Region$$Table)
    Region$$Table$$Limit                     0x080075ec   Number         0  anon$$obj.o(Region$$Table)
    Font16FLASH                              0x20000000   Data           8  fontsFLASH.o(.data.Font16FLASH)
    SystemCoreClock                          0x20000008   Data           4  system_stm32f4xx.o(.data.SystemCoreClock)
    uwTickFreq                               0x20000028   Data           1  stm32f4xx_hal.o(.data.uwTickFreq)
    uwTickPrio                               0x2000002c   Data           4  stm32f4xx_hal.o(.data.uwTickPrio)
    EthHandle                                0x20000030   Data          72  stm32f4xx_it.o(.bss.EthHandle)
    transitionCount                          0x2000018c   Data           4  rotary_decoder.o(.bss.transitionCount)
    uwTick                                   0x20000190   Data           4  stm32f4xx_hal.o(.bss.uwTick)
    __initial_sp                             0x20000598   Data           0  startup_stm32f429xx.o(STACK)



==============================================================================

Memory Map of the image

  Image Entry point : 0x080001c1

  Load Region LR_IROM1 (Base: 0x08000000, Size: 0x00007620, Max: 0x00200000, ABSOLUTE)

    Execution Region ER_IROM1 (Exec base: 0x08000000, Load base: 0x08000000, Size: 0x000075ec, Max: 0x00200000, ABSOLUTE)

    Exec Addr    Load Addr    Size         Type   Attr      Idx    E Section Name        Object

    0x08000000   0x08000000   0x000001ac   Data   RO           63    RESET               startup_stm32f429xx.o
    0x080001ac   0x080001ac   0x00000000   Code   RO         1660  * .ARM.Collect$$$$00000000  mc_w.l(entry.o)
    0x080001ac   0x080001ac   0x00000004   Code   RO         1711    .ARM.Collect$$$$00000001  mc_w.l(entry2.o)
    0x080001b0   0x080001b0   0x00000004   Code   RO         1714    .ARM.Collect$$$$00000004  mc_w.l(entry5.o)
    0x080001b4   0x080001b4   0x00000000   Code   RO         1716    .ARM.Collect$$$$00000008  mc_w.l(entry7b.o)
    0x080001b4   0x080001b4   0x00000000   Code   RO         1718    .ARM.Collect$$$$0000000A  mc_w.l(entry8b.o)
    0x080001b4   0x080001b4   0x00000008   Code   RO         1719    .ARM.Collect$$$$0000000B  mc_w.l(entry9a.o)
    0x080001bc   0x080001bc   0x00000000   Code   RO         1721    .ARM.Collect$$$$0000000D  mc_w.l(entry10a.o)
    0x080001bc   0x080001bc   0x00000000   Code   RO         1723    .ARM.Collect$$$$0000000F  mc_w.l(entry11a.o)
    0x080001bc   0x080001bc   0x00000004   Code   RO         1712    .ARM.Collect$$$$00002712  mc_w.l(entry2.o)
    0x080001c0   0x080001c0   0x00000024   Code   RO           64  * .text               startup_stm32f429xx.o
    0x080001e4   0x080001e4   0x00000062   Code   RO         1663    .text               mc_w.l(uldiv.o)
    0x08000246   0x08000246   0x00000062   Code   RO         1665    .text               mc_w.l(ldiv.o)
    0x080002a8   0x080002a8   0x00000024   Code   RO         1667    .text               mc_w.l(memseta.o)
    0x080002cc   0x080002cc   0x0000000e   Code   RO         1669    .text               mc_w.l(strlen.o)
    0x080002da   0x080002da   0x000000e4   Code   RO         1699    .text               mf_w.l(dmul.o)
    0x080003be   0x080003be   0x000000de   Code   RO         1701    .text               mf_w.l(ddiv.o)
    0x0800049c   0x0800049c   0x00000038   Code   RO         1703    .text               mf_w.l(dcmpeq.o)
    0x080004d4   0x080004d4   0x00000022   Code   RO         1705    .text               mf_w.l(dflti.o)
    0x080004f6   0x080004f6   0x0000001a   Code   RO         1707    .text               mf_w.l(dfltui.o)
    0x08000510   0x08000510   0x0000002c   Code   RO         1739    .text               mc_w.l(uidiv.o)
    0x0800053c   0x0800053c   0x0000001e   Code   RO         1741    .text               mc_w.l(llshl.o)
    0x0800055a   0x0800055a   0x00000020   Code   RO         1743    .text               mc_w.l(llushr.o)
    0x0800057a   0x0800057a   0x00000000   Code   RO         1752    .text               mc_w.l(iusefp.o)
    0x0800057a   0x0800057a   0x000000ba   Code   RO         1753    .text               mf_w.l(depilogue.o)
    0x08000634   0x08000634   0x0000014e   Code   RO         1755    .text               mf_w.l(dadd.o)
    0x08000782   0x08000782   0x00000030   Code   RO         1759    .text               mf_w.l(dfixul.o)
    0x080007b2   0x080007b2   0x00000002   PAD
    0x080007b4   0x080007b4   0x00000030   Code   RO         1761    .text               mf_w.l(cdrcmple.o)
    0x080007e4   0x080007e4   0x00000030   Code   RO         1763    .text               mc_w.l(init.o)
    0x08000814   0x08000814   0x00000024   Code   RO         1766    .text               mc_w.l(llsshr.o)
    0x08000838   0x08000838   0x00000004   Code   RO           91    .text.BusFault_Handler  stm32f4xx_it.o
    0x0800083c   0x0800083c   0x00000002   Code   RO           97    .text.DebugMon_Handler  stm32f4xx_it.o
    0x0800083e   0x0800083e   0x00000002   PAD
    0x08000840   0x08000840   0x00000010   Code   RO         1295    .text.Driver_Delay_ms  LCD_Tools.o
    0x08000850   0x08000850   0x00000020   Code   RO         1297    .text.Driver_Delay_us  LCD_Tools.o
    0x08000870   0x08000870   0x00000010   Code   RO          103    .text.ETH_IRQHandler  stm32f4xx_it.o
    0x08000880   0x08000880   0x000001da   Code   RO         1518    .text.Enable_GPIO_Clock  USART_STM32F4xx.o
    0x08000a5a   0x08000a5a   0x00000002   PAD
    0x08000a5c   0x08000a5c   0x000000e8   Code   RO         1359    .text.Error_Handler  error.o
    0x08000b44   0x08000b44   0x00000008   Code   RO         1263    .text.GPIO_Init     LCD_GPIO.o
    0x08000b4c   0x08000b4c   0x000000bc   Code   RO         1174    .text.GUI_disChar   LCD_GUI.o
    0x08000c08   0x08000c08   0x00000068   Code   RO         1178    .text.GUI_disNum    LCD_GUI.o
    0x08000c70   0x08000c70   0x00000114   Code   RO         1176    .text.GUI_disStr    LCD_GUI.o
    0x08000d84   0x08000d84   0x000001aa   Code   RO         1172    .text.GUI_drawRectangle  LCD_GUI.o
    0x08000f2e   0x08000f2e   0x00000002   PAD
    0x08000f30   0x08000f30   0x0000001c   Code   RO         1166    .text.GUI_init      LCD_GUI.o
    0x08000f4c   0x08000f4c   0x000000ea   Code   RO          750    .text.HAL_DMA_Abort  stm32f4xx_hal_dma.o
    0x08001036   0x08001036   0x00000002   PAD
    0x08001038   0x08001038   0x00000042   Code   RO          293    .text.HAL_Delay     stm32f4xx_hal.o
    0x0800107a   0x0800107a   0x00000002   PAD
    0x0800107c   0x0800107c   0x00000008   Code   RO          889    .text.HAL_ETH_ErrorCallback  stm32f4xx_hal_eth.o
    0x08001084   0x08001084   0x000000c2   Code   RO          883    .text.HAL_ETH_IRQHandler  stm32f4xx_hal_eth.o
    0x08001146   0x08001146   0x00000002   PAD
    0x08001148   0x08001148   0x00000008   Code   RO          885    .text.HAL_ETH_RxCpltCallback  stm32f4xx_hal_eth.o
    0x08001150   0x08001150   0x00000008   Code   RO          887    .text.HAL_ETH_TxCpltCallback  stm32f4xx_hal_eth.o
    0x08001158   0x08001158   0x0000025c   Code   RO          227    .text.HAL_GPIO_DeInit  stm32f4xx_hal_gpio.o
    0x080013b4   0x080013b4   0x000003f0   Code   RO          225    .text.HAL_GPIO_Init  stm32f4xx_hal_gpio.o
    0x080017a4   0x080017a4   0x0000002e   Code   RO          229    .text.HAL_GPIO_ReadPin  stm32f4xx_hal_gpio.o
    0x080017d2   0x080017d2   0x00000002   PAD
    0x080017d4   0x080017d4   0x00000032   Code   RO          233    .text.HAL_GPIO_TogglePin  stm32f4xx_hal_gpio.o
    0x08001806   0x08001806   0x00000002   PAD
    0x08001808   0x08001808   0x0000002e   Code   RO          231    .text.HAL_GPIO_WritePin  stm32f4xx_hal_gpio.o
    0x08001836   0x08001836   0x00000002   PAD
    0x08001838   0x08001838   0x0000000c   Code   RO          285    .text.HAL_GetTick   stm32f4xx_hal.o
    0x08001844   0x08001844   0x0000001a   Code   RO          283    .text.HAL_IncTick   stm32f4xx_hal.o
    0x0800185e   0x0800185e   0x00000002   PAD
    0x08001860   0x08001860   0x0000002e   Code   RO          273    .text.HAL_Init      stm32f4xx_hal.o
    0x0800188e   0x0800188e   0x00000002   PAD
    0x08001890   0x08001890   0x00000070   Code   RO          275    .text.HAL_InitTick  stm32f4xx_hal.o
    0x08001900   0x08001900   0x00000002   Code   RO          277    .text.HAL_MspInit   stm32f4xx_hal.o
    0x08001902   0x08001902   0x00000002   PAD
    0x08001904   0x08001904   0x00000014   Code   RO          129    .text.HAL_NVIC_DisableIRQ  stm32f4xx_hal_cortex.o
    0x08001918   0x08001918   0x00000032   Code   RO          117    .text.HAL_NVIC_SetPriority  stm32f4xx_hal_cortex.o
    0x0800194a   0x0800194a   0x00000002   PAD
    0x0800194c   0x0800194c   0x00000010   Code   RO          113    .text.HAL_NVIC_SetPriorityGrouping  stm32f4xx_hal_cortex.o
    0x0800195c   0x0800195c   0x000000be   Code   RO          260    .text.HAL_PWREx_EnableOverDrive  stm32f4xx_hal_pwr_ex.o
    0x08001a1a   0x08001a1a   0x00000002   PAD
    0x08001a1c   0x08001a1c   0x00000262   Code   RO          345    .text.HAL_RCC_ClockConfig  stm32f4xx_hal_rcc.o
    0x08001c7e   0x08001c7e   0x00000002   PAD
    0x08001c80   0x08001c80   0x0000000c   Code   RO          355    .text.HAL_RCC_GetHCLKFreq  stm32f4xx_hal_rcc.o
    0x08001c8c   0x08001c8c   0x00000022   Code   RO          357    .text.HAL_RCC_GetPCLK1Freq  stm32f4xx_hal_rcc.o
    0x08001cae   0x08001cae   0x00000002   PAD
    0x08001cb0   0x08001cb0   0x000000e6   Code   RO          347    .text.HAL_RCC_GetSysClockFreq  stm32f4xx_hal_rcc.o
    0x08001d96   0x08001d96   0x00000002   PAD
    0x08001d98   0x08001d98   0x000006a4   Code   RO          343    .text.HAL_RCC_OscConfig  stm32f4xx_hal_rcc.o
    0x0800243c   0x0800243c   0x00000010   Code   RO          137    .text.HAL_SYSTICK_Config  stm32f4xx_hal_cortex.o
    0x0800244c   0x0800244c   0x00000122   Code   RO          838    .text.HAL_TIMEx_MasterConfigSynchronization  stm32f4xx_hal_tim_ex.o
    0x0800256e   0x0800256e   0x00000002   PAD
    0x08002570   0x08002570   0x00000048   Code   RO         1284    .text.HAL_TIM_MspPostInit  LCD_TIM.o
    0x080025b8   0x080025b8   0x00000144   Code   RO          542    .text.HAL_TIM_PWM_ConfigChannel  stm32f4xx_hal_tim.o
    0x080026fc   0x080026fc   0x00000058   Code   RO          430    .text.HAL_TIM_PWM_Init  stm32f4xx_hal_tim.o
    0x08002754   0x08002754   0x0000003e   Code   RO         1278    .text.HAL_TIM_PWM_MspInit  LCD_TIM.o
    0x08002792   0x08002792   0x00000002   PAD
    0x08002794   0x08002794   0x00000080   Code   RO          438    .text.HAL_TIM_PWM_Start  stm32f4xx_hal_tim.o
    0x08002814   0x08002814   0x00000004   Code   RO           87    .text.HardFault_Handler  stm32f4xx_it.o
    0x08002818   0x08002818   0x000000b6   Code   RO         1299    .text.LCDErrHandler  LCD_Tools.o
    0x080028ce   0x080028ce   0x00000002   PAD
    0x080028d0   0x080028d0   0x0000004a   Code   RO         1132    .text.LCD_Reset     LCD_Driver.o
    0x0800291a   0x0800291a   0x00000002   PAD
    0x0800291c   0x0800291c   0x00000014   Code   RO         1134    .text.LCD_SetBackLight  LCD_Driver.o
    0x08002930   0x08002930   0x00000022   Code   RO         1138    .text.LCD_SetGramScanWay  LCD_Driver.o
    0x08002952   0x08002952   0x00000002   PAD
    0x08002954   0x08002954   0x00000048   Code   RO         1140    .text.LCD_WriteCMD  LCD_Driver.o
    0x0800299c   0x0800299c   0x00000056   Code   RO         1136    .text.LCD_WriteCMDList  LCD_Driver.o
    0x080029f2   0x080029f2   0x00000002   PAD
    0x080029f4   0x080029f4   0x00000016   Code   RO         1150    .text.LCD_WriteParam  LCD_Driver.o
    0x08002a0a   0x08002a0a   0x00000002   PAD
    0x08002a0c   0x08002a0c   0x00000070   Code   RO         1146    .text.LCD_WriteParameters  LCD_Driver.o
    0x08002a7c   0x08002a7c   0x00000022   Code   RO         1152    .text.LCD_clear     LCD_Driver.o
    0x08002a9e   0x08002a9e   0x00000002   PAD
    0x08002aa0   0x08002aa0   0x0000018e   Code   RO         1148    .text.LCD_fillRectangleBW  LCD_Driver.o
    0x08002c2e   0x08002c2e   0x00000002   PAD
    0x08002c30   0x08002c30   0x000000ca   Code   RO         1142    .text.LCD_fillRectangleMC  LCD_Driver.o
    0x08002cfa   0x08002cfa   0x00000002   PAD
    0x08002cfc   0x08002cfc   0x00000070   Code   RO         1130    .text.LCD_init      LCD_Driver.o
    0x08002d6c   0x08002d6c   0x00000058   Code   RO         1144    .text.LCD_setWindow  LCD_Driver.o
    0x08002dc4   0x08002dc4   0x0000019e   Code   RO         1265    .text.MX_GPIO_Init  LCD_GPIO.o
    0x08002f62   0x08002f62   0x00000002   PAD
    0x08002f64   0x08002f64   0x000000aa   Code   RO         1276    .text.MX_TIM4_Init  LCD_TIM.o
    0x0800300e   0x0800300e   0x00000002   PAD
    0x08003010   0x08003010   0x00000004   Code   RO           89    .text.MemManage_Handler  stm32f4xx_it.o
    0x08003014   0x08003014   0x00000002   Code   RO           85    .text.NMI_Handler   stm32f4xx_it.o
    0x08003016   0x08003016   0x00000002   PAD
    0x08003018   0x08003018   0x0000006c   Code   RO          123    .text.NVIC_EncodePriority  stm32f4xx_hal_cortex.o
    0x08003084   0x08003084   0x00000038   Code   RO         1282    .text.PWM_SetValue  LCD_TIM.o
    0x080030bc   0x080030bc   0x00000002   Code   RO           99    .text.PendSV_Handler  stm32f4xx_it.o
    0x080030be   0x080030be   0x00000002   PAD
    0x080030c0   0x080030c0   0x000000b8   Code   RO         1246    .text.SPI4W_Write_Byte  LCD_SPI.o
    0x08003178   0x08003178   0x0000004c   Code   RO         1240    .text.SPIInitDevWithoutHAL  LCD_SPI.o
    0x080031c4   0x080031c4   0x000000da   Code   RO         1238    .text.SPIInitGPIOsWithoutHAL  LCD_SPI.o
    0x0800329e   0x0800329e   0x00000002   PAD
    0x080032a0   0x080032a0   0x0000000e   Code   RO         1236    .text.SPIinit       LCD_SPI.o
    0x080032ae   0x080032ae   0x00000002   PAD
    0x080032b0   0x080032b0   0x00000002   Code   RO           95    .text.SVC_Handler   stm32f4xx_it.o
    0x080032b2   0x080032b2   0x00000002   PAD
    0x080032b4   0x080032b4   0x00000052   Code   RO          139    .text.SysTick_Config  stm32f4xx_hal_cortex.o
    0x08003306   0x08003306   0x00000002   PAD
    0x08003308   0x08003308   0x00000008   Code   RO          101    .text.SysTick_Handler  stm32f4xx_it.o
    0x08003310   0x08003310   0x000000b8   Code   RO         1401    .text.SystemClock_Config  init.o
    0x080033c8   0x080033c8   0x0000006e   Code   RO           71    .text.SystemInit    system_stm32f4xx.o
    0x08003436   0x08003436   0x00000002   PAD
    0x08003438   0x08003438   0x00000008   Code   RO         1274    .text.TIM4_Init     LCD_TIM.o
    0x08003440   0x08003440   0x0000019a   Code   RO          380    .text.TIM_Base_SetConfig  stm32f4xx_hal_tim.o
    0x080035da   0x080035da   0x00000002   PAD
    0x080035dc   0x080035dc   0x00000036   Code   RO          414    .text.TIM_CCxChannelCmd  stm32f4xx_hal_tim.o
    0x08003612   0x08003612   0x00000002   PAD
    0x08003614   0x08003614   0x000000ea   Code   RO          524    .text.TIM_OC1_SetConfig  stm32f4xx_hal_tim.o
    0x080036fe   0x080036fe   0x00000002   PAD
    0x08003700   0x08003700   0x000000f4   Code   RO          526    .text.TIM_OC2_SetConfig  stm32f4xx_hal_tim.o
    0x080037f4   0x080037f4   0x000000f2   Code   RO          528    .text.TIM_OC3_SetConfig  stm32f4xx_hal_tim.o
    0x080038e6   0x080038e6   0x00000002   PAD
    0x080038e8   0x080038e8   0x000000a4   Code   RO          530    .text.TIM_OC4_SetConfig  stm32f4xx_hal_tim.o
    0x0800398c   0x0800398c   0x00000032   Code   RO         1208    .text.TP_InitBasic  LCD_Touch.o
    0x080039be   0x080039be   0x00000002   PAD
    0x080039c0   0x080039c0   0x0000002a   Code   RO         1210    .text.TP_SetDefaultCalibration  LCD_Touch.o
    0x080039ea   0x080039ea   0x00000002   PAD
    0x080039ec   0x080039ec   0x0000001c   Code   RO         1506    .text.USART3_Control  USART_STM32F4xx.o
    0x08003a08   0x08003a08   0x00000018   Code   RO         1488    .text.USART3_GetCapabilities  USART_STM32F4xx.o
    0x08003a20   0x08003a20   0x00000018   Code   RO         1512    .text.USART3_GetModemStatus  USART_STM32F4xx.o
    0x08003a38   0x08003a38   0x00000010   Code   RO         1504    .text.USART3_GetRxCount  USART_STM32F4xx.o
    0x08003a48   0x08003a48   0x00000018   Code   RO         1508    .text.USART3_GetStatus  USART_STM32F4xx.o
    0x08003a60   0x08003a60   0x00000010   Code   RO         1502    .text.USART3_GetTxCount  USART_STM32F4xx.o
    0x08003a70   0x08003a70   0x00000010   Code   RO         1484    .text.USART3_IRQHandler  USART_STM32F4xx.o
    0x08003a80   0x08003a80   0x00000018   Code   RO         1490    .text.USART3_Initialize  USART_STM32F4xx.o
    0x08003a98   0x08003a98   0x0000001c   Code   RO         1494    .text.USART3_PowerControl  USART_STM32F4xx.o
    0x08003ab4   0x08003ab4   0x0000001c   Code   RO         1498    .text.USART3_Receive  USART_STM32F4xx.o
    0x08003ad0   0x08003ad0   0x0000001c   Code   RO         1496    .text.USART3_Send   USART_STM32F4xx.o
    0x08003aec   0x08003aec   0x0000001c   Code   RO         1510    .text.USART3_SetModemControl  USART_STM32F4xx.o
    0x08003b08   0x08003b08   0x00000020   Code   RO         1500    .text.USART3_Transfer  USART_STM32F4xx.o
    0x08003b28   0x08003b28   0x00000010   Code   RO         1492    .text.USART3_Uninitialize  USART_STM32F4xx.o
    0x08003b38   0x08003b38   0x00000d86   Code   RO         1540    .text.USART_Control  USART_STM32F4xx.o
    0x080048be   0x080048be   0x00000002   PAD
    0x080048c0   0x080048c0   0x00000010   Code   RO         1514    .text.USART_GetCapabilities  USART_STM32F4xx.o
    0x080048d0   0x080048d0   0x0000006a   Code   RO         1546    .text.USART_GetModemStatus  USART_STM32F4xx.o
    0x0800493a   0x0800493a   0x00000002   PAD
    0x0800493c   0x0800493c   0x0000000e   Code   RO         1538    .text.USART_GetRxCount  USART_STM32F4xx.o
    0x0800494a   0x0800494a   0x00000002   PAD
    0x0800494c   0x0800494c   0x000000d4   Code   RO         1542    .text.USART_GetStatus  USART_STM32F4xx.o
    0x08004a20   0x08004a20   0x0000000e   Code   RO         1536    .text.USART_GetTxCount  USART_STM32F4xx.o
    0x08004a2e   0x08004a2e   0x00000002   PAD
    0x08004a30   0x08004a30   0x00000402   Code   RO         1482    .text.USART_IRQHandler  USART_STM32F4xx.o
    0x08004e32   0x08004e32   0x00000002   PAD
    0x08004e34   0x08004e34   0x000000e0   Code   RO         1516    .text.USART_Initialize  USART_STM32F4xx.o
    0x08004f14   0x08004f14   0x0000024c   Code   RO         1528    .text.USART_PeripheralReset  USART_STM32F4xx.o
    0x08005160   0x08005160   0x0000045e   Code   RO         1522    .text.USART_PowerControl  USART_STM32F4xx.o
    0x080055be   0x080055be   0x00000002   PAD
    0x080055c0   0x080055c0   0x000000e4   Code   RO         1532    .text.USART_Receive  USART_STM32F4xx.o
    0x080056a4   0x080056a4   0x000000b6   Code   RO         1530    .text.USART_Send    USART_STM32F4xx.o
    0x0800575a   0x0800575a   0x00000002   PAD
    0x0800575c   0x0800575c   0x000000e2   Code   RO         1544    .text.USART_SetModemControl  USART_STM32F4xx.o
    0x0800583e   0x0800583e   0x00000002   PAD
    0x08005840   0x08005840   0x00000096   Code   RO         1534    .text.USART_Transfer  USART_STM32F4xx.o
    0x080058d6   0x080058d6   0x00000002   PAD
    0x080058d8   0x080058d8   0x000000c0   Code   RO         1520    .text.USART_Uninitialize  USART_STM32F4xx.o
    0x08005998   0x08005998   0x00000012   Code   RO         1486    .text.USARTx_GetVersion  USART_STM32F4xx.o
    0x080059aa   0x080059aa   0x00000002   PAD
    0x080059ac   0x080059ac   0x00000004   Code   RO           93    .text.UsageFault_Handler  stm32f4xx_it.o
    0x080059b0   0x080059b0   0x00000030   Code   RO         1524    .text.__NVIC_ClearPendingIRQ  USART_STM32F4xx.o
    0x080059e0   0x080059e0   0x00000038   Code   RO          131    .text.__NVIC_DisableIRQ  stm32f4xx_hal_cortex.o
    0x08005a18   0x08005a18   0x00000030   Code   RO         1526    .text.__NVIC_EnableIRQ  USART_STM32F4xx.o
    0x08005a48   0x08005a48   0x00000010   Code   RO          119    .text.__NVIC_GetPriorityGrouping  stm32f4xx_hal_cortex.o
    0x08005a58   0x08005a58   0x00000042   Code   RO          121    .text.__NVIC_SetPriority  stm32f4xx_hal_cortex.o
    0x08005a9a   0x08005a9a   0x00000002   PAD
    0x08005a9c   0x08005a9c   0x0000003c   Code   RO          115    .text.__NVIC_SetPriorityGrouping  stm32f4xx_hal_cortex.o
    0x08005ad8   0x08005ad8   0x00000048   Code   RO         1250    .text.check_SPI_SR  LCD_SPI.o
    0x08005b20   0x08005b20   0x00000048   Code   RO         1634    .text.convertValue  display.o
    0x08005b68   0x08005b68   0x000000ae   Code   RO         1630    .text.displayPrintHandler  display.o
    0x08005c16   0x08005c16   0x00000002   PAD
    0x08005c18   0x08005c18   0x00000210   Code   RO         1593    .text.encoderUpdate  rotary_decoder.o
    0x08005e28   0x08005e28   0x00000190   Code   RO         1595    .text.getPhase      rotary_decoder.o
    0x08005fb8   0x08005fb8   0x0000004e   Code   RO         1591    .text.initDecoder   rotary_decoder.o
    0x08006006   0x08006006   0x00000002   PAD
    0x08006008   0x08006008   0x00000060   Code   RO         1628    .text.initDisplay   display.o
    0x08006068   0x08006068   0x00000140   Code   RO         1403    .text.initGPIOs     init.o
    0x080061a8   0x080061a8   0x00000014   Code   RO         1399    .text.initITSboard  init.o
    0x080061bc   0x080061bc   0x0000001a   Code   RO         1609    .text.initLed       led.o
    0x080061d6   0x080061d6   0x00000002   PAD
    0x080061d8   0x080061d8   0x00000042   Code   RO         1474    .text.initTimer     timer.o
    0x0800621a   0x0800621a   0x00000002   PAD
    0x0800621c   0x0800621c   0x000000b4   Code   RO         1301    .text.itoa          LCD_Tools.o
    0x080062d0   0x080062d0   0x0000003a   Code   RO         1381    .text.lcdGotoXY     lcd.o
    0x0800630a   0x0800630a   0x00000002   PAD
    0x0800630c   0x0800630c   0x000000de   Code   RO         1377    .text.lcdPrintC     lcd.o
    0x080063ea   0x080063ea   0x00000002   PAD
    0x080063ec   0x080063ec   0x000001d2   Code   RO         1367    .text.lcdPrintS     lcd.o
    0x080065be   0x080065be   0x00000002   PAD
    0x080065c0   0x080065c0   0x00000074   Code   RO         1632    .text.lcdValuePrinter  display.o
    0x08006634   0x08006634   0x00000010   Code   RO         1619    .text.ledPhaseCountClear  led.o
    0x08006644   0x08006644   0x0000001c   Code   RO         1617    .text.ledPhaseValue  led.o
    0x08006660   0x08006660   0x00000056   Code   RO         1615    .text.ledSetDirection  led.o
    0x080066b6   0x080066b6   0x00000002   PAD
    0x080066b8   0x080066b8   0x00000014   Code   RO         1611    .text.ledSetError   led.o
    0x080066cc   0x080066cc   0x00000010   Code   RO         1613    .text.ledStatusClear  led.o
    0x080066dc   0x080066dc   0x0000018e   Code   RO         1575    .text.main          main.o
    0x0800686a   0x0800686a   0x00000002   PAD
    0x0800686c   0x0800686c   0x000000b2   Code   RO         1333    .text.printDebugMsg  LCD_Debug.o
    0x0800691e   0x0800691e   0x00000002   PAD
    0x08006920   0x08006920   0x00000024   Code   RO         1647    .text.readButtons   buttons.o
    0x08006944   0x08006944   0x00000030   Code   RO         1248    .text.save_restore_AltFn_SPI1_MOSI_Pin  LCD_SPI.o
    0x08006974   0x08006974   0x000000ae   Code   RO         1562    .text.stdinout_init  stdinout_USART.o
    0x08006a22   0x08006a22   0x00000002   PAD
    0x08006a24   0x08006a24   0x00000046   Code   RO         1369    .text.stringCopy    lcd.o
    0x08006a6a   0x08006a6a   0x00000002   PAD
    0x08006a6c   0x08006a6c   0x00000034   Code   RO         1673    i.__0snprintf       mc_w.l(printfa.o)
    0x08006aa0   0x08006aa0   0x0000000e   Code   RO         1771    i.__scatterload_copy  mc_w.l(handlers.o)
    0x08006aae   0x08006aae   0x00000002   Code   RO         1772    i.__scatterload_null  mc_w.l(handlers.o)
    0x08006ab0   0x08006ab0   0x0000000e   Code   RO         1773    i.__scatterload_zeroinit  mc_w.l(handlers.o)
    0x08006abe   0x08006abe   0x00000002   PAD
    0x08006ac0   0x08006ac0   0x00000184   Code   RO         1679    i._fp_digits        mc_w.l(printfa.o)
    0x08006c44   0x08006c44   0x000006dc   Code   RO         1680    i._printf_core      mc_w.l(printfa.o)
    0x08007320   0x08007320   0x00000024   Code   RO         1681    i._printf_post_padding  mc_w.l(printfa.o)
    0x08007344   0x08007344   0x0000002e   Code   RO         1682    i._printf_pre_padding  mc_w.l(printfa.o)
    0x08007372   0x08007372   0x00000016   Code   RO         1683    i._snputc           mc_w.l(printfa.o)
    0x08007388   0x08007388   0x00000010   Data   RO           76    .rodata.AHBPrescTable  system_stm32f4xx.o
    0x08007398   0x08007398   0x00000008   Data   RO           77    .rodata.APBPrescTable  system_stm32f4xx.o
    0x080073a0   0x080073a0   0x00000038   Data   RO         1548    .rodata.Driver_USART3  USART_STM32F4xx.o
    0x080073d8   0x080073d8   0x00000034   Data   RO         1553    .rodata.USART3_Resources  USART_STM32F4xx.o
    0x0800740c   0x0800740c   0x0000000c   Data   RO         1550    .rodata.USART3_rx   USART_STM32F4xx.o
    0x08007418   0x08007418   0x0000000c   Data   RO         1549    .rodata.USART3_tx   USART_STM32F4xx.o
    0x08007424   0x08007424   0x00000067   Data   RO         1158    .rodata.initCmds    LCD_Driver.o
    0x0800748b   0x0800748b   0x00000052   Data   RO         1190    .rodata.str1.1      LCD_GUI.o
    0x080074dd   0x080074dd   0x00000052   Data   RO         1254    .rodata.str1.1      LCD_SPI.o
    0x0800752f   0x0800752f   0x00000052   Data   RO         1287    .rodata.str1.1      LCD_TIM.o
    0x08007581   0x08007581   0x0000001c   Data   RO         1336    .rodata.str1.1      LCD_Debug.o
    0x0800759d   0x0800759d   0x0000002c   Data   RO         1636    .rodata.str1.1      display.o
    0x080075c9   0x080075c9   0x00000003   PAD
    0x080075cc   0x080075cc   0x00000020   Data   RO         1770    Region$$Table       anon$$obj.o


    Execution Region RW_IRAM1 (Exec base: 0x20000000, Load base: 0x080075f0, Size: 0x00000598, Max: 0x00030000, ABSOLUTE)

    Exec Addr    Load Addr    Size         Type   Attr      Idx    E Section Name        Object

    0x20000000   0x080075f0   0x00000008   Data   RW         1102    .data.Font16FLASH   fontsFLASH.o
    0x20000008   0x080075f8   0x00000004   Data   RW           75    .data.SystemCoreClock  system_stm32f4xx.o
    0x2000000c   0x080075fc   0x00000004   Data   RW         1385    .data.crd           lcd.o
    0x20000010   0x08007600   0x00000004   Data   RW         1386    .data.fontHeight    lcd.o
    0x20000014   0x08007604   0x00000004   Data   RW         1384    .data.fontWidth     lcd.o
    0x20000018   0x08007608   0x00000004   Data   RW         1387    .data.lcdFont       lcd.o
    0x2000001c   0x0800760c   0x00000004   Data   RW         1383    .data.lcdmaxx       lcd.o
    0x20000020   0x08007610   0x00000004   Data   RW         1389    .data.lcdmaxy       lcd.o
    0x20000024   0x08007614   0x00000004   Data   RW         1255    .data.save_restore_AltFn_SPI1_MOSI_Pin.saved_AF  LCD_SPI.o
    0x20000028   0x08007618   0x00000001   Data   RW          332    .data.uwTickFreq    stm32f4xx_hal.o
    0x20000029   0x08007619   0x00000003   PAD
    0x2000002c   0x0800761c   0x00000004   Data   RW          331    .data.uwTickPrio    stm32f4xx_hal.o
    0x20000030        -       0x00000048   Zero   RW          105    .bss.EthHandle      stm32f4xx_it.o
    0x20000078        -       0x00000014   Zero   RW         1551    .bss.USART3_Info    USART_STM32F4xx.o
    0x2000008c        -       0x00000024   Zero   RW         1552    .bss.USART3_TransferInfo  USART_STM32F4xx.o
    0x200000b0        -       0x00000008   Zero   RW         1579    .bss.angle          main.o
    0x200000b8        -       0x00000008   Zero   RW         1583    .bss.angleToPrint   main.o
    0x200000c0        -       0x00000004   Zero   RW         1599    .bss.currentTransition  rotary_decoder.o
    0x200000c4        -       0x00000002   Zero   RW         1578    .bss.direction      main.o
    0x200000c6   0x08007620   0x00000002   PAD
    0x200000c8        -       0x00000004   Zero   RW         1637    .bss.displayPrintHandler.currentPrinter  display.o
    0x200000cc        -       0x00000001   Zero   RW         1577    .bss.fehler         main.o
    0x200000cd   0x08007620   0x00000003   PAD
    0x200000d0        -       0x00000040   Zero   RW         1286    .bss.htim4          LCD_TIM.o
    0x20000110        -       0x00000001   Zero   RW         1582    .bss.isReadyToPrint  main.o
    0x20000111   0x08007620   0x00000003   PAD
    0x20000114        -       0x00000004   Zero   RW         1601    .bss.lastActivity   rotary_decoder.o
    0x20000118        -       0x00000002   Zero   RW         1598    .bss.lastPhase      rotary_decoder.o
    0x2000011a   0x08007620   0x00000006   PAD
    0x20000120        -       0x00000008   Zero   RW         1581    .bss.lastPrintedAngle  main.o
    0x20000128        -       0x00000002   Zero   RW         1388    .bss.lcdColor       lcd.o
    0x2000012a   0x08007620   0x00000002   PAD
    0x2000012c        -       0x00000004   Zero   RW         1638    .bss.lcdValuePrinter.pos  display.o
    0x20000130        -       0x00000032   Zero   RW         1639    .bss.lcdValuePrinter.str  display.o
    0x20000162   0x08007620   0x00000002   PAD
    0x20000164        -       0x00000018   Zero   RW         1227    .bss.sTP_DEV        LCD_Touch.o
    0x2000017c   0x08007620   0x00000004   PAD
    0x20000180        -       0x00000008   Zero   RW         1580    .bss.speed          main.o
    0x20000188        -       0x00000004   Zero   RW         1600    .bss.time1          rotary_decoder.o
    0x2000018c        -       0x00000004   Zero   RW         1597    .bss.transitionCount  rotary_decoder.o
    0x20000190        -       0x00000004   Zero   RW          333    .bss.uwTick         stm32f4xx_hal.o
    0x20000194   0x08007620   0x00000004   PAD
    0x20000198        -       0x00000400   Zero   RW           61    STACK               startup_stm32f429xx.o


==============================================================================

Image component sizes


      Code (inc. data)   RO Data    RW Data    ZI Data      Debug   Object Name

       178          0         28          0          0       1208   LCD_Debug.o
      1254          0        103          0          0       4575   LCD_Driver.o
       422          0          0          0          0       2709   LCD_GPIO.o
      1022          0         82          0          0       6721   LCD_GUI.o
       612          0         82          4          0       5469   LCD_SPI.o
       368          0         82          0         64       6165   LCD_TIM.o
       410          0          0          0          0       3117   LCD_Tools.o
        92          0          0          0         24       6460   LCD_Touch.o
      8678         52        132          0         56      22521   USART_STM32F4xx.o
        36          0          0          0          0        816   buttons.o
       458          0         44          0         58       1733   display.o
       232          0          0          0          0       2444   error.o
         0          0          0          8          0       1906   fontsFLASH.o
       524          0          0          0          0       3903   init.o
       816          0          0         24          2       3893   lcd.o
       192          0          0          0          0       1737   led.o
       398          0          0          0         36       2094   main.o
      1006         24          0          0         18       2978   rotary_decoder.o
        36          8        428          0       1024       1016   startup_stm32f429xx.o
       174          0          0          0          0       1573   stdinout_USART.o
       264          0          0          5          4       7926   stm32f4xx_hal.o
       490          0          0          0          0       9987   stm32f4xx_hal_cortex.o
       234          0          0          0          0       8858   stm32f4xx_hal_dma.o
       218          0          0          0          0      16156   stm32f4xx_hal_eth.o
      1754          0          0          0          0       5575   stm32f4xx_hal_gpio.o
       190          0          0          0          0       4831   stm32f4xx_hal_pwr_ex.o
      2586          0          0          0          0       8112   stm32f4xx_hal_rcc.o
      1888         14          0          0          0      31930   stm32f4xx_hal_tim.o
       290          0          0          0          0      13184   stm32f4xx_hal_tim_ex.o
        48          0          0          0         72       4895   stm32f4xx_it.o
       110          0         24          4          0       2888   system_stm32f4xx.o
        66          0          0          0          0       2070   timer.o

    ----------------------------------------------------------------------
     25176         98       1040         48       1384     199450   Object Totals
         0          0         32          0          0          0   (incl. Generated)
       130          0          3          3         26          0   (incl. Padding)

    ----------------------------------------------------------------------

      Code (inc. data)   RO Data    RW Data    ZI Data      Debug   Library Member Name

         0          0          0          0          0          0   entry.o
         0          0          0          0          0          0   entry10a.o
         0          0          0          0          0          0   entry11a.o
         8          4          0          0          0          0   entry2.o
         4          0          0          0          0          0   entry5.o
         0          0          0          0          0          0   entry7b.o
         0          0          0          0          0          0   entry8b.o
         8          4          0          0          0          0   entry9a.o
        30          0          0          0          0          0   handlers.o
        48         10          0          0          0         68   init.o
         0          0          0          0          0          0   iusefp.o
        98          0          0          0          0         84   ldiv.o
        30          0          0          0          0         68   llshl.o
        36          0          0          0          0         68   llsshr.o
        32          0          0          0          0         68   llushr.o
        36          0          0          0          0        108   memseta.o
      2300         84          0          0          0        524   printfa.o
        14          0          0          0          0         68   strlen.o
        44          0          0          0          0         80   uidiv.o
        98          0          0          0          0         92   uldiv.o
        48          0          0          0          0         68   cdrcmple.o
       334          0          0          0          0        148   dadd.o
        56          0          0          0          0         80   dcmpeq.o
       222          0          0          0          0        100   ddiv.o
       186          0          0          0          0        176   depilogue.o
        48          0          0          0          0         68   dfixul.o
        34          0          0          0          0         76   dflti.o
        26          0          0          0          0         76   dfltui.o
       228          0          0          0          0         96   dmul.o

    ----------------------------------------------------------------------
      3972        102          0          0          0       2116   Library Totals
         4          0          0          0          0          0   (incl. Padding)

    ----------------------------------------------------------------------

      Code (inc. data)   RO Data    RW Data    ZI Data      Debug   Library Name

      2786        102          0          0          0       1228   mc_w.l
      1182          0          0          0          0        888   mf_w.l

    ----------------------------------------------------------------------
      3972        102          0          0          0       2116   Library Totals

    ----------------------------------------------------------------------

==============================================================================


      Code (inc. data)   RO Data    RW Data    ZI Data      Debug   

     29148        200       1040         48       1384     200098   Grand Totals
     29148        200       1040         48       1384     200098   ELF Image Totals
     29148        200       1040         48          0          0   ROM Totals

==============================================================================

    Total RO  Size (Code + RO Data)                30188 (  29.48kB)
    Total RW  Size (RW Data + ZI Data)              1432 (   1.40kB)
    Total ROM Size (Code + RO Data + RW Data)      30236 (  29.53kB)

==============================================================================

